bigint: Failed to load bindings, pure JS will be used (try npm run rebuild?)
{"at":"2026-10-03T22:43:46.198Z","event":"preflight","mint":"EKXPRCENhYVMA2jn4dQgMqZwaMcVgqL1WudhHyKU185s","wallet":"2LvenbX1TdhX8EbxGBmcZYiXuZFN4utA8QZY1UgGXwmZ","initialWalletLamports":446173140,"krakenSolUsdt":119.88,"maxBuyLamports":8341675,"targetTokenRaw":"161333391250","expectedBuyLamports":"8091423","immediateSellQuoteLamports":"7888475","targetProfitUsdt":"0.01","targetProfitLamports":"83417","sellNetworkFeeReserveLamports":"50000","curveRealQuoteLamports":"9927287935","extensions":[18,19]}
{"at":"2026-10-03T22:43:46.201Z","event":"building_buy_instructions"}
{"at":"2026-10-03T22:43:46.211Z","event":"buy_instructions_built","count":2}
{"at":"2026-10-03T22:43:46.374Z","event":"buy_simulation","err":null,"unitsConsumed":116860}
{"at":"2026-10-03T22:43:46.425Z","event":"buy_submitted","signature":"j6eTDjkv8WBQmaLFchjueorfrgjFxQNp9JWYpvvoazJkyAqLooo28Pxq7YuFsUMQrpjGHc59nTx1TMYweLYKEwK"}
{"at":"2026-10-03T22:43:48.648Z","event":"buy_confirmed","signature":"j6eTDjkv8WBQmaLFchjueorfrgjFxQNp9JWYpvvoazJkyAqLooo28Pxq7YuFsUMQrpjGHc59nTx1TMYweLYKEwK","slot":453071336,"feeLamports":45000,"walletBalanceBeforeLamports":446173140,"walletBalanceAfterLamports":436522877,"actualTradeSolLamports":"7991528"}
{"at":"2026-10-03T22:43:48.725Z","event":"position_open","signature":"j6eTDjkv8WBQmaLFchjueorfrgjFxQNp9JWYpvvoazJkyAqLooo28Pxq7YuFsUMQrpjGHc59nTx1TMYweLYKEwK","slot":453071336,"tokenRaw":"161333391250","buySolLamports":"7991528","buyEconomicCostLamports":"8136423","tokenAccountRentLamports":1513840,"requiredSellQuoteLamports":"8269840","walletSol":0.436522877}
{"at":"2026-10-03T22:43:48.870Z","event":"price_progress","elapsedSeconds":0,"expectedSellQuoteLamports":"7891632","expectedNetProfitLamports":"-294791","targetProfitLamports":"83417","requiredSellQuoteLamports":"8269840"}
{"at":"2026-10-03T22:43:54.051Z","event":"price_progress","elapsedSeconds":5,"expectedSellQuoteLamports":"7896712","expectedNetProfitLamports":"-289711","targetProfitLamports":"83417","requiredSellQuoteLamports":"8269840"}
{"at":"2026-10-03T22:43:59.211Z","event":"price_progress","elapsedSeconds":10,"expectedSellQuoteLamports":"7992459","expectedNetProfitLamports":"-193964","targetProfitLamports":"83417","requiredSellQuoteLamports":"8269840"}
{"at":"2026-10-03T22:44:04.529Z","event":"price_progress","elapsedSeconds":16,"expectedSellQuoteLamports":"8013613","expectedNetProfitLamports":"-172810","targetProfitLamports":"83417","requiredSellQuoteLamports":"8269840"}
{"at":"2026-10-03T22:44:09.694Z","event":"price_progress","elapsedSeconds":21,"expectedSellQuoteLamports":"8185741","expectedNetProfitLamports":"-682","targetProfitLamports":"83417","requiredSellQuoteLamports":"8269840"}
{"at":"2026-10-03T22:44:14.878Z","event":"price_progress","elapsedSeconds":26,"expectedSellQuoteLamports":"8121984","expectedNetProfitLamports":"-64439","targetProfitLamports":"83417","requiredSellQuoteLamports":"8269840"}
{"at":"2026-10-03T22:44:20.015Z","event":"price_progress","elapsedSeconds":31,"expectedSellQuoteLamports":"8131787","expectedNetProfitLamports":"-54636","targetProfitLamports":"83417","requiredSellQuoteLamports":"8269840"}
{"at":"2026-10-03T22:44:25.152Z","event":"price_progress","elapsedSeconds":36,"expectedSellQuoteLamports":"8131787","expectedNetProfitLamports":"-54636","targetProfitLamports":"83417","requiredSellQuoteLamports":"8269840"}
{"at":"2026-10-03T22:44:30.310Z","event":"price_progress","elapsedSeconds":42,"expectedSellQuoteLamports":"8291038","expectedNetProfitLamports":"104615","targetProfitLamports":"83417","requiredSellQuoteLamports":"8269840"}
{"at":"2026-10-03T22:44:30.311Z","event":"profit_target_reached","expectedSellQuoteLamports":"8291038","requiredSellQuoteLamports":"8269840"}
{"at":"2026-10-03T22:44:30.312Z","event":"sell_started","reason":"net_profit_target","requiredMinimumLamports":"8269840"}
{"at":"2026-10-03T22:44:30.450Z","event":"sell_quote","attempt":1,"tokenRaw":"161333391250","expectedLamports":"8291038","minimumLamports":"8269840","curveRealQuoteLamports":"10933495212"}
{"at":"2026-10-03T22:44:30.539Z","event":"sell_simulation","err":null,"unitsConsumed":84629}
{"at":"2026-10-03T22:44:30.607Z","event":"sell_submitted","signature":"RRHWoK8YjrLY5SqthfASTygmdb4gar6NuaQ3Mr3dsZqoRXLLLhB8PgZWkK1Ekq8c8mKJHqZxmap4dHqv2HBLBZ2"}
{"at":"2026-10-03T22:44:32.833Z","event":"sell_confirmed","signature":"RRHWoK8YjrLY5SqthfASTygmdb4gar6NuaQ3Mr3dsZqoRXLLLhB8PgZWkK1Ekq8c8mKJHqZxmap4dHqv2HBLBZ2","slot":453071499,"feeLamports":45000,"walletBalanceBeforeLamports":436522877,"walletBalanceAfterLamports":444768915,"actualTradeSolLamports":null}
{"at":"2026-10-03T22:44:32.917Z","event":"sell_result","signature":"RRHWoK8YjrLY5SqthfASTygmdb4gar6NuaQ3Mr3dsZqoRXLLLhB8PgZWkK1Ekq8c8mKJHqZxmap4dHqv2HBLBZ2","remainingTokenRaw":"0","walletSol":0.444768915}
{"at":"2026-10-03T22:44:32.960Z","event":"complete","buySignature":"j6eTDjkv8WBQmaLFchjueorfrgjFxQNp9JWYpvvoazJkyAqLooo28Pxq7YuFsUMQrpjGHc59nTx1TMYweLYKEwK","exitReason":"net_profit_target","finalWalletLamports":444768915}
