bigint: Failed to load bindings, pure JS will be used (try npm run rebuild?)
{"at":"2026-10-04T10:57:39.654Z","event":"preflight","mint":"Cbq36xHU7ynVrrwcAN75SDYkvCmLZRX5cwUPYmUJpump","wallet":"2LvenbX1TdhX8EbxGBmcZYiXuZFN4utA8QZY1UgGXwmZ","initialWalletLamports":406257026,"krakenSolUsdt":121.35,"maxBuyLamports":8240626,"targetTokenRaw":"220719468634","expectedBuyLamports":"7993406","immediateSellQuoteLamports":"7792409","targetProfitUsdt":"0.05","targetProfitLamports":"412032","sellNetworkFeeReserveLamports":"50000","curveRealQuoteLamports":"3927982736","extensions":[18,19]}
{"at":"2026-10-04T10:57:39.656Z","event":"building_buy_instructions"}
{"at":"2026-10-04T10:57:39.659Z","event":"buy_instructions_built","count":2}
{"at":"2026-10-04T10:57:39.747Z","event":"buy_simulation","err":null,"unitsConsumed":102892}
{"at":"2026-10-04T10:57:39.798Z","event":"buy_submitted","signature":"3TVpSP47WK4ZEZaaKUvW8D69AMXnifLjXXHaiZtd8xX6TgXAAHdQXzBbWavutNEqkyqAnaf95usYJk6XQnFo6UvJ"}
{"at":"2026-10-04T10:57:44.141Z","event":"buy_confirmed","signature":"3TVpSP47WK4ZEZaaKUvW8D69AMXnifLjXXHaiZtd8xX6TgXAAHdQXzBbWavutNEqkyqAnaf95usYJk6XQnFo6UvJ","slot":453236152,"feeLamports":45000,"walletBalanceBeforeLamports":406257026,"walletBalanceAfterLamports":396692847,"actualTradeSolLamports":"7906507"}
{"at":"2026-10-04T10:57:44.283Z","event":"position_open","signature":"3TVpSP47WK4ZEZaaKUvW8D69AMXnifLjXXHaiZtd8xX6TgXAAHdQXzBbWavutNEqkyqAnaf95usYJk6XQnFo6UvJ","slot":453236152,"tokenRaw":"220719468634","buySolLamports":"7906507","buyEconomicCostLamports":"8050339","tokenAccountRentLamports":1513840,"requiredSellQuoteLamports":"8512371","walletSol":0.396692847}
{"at":"2026-10-04T10:57:44.408Z","event":"price_progress","elapsedSeconds":0,"expectedSellQuoteLamports":"7807674","expectedNetProfitLamports":"-292665","targetProfitLamports":"412032","requiredSellQuoteLamports":"8512371"}
{"at":"2026-10-04T10:57:49.542Z","event":"price_progress","elapsedSeconds":5,"expectedSellQuoteLamports":"8061566","expectedNetProfitLamports":"-38773","targetProfitLamports":"412032","requiredSellQuoteLamports":"8512371"}
{"at":"2026-10-04T10:57:54.758Z","event":"price_progress","elapsedSeconds":10,"expectedSellQuoteLamports":"8061566","expectedNetProfitLamports":"-38773","targetProfitLamports":"412032","requiredSellQuoteLamports":"8512371"}
{"at":"2026-10-04T10:57:59.936Z","event":"price_progress","elapsedSeconds":16,"expectedSellQuoteLamports":"6410410","expectedNetProfitLamports":"-1689929","targetProfitLamports":"412032","requiredSellQuoteLamports":"8512371"}
{"at":"2026-10-04T10:58:05.077Z","event":"price_progress","elapsedSeconds":21,"expectedSellQuoteLamports":"6275546","expectedNetProfitLamports":"-1824793","targetProfitLamports":"412032","requiredSellQuoteLamports":"8512371"}
{"at":"2026-10-04T10:58:10.270Z","event":"price_progress","elapsedSeconds":26,"expectedSellQuoteLamports":"6275546","expectedNetProfitLamports":"-1824793","targetProfitLamports":"412032","requiredSellQuoteLamports":"8512371"}
{"at":"2026-10-04T10:58:15.473Z","event":"price_progress","elapsedSeconds":31,"expectedSellQuoteLamports":"6275546","expectedNetProfitLamports":"-1824793","targetProfitLamports":"412032","requiredSellQuoteLamports":"8512371"}
{"at":"2026-10-04T10:58:20.611Z","event":"price_progress","elapsedSeconds":36,"expectedSellQuoteLamports":"6325992","expectedNetProfitLamports":"-1774347","targetProfitLamports":"412032","requiredSellQuoteLamports":"8512371"}
{"at":"2026-10-04T10:58:25.741Z","event":"price_progress","elapsedSeconds":41,"expectedSellQuoteLamports":"6325992","expectedNetProfitLamports":"-1774347","targetProfitLamports":"412032","requiredSellQuoteLamports":"8512371"}
{"at":"2026-10-04T10:58:30.897Z","event":"price_progress","elapsedSeconds":47,"expectedSellQuoteLamports":"6292769","expectedNetProfitLamports":"-1807570","targetProfitLamports":"412032","requiredSellQuoteLamports":"8512371"}
{"at":"2026-10-04T10:58:36.023Z","event":"price_progress","elapsedSeconds":52,"expectedSellQuoteLamports":"6292769","expectedNetProfitLamports":"-1807570","targetProfitLamports":"412032","requiredSellQuoteLamports":"8512371"}
{"at":"2026-10-04T10:58:41.206Z","event":"price_progress","elapsedSeconds":57,"expectedSellQuoteLamports":"6292769","expectedNetProfitLamports":"-1807570","targetProfitLamports":"412032","requiredSellQuoteLamports":"8512371"}
{"at":"2026-10-04T10:58:46.353Z","event":"price_progress","elapsedSeconds":62,"expectedSellQuoteLamports":"6292769","expectedNetProfitLamports":"-1807570","targetProfitLamports":"412032","requiredSellQuoteLamports":"8512371"}
{"at":"2026-10-04T10:58:51.548Z","event":"price_progress","elapsedSeconds":67,"expectedSellQuoteLamports":"6292769","expectedNetProfitLamports":"-1807570","targetProfitLamports":"412032","requiredSellQuoteLamports":"8512371"}
{"at":"2026-10-04T10:58:56.725Z","event":"price_progress","elapsedSeconds":72,"expectedSellQuoteLamports":"6292769","expectedNetProfitLamports":"-1807570","targetProfitLamports":"412032","requiredSellQuoteLamports":"8512371"}
{"at":"2026-10-04T10:59:01.866Z","event":"price_progress","elapsedSeconds":78,"expectedSellQuoteLamports":"6292769","expectedNetProfitLamports":"-1807570","targetProfitLamports":"412032","requiredSellQuoteLamports":"8512371"}
{"at":"2026-10-04T10:59:07.188Z","event":"price_progress","elapsedSeconds":83,"expectedSellQuoteLamports":"6292769","expectedNetProfitLamports":"-1807570","targetProfitLamports":"412032","requiredSellQuoteLamports":"8512371"}
{"at":"2026-10-04T10:59:12.342Z","event":"price_progress","elapsedSeconds":88,"expectedSellQuoteLamports":"6292769","expectedNetProfitLamports":"-1807570","targetProfitLamports":"412032","requiredSellQuoteLamports":"8512371"}
{"at":"2026-10-04T10:59:17.474Z","event":"price_progress","elapsedSeconds":93,"expectedSellQuoteLamports":"6292769","expectedNetProfitLamports":"-1807570","targetProfitLamports":"412032","requiredSellQuoteLamports":"8512371"}
{"at":"2026-10-04T10:59:22.667Z","event":"price_progress","elapsedSeconds":98,"expectedSellQuoteLamports":"6292769","expectedNetProfitLamports":"-1807570","targetProfitLamports":"412032","requiredSellQuoteLamports":"8512371"}
{"at":"2026-10-04T10:59:27.848Z","event":"price_progress","elapsedSeconds":104,"expectedSellQuoteLamports":"6291918","expectedNetProfitLamports":"-1808421","targetProfitLamports":"412032","requiredSellQuoteLamports":"8512371"}
{"at":"2026-10-04T10:59:33.026Z","event":"price_progress","elapsedSeconds":109,"expectedSellQuoteLamports":"6291918","expectedNetProfitLamports":"-1808421","targetProfitLamports":"412032","requiredSellQuoteLamports":"8512371"}
{"at":"2026-10-04T10:59:38.253Z","event":"price_progress","elapsedSeconds":114,"expectedSellQuoteLamports":"6291918","expectedNetProfitLamports":"-1808421","targetProfitLamports":"412032","requiredSellQuoteLamports":"8512371"}
{"at":"2026-10-04T10:59:43.442Z","event":"price_progress","elapsedSeconds":119,"expectedSellQuoteLamports":"6291918","expectedNetProfitLamports":"-1808421","targetProfitLamports":"412032","requiredSellQuoteLamports":"8512371"}
{"at":"2026-10-04T10:59:48.704Z","event":"price_progress","elapsedSeconds":124,"expectedSellQuoteLamports":"6291918","expectedNetProfitLamports":"-1808421","targetProfitLamports":"412032","requiredSellQuoteLamports":"8512371"}
{"at":"2026-10-04T10:59:53.923Z","event":"price_progress","elapsedSeconds":130,"expectedSellQuoteLamports":"6291918","expectedNetProfitLamports":"-1808421","targetProfitLamports":"412032","requiredSellQuoteLamports":"8512371"}
{"at":"2026-10-04T10:59:59.054Z","event":"price_progress","elapsedSeconds":135,"expectedSellQuoteLamports":"6291918","expectedNetProfitLamports":"-1808421","targetProfitLamports":"412032","requiredSellQuoteLamports":"8512371"}
{"at":"2026-10-04T11:00:04.197Z","event":"price_progress","elapsedSeconds":140,"expectedSellQuoteLamports":"6291918","expectedNetProfitLamports":"-1808421","targetProfitLamports":"412032","requiredSellQuoteLamports":"8512371"}
{"at":"2026-10-04T11:00:09.331Z","event":"price_progress","elapsedSeconds":145,"expectedSellQuoteLamports":"6291918","expectedNetProfitLamports":"-1808421","targetProfitLamports":"412032","requiredSellQuoteLamports":"8512371"}
{"at":"2026-10-04T11:00:14.470Z","event":"price_progress","elapsedSeconds":150,"expectedSellQuoteLamports":"6291918","expectedNetProfitLamports":"-1808421","targetProfitLamports":"412032","requiredSellQuoteLamports":"8512371"}
{"at":"2026-10-04T11:00:19.644Z","event":"price_progress","elapsedSeconds":155,"expectedSellQuoteLamports":"6291918","expectedNetProfitLamports":"-1808421","targetProfitLamports":"412032","requiredSellQuoteLamports":"8512371"}
{"at":"2026-10-04T11:00:24.772Z","event":"price_progress","elapsedSeconds":160,"expectedSellQuoteLamports":"6291918","expectedNetProfitLamports":"-1808421","targetProfitLamports":"412032","requiredSellQuoteLamports":"8512371"}
{"at":"2026-10-04T11:00:30.017Z","event":"price_progress","elapsedSeconds":166,"expectedSellQuoteLamports":"6291918","expectedNetProfitLamports":"-1808421","targetProfitLamports":"412032","requiredSellQuoteLamports":"8512371"}
{"at":"2026-10-04T11:00:35.182Z","event":"price_progress","elapsedSeconds":171,"expectedSellQuoteLamports":"6291918","expectedNetProfitLamports":"-1808421","targetProfitLamports":"412032","requiredSellQuoteLamports":"8512371"}
{"at":"2026-10-04T11:00:40.327Z","event":"price_progress","elapsedSeconds":176,"expectedSellQuoteLamports":"6291918","expectedNetProfitLamports":"-1808421","targetProfitLamports":"412032","requiredSellQuoteLamports":"8512371"}
{"at":"2026-10-04T11:00:45.469Z","event":"price_progress","elapsedSeconds":181,"expectedSellQuoteLamports":"6291918","expectedNetProfitLamports":"-1808421","targetProfitLamports":"412032","requiredSellQuoteLamports":"8512371"}
{"at":"2026-10-04T11:00:50.641Z","event":"price_progress","elapsedSeconds":186,"expectedSellQuoteLamports":"6291918","expectedNetProfitLamports":"-1808421","targetProfitLamports":"412032","requiredSellQuoteLamports":"8512371"}
{"at":"2026-10-04T11:00:55.761Z","event":"price_progress","elapsedSeconds":191,"expectedSellQuoteLamports":"6291918","expectedNetProfitLamports":"-1808421","targetProfitLamports":"412032","requiredSellQuoteLamports":"8512371"}
{"at":"2026-10-04T11:01:00.935Z","event":"price_progress","elapsedSeconds":197,"expectedSellQuoteLamports":"6291918","expectedNetProfitLamports":"-1808421","targetProfitLamports":"412032","requiredSellQuoteLamports":"8512371"}
{"at":"2026-10-04T11:01:06.119Z","event":"price_progress","elapsedSeconds":202,"expectedSellQuoteLamports":"6291918","expectedNetProfitLamports":"-1808421","targetProfitLamports":"412032","requiredSellQuoteLamports":"8512371"}
{"at":"2026-10-04T11:01:11.262Z","event":"price_progress","elapsedSeconds":207,"expectedSellQuoteLamports":"6291918","expectedNetProfitLamports":"-1808421","targetProfitLamports":"412032","requiredSellQuoteLamports":"8512371"}
{"at":"2026-10-04T11:01:16.464Z","event":"price_progress","elapsedSeconds":212,"expectedSellQuoteLamports":"6291918","expectedNetProfitLamports":"-1808421","targetProfitLamports":"412032","requiredSellQuoteLamports":"8512371"}
{"at":"2026-10-04T11:01:21.636Z","event":"price_progress","elapsedSeconds":217,"expectedSellQuoteLamports":"6291918","expectedNetProfitLamports":"-1808421","targetProfitLamports":"412032","requiredSellQuoteLamports":"8512371"}
{"at":"2026-10-04T11:01:26.770Z","event":"price_progress","elapsedSeconds":222,"expectedSellQuoteLamports":"6291918","expectedNetProfitLamports":"-1808421","targetProfitLamports":"412032","requiredSellQuoteLamports":"8512371"}
{"at":"2026-10-04T11:01:31.917Z","event":"price_progress","elapsedSeconds":228,"expectedSellQuoteLamports":"6291918","expectedNetProfitLamports":"-1808421","targetProfitLamports":"412032","requiredSellQuoteLamports":"8512371"}
{"at":"2026-10-04T11:01:37.114Z","event":"price_progress","elapsedSeconds":233,"expectedSellQuoteLamports":"6291918","expectedNetProfitLamports":"-1808421","targetProfitLamports":"412032","requiredSellQuoteLamports":"8512371"}
{"at":"2026-10-04T11:01:42.297Z","event":"price_progress","elapsedSeconds":238,"expectedSellQuoteLamports":"6291918","expectedNetProfitLamports":"-1808421","targetProfitLamports":"412032","requiredSellQuoteLamports":"8512371"}
{"at":"2026-10-04T11:01:47.489Z","event":"price_progress","elapsedSeconds":243,"expectedSellQuoteLamports":"6291918","expectedNetProfitLamports":"-1808421","targetProfitLamports":"412032","requiredSellQuoteLamports":"8512371"}
{"at":"2026-10-04T11:01:52.636Z","event":"price_progress","elapsedSeconds":248,"expectedSellQuoteLamports":"6291918","expectedNetProfitLamports":"-1808421","targetProfitLamports":"412032","requiredSellQuoteLamports":"8512371"}
{"at":"2026-10-04T11:01:57.816Z","event":"price_progress","elapsedSeconds":254,"expectedSellQuoteLamports":"6291918","expectedNetProfitLamports":"-1808421","targetProfitLamports":"412032","requiredSellQuoteLamports":"8512371"}
{"at":"2026-10-04T11:02:02.993Z","event":"price_progress","elapsedSeconds":259,"expectedSellQuoteLamports":"6291918","expectedNetProfitLamports":"-1808421","targetProfitLamports":"412032","requiredSellQuoteLamports":"8512371"}
{"at":"2026-10-04T11:02:08.130Z","event":"price_progress","elapsedSeconds":264,"expectedSellQuoteLamports":"6291918","expectedNetProfitLamports":"-1808421","targetProfitLamports":"412032","requiredSellQuoteLamports":"8512371"}
{"at":"2026-10-04T11:02:13.294Z","event":"price_progress","elapsedSeconds":269,"expectedSellQuoteLamports":"6291918","expectedNetProfitLamports":"-1808421","targetProfitLamports":"412032","requiredSellQuoteLamports":"8512371"}
{"at":"2026-10-04T11:02:18.440Z","event":"price_progress","elapsedSeconds":274,"expectedSellQuoteLamports":"6291918","expectedNetProfitLamports":"-1808421","targetProfitLamports":"412032","requiredSellQuoteLamports":"8512371"}
{"at":"2026-10-04T11:02:23.644Z","event":"price_progress","elapsedSeconds":279,"expectedSellQuoteLamports":"6291918","expectedNetProfitLamports":"-1808421","targetProfitLamports":"412032","requiredSellQuoteLamports":"8512371"}
{"at":"2026-10-04T11:02:28.813Z","event":"price_progress","elapsedSeconds":285,"expectedSellQuoteLamports":"6291918","expectedNetProfitLamports":"-1808421","targetProfitLamports":"412032","requiredSellQuoteLamports":"8512371"}
{"at":"2026-10-04T11:02:33.948Z","event":"price_progress","elapsedSeconds":290,"expectedSellQuoteLamports":"6291918","expectedNetProfitLamports":"-1808421","targetProfitLamports":"412032","requiredSellQuoteLamports":"8512371"}
{"at":"2026-10-04T11:02:39.135Z","event":"price_progress","elapsedSeconds":295,"expectedSellQuoteLamports":"6291918","expectedNetProfitLamports":"-1808421","targetProfitLamports":"412032","requiredSellQuoteLamports":"8512371"}
{"at":"2026-10-04T11:02:44.286Z","event":"price_progress","elapsedSeconds":300,"expectedSellQuoteLamports":"6291918","expectedNetProfitLamports":"-1808421","targetProfitLamports":"412032","requiredSellQuoteLamports":"8512371"}
{"at":"2026-10-04T11:02:49.289Z","event":"sell_started","reason":"max_hold_5_minutes","requiredMinimumLamports":null}
{"at":"2026-10-04T11:02:49.438Z","event":"sell_quote","attempt":1,"tokenRaw":"220719468634","expectedLamports":"6291918","minimumLamports":"5662726","curveRealQuoteLamports":"486568699"}
{"at":"2026-10-04T11:02:49.518Z","event":"sell_simulation","err":null,"unitsConsumed":71940}
{"at":"2026-10-04T11:02:49.561Z","event":"sell_submitted","signature":"4CQmUtKmD8qHwdwkeM2LdaWVUhaErUUpeX9SkKRXm324gRVeDcaumPQquHLneTNS55RopKxhUZDP5CyfasRUaL7g"}
{"at":"2026-10-04T11:02:51.715Z","event":"sell_confirmed","signature":"4CQmUtKmD8qHwdwkeM2LdaWVUhaErUUpeX9SkKRXm324gRVeDcaumPQquHLneTNS55RopKxhUZDP5CyfasRUaL7g","slot":453237300,"feeLamports":45000,"walletBalanceBeforeLamports":396692847,"walletBalanceAfterLamports":402939765,"actualTradeSolLamports":null}
{"at":"2026-10-04T11:02:51.811Z","event":"sell_result","signature":"4CQmUtKmD8qHwdwkeM2LdaWVUhaErUUpeX9SkKRXm324gRVeDcaumPQquHLneTNS55RopKxhUZDP5CyfasRUaL7g","remainingTokenRaw":"0","walletSol":0.402939765}
{"at":"2026-10-04T11:02:51.848Z","event":"complete","buySignature":"3TVpSP47WK4ZEZaaKUvW8D69AMXnifLjXXHaiZtd8xX6TgXAAHdQXzBbWavutNEqkyqAnaf95usYJk6XQnFo6UvJ","exitReason":"max_hold_5_minutes","finalWalletLamports":402939765}
