bigint: Failed to load bindings, pure JS will be used (try npm run rebuild?)
{"at":"2026-10-04T10:25:38.018Z","event":"preflight","mint":"HKEZKN1ev8hD2utDdefpcujufTwALCsVvdRcJXwGpump","wallet":"2LvenbX1TdhX8EbxGBmcZYiXuZFN4utA8QZY1UgGXwmZ","initialWalletLamports":420861924,"krakenSolUsdt":121.4,"maxBuyLamports":8237232,"targetTokenRaw":"227287252210","expectedBuyLamports":"7990114","immediateSellQuoteLamports":"7789147","targetProfitUsdt":"0.05","targetProfitLamports":"411862","sellNetworkFeeReserveLamports":"50000","curveRealQuoteLamports":"3427249769","extensions":[18,19]}
{"at":"2026-10-04T10:25:38.019Z","event":"building_buy_instructions"}
{"at":"2026-10-04T10:25:38.026Z","event":"buy_instructions_built","count":2}
{"at":"2026-10-04T10:25:38.102Z","event":"buy_simulation","err":null,"unitsConsumed":114060}
{"at":"2026-10-04T10:25:38.147Z","event":"buy_submitted","signature":"43zoVkSwd749ja5iTzvty93DV9cKbyBVTZw3Rc1FhCuNp95DxhGGQKuuUd4EWcxNS78a6GaDwkbCqhMdrTtTNR99"}
{"at":"2026-10-04T10:25:40.351Z","event":"buy_confirmed","signature":"43zoVkSwd749ja5iTzvty93DV9cKbyBVTZw3Rc1FhCuNp95DxhGGQKuuUd4EWcxNS78a6GaDwkbCqhMdrTtTNR99","slot":453228932,"feeLamports":45000,"walletBalanceBeforeLamports":420861924,"walletBalanceAfterLamports":411312970,"actualTradeSolLamports":"7891470"}
{"at":"2026-10-04T10:25:40.435Z","event":"position_open","signature":"43zoVkSwd749ja5iTzvty93DV9cKbyBVTZw3Rc1FhCuNp95DxhGGQKuuUd4EWcxNS78a6GaDwkbCqhMdrTtTNR99","slot":453228932,"tokenRaw":"227287252210","buySolLamports":"7891470","buyEconomicCostLamports":"8035114","tokenAccountRentLamports":1513840,"requiredSellQuoteLamports":"8496976","walletSol":0.41131297}
{"at":"2026-10-04T10:25:40.535Z","event":"price_progress","elapsedSeconds":0,"expectedSellQuoteLamports":"7945089","expectedNetProfitLamports":"-140025","targetProfitLamports":"411862","requiredSellQuoteLamports":"8496976"}
{"at":"2026-10-04T10:25:45.706Z","event":"price_progress","elapsedSeconds":5,"expectedSellQuoteLamports":"7645320","expectedNetProfitLamports":"-439794","targetProfitLamports":"411862","requiredSellQuoteLamports":"8496976"}
{"at":"2026-10-04T10:25:50.861Z","event":"price_progress","elapsedSeconds":10,"expectedSellQuoteLamports":"7645320","expectedNetProfitLamports":"-439794","targetProfitLamports":"411862","requiredSellQuoteLamports":"8496976"}
{"at":"2026-10-04T10:25:56.053Z","event":"price_progress","elapsedSeconds":16,"expectedSellQuoteLamports":"7399618","expectedNetProfitLamports":"-685496","targetProfitLamports":"411862","requiredSellQuoteLamports":"8496976"}
{"at":"2026-10-04T10:26:01.235Z","event":"price_progress","elapsedSeconds":21,"expectedSellQuoteLamports":"7392833","expectedNetProfitLamports":"-692281","targetProfitLamports":"411862","requiredSellQuoteLamports":"8496976"}
{"at":"2026-10-04T10:26:06.509Z","event":"price_progress","elapsedSeconds":26,"expectedSellQuoteLamports":"7293098","expectedNetProfitLamports":"-792016","targetProfitLamports":"411862","requiredSellQuoteLamports":"8496976"}
{"at":"2026-10-04T10:26:11.674Z","event":"price_progress","elapsedSeconds":31,"expectedSellQuoteLamports":"7293098","expectedNetProfitLamports":"-792016","targetProfitLamports":"411862","requiredSellQuoteLamports":"8496976"}
{"at":"2026-10-04T10:26:16.841Z","event":"price_progress","elapsedSeconds":36,"expectedSellQuoteLamports":"7293098","expectedNetProfitLamports":"-792016","targetProfitLamports":"411862","requiredSellQuoteLamports":"8496976"}
{"at":"2026-10-04T10:26:22.022Z","event":"price_progress","elapsedSeconds":42,"expectedSellQuoteLamports":"7293098","expectedNetProfitLamports":"-792016","targetProfitLamports":"411862","requiredSellQuoteLamports":"8496976"}
{"at":"2026-10-04T10:26:27.163Z","event":"price_progress","elapsedSeconds":47,"expectedSellQuoteLamports":"7293098","expectedNetProfitLamports":"-792016","targetProfitLamports":"411862","requiredSellQuoteLamports":"8496976"}
{"at":"2026-10-04T10:26:32.342Z","event":"price_progress","elapsedSeconds":52,"expectedSellQuoteLamports":"7296769","expectedNetProfitLamports":"-788345","targetProfitLamports":"411862","requiredSellQuoteLamports":"8496976"}
{"at":"2026-10-04T10:26:37.476Z","event":"price_progress","elapsedSeconds":57,"expectedSellQuoteLamports":"7296769","expectedNetProfitLamports":"-788345","targetProfitLamports":"411862","requiredSellQuoteLamports":"8496976"}
{"at":"2026-10-04T10:26:42.686Z","event":"price_progress","elapsedSeconds":62,"expectedSellQuoteLamports":"7296769","expectedNetProfitLamports":"-788345","targetProfitLamports":"411862","requiredSellQuoteLamports":"8496976"}
{"at":"2026-10-04T10:26:47.867Z","event":"price_progress","elapsedSeconds":67,"expectedSellQuoteLamports":"7296769","expectedNetProfitLamports":"-788345","targetProfitLamports":"411862","requiredSellQuoteLamports":"8496976"}
{"at":"2026-10-04T10:26:53.029Z","event":"price_progress","elapsedSeconds":73,"expectedSellQuoteLamports":"7296769","expectedNetProfitLamports":"-788345","targetProfitLamports":"411862","requiredSellQuoteLamports":"8496976"}
{"at":"2026-10-04T10:26:58.171Z","event":"price_progress","elapsedSeconds":78,"expectedSellQuoteLamports":"7296769","expectedNetProfitLamports":"-788345","targetProfitLamports":"411862","requiredSellQuoteLamports":"8496976"}
{"at":"2026-10-04T10:27:03.315Z","event":"price_progress","elapsedSeconds":83,"expectedSellQuoteLamports":"7296769","expectedNetProfitLamports":"-788345","targetProfitLamports":"411862","requiredSellQuoteLamports":"8496976"}
{"at":"2026-10-04T10:27:08.481Z","event":"price_progress","elapsedSeconds":88,"expectedSellQuoteLamports":"7296769","expectedNetProfitLamports":"-788345","targetProfitLamports":"411862","requiredSellQuoteLamports":"8496976"}
{"at":"2026-10-04T10:27:13.660Z","event":"price_progress","elapsedSeconds":93,"expectedSellQuoteLamports":"7296769","expectedNetProfitLamports":"-788345","targetProfitLamports":"411862","requiredSellQuoteLamports":"8496976"}
{"at":"2026-10-04T10:27:18.848Z","event":"price_progress","elapsedSeconds":98,"expectedSellQuoteLamports":"7296769","expectedNetProfitLamports":"-788345","targetProfitLamports":"411862","requiredSellQuoteLamports":"8496976"}
{"at":"2026-10-04T10:27:23.988Z","event":"price_progress","elapsedSeconds":104,"expectedSellQuoteLamports":"7316828","expectedNetProfitLamports":"-768286","targetProfitLamports":"411862","requiredSellQuoteLamports":"8496976"}
{"at":"2026-10-04T10:27:29.185Z","event":"price_progress","elapsedSeconds":109,"expectedSellQuoteLamports":"7316828","expectedNetProfitLamports":"-768286","targetProfitLamports":"411862","requiredSellQuoteLamports":"8496976"}
{"at":"2026-10-04T10:27:34.402Z","event":"price_progress","elapsedSeconds":114,"expectedSellQuoteLamports":"7300831","expectedNetProfitLamports":"-784283","targetProfitLamports":"411862","requiredSellQuoteLamports":"8496976"}
{"at":"2026-10-04T10:27:39.559Z","event":"price_progress","elapsedSeconds":119,"expectedSellQuoteLamports":"7300831","expectedNetProfitLamports":"-784283","targetProfitLamports":"411862","requiredSellQuoteLamports":"8496976"}
{"at":"2026-10-04T10:27:44.701Z","event":"price_progress","elapsedSeconds":124,"expectedSellQuoteLamports":"7300831","expectedNetProfitLamports":"-784283","targetProfitLamports":"411862","requiredSellQuoteLamports":"8496976"}
{"at":"2026-10-04T10:27:49.845Z","event":"price_progress","elapsedSeconds":129,"expectedSellQuoteLamports":"7300831","expectedNetProfitLamports":"-784283","targetProfitLamports":"411862","requiredSellQuoteLamports":"8496976"}
{"at":"2026-10-04T10:27:54.984Z","event":"price_progress","elapsedSeconds":135,"expectedSellQuoteLamports":"7300831","expectedNetProfitLamports":"-784283","targetProfitLamports":"411862","requiredSellQuoteLamports":"8496976"}
{"at":"2026-10-04T10:28:00.166Z","event":"price_progress","elapsedSeconds":140,"expectedSellQuoteLamports":"7300831","expectedNetProfitLamports":"-784283","targetProfitLamports":"411862","requiredSellQuoteLamports":"8496976"}
{"at":"2026-10-04T10:28:05.345Z","event":"price_progress","elapsedSeconds":145,"expectedSellQuoteLamports":"7300831","expectedNetProfitLamports":"-784283","targetProfitLamports":"411862","requiredSellQuoteLamports":"8496976"}
{"at":"2026-10-04T10:28:10.573Z","event":"price_progress","elapsedSeconds":150,"expectedSellQuoteLamports":"7300831","expectedNetProfitLamports":"-784283","targetProfitLamports":"411862","requiredSellQuoteLamports":"8496976"}
{"at":"2026-10-04T10:28:15.754Z","event":"price_progress","elapsedSeconds":155,"expectedSellQuoteLamports":"7300831","expectedNetProfitLamports":"-784283","targetProfitLamports":"411862","requiredSellQuoteLamports":"8496976"}
{"at":"2026-10-04T10:28:20.934Z","event":"price_progress","elapsedSeconds":160,"expectedSellQuoteLamports":"7300831","expectedNetProfitLamports":"-784283","targetProfitLamports":"411862","requiredSellQuoteLamports":"8496976"}
{"at":"2026-10-04T10:28:26.202Z","event":"price_progress","elapsedSeconds":166,"expectedSellQuoteLamports":"7300831","expectedNetProfitLamports":"-784283","targetProfitLamports":"411862","requiredSellQuoteLamports":"8496976"}
{"at":"2026-10-04T10:28:31.334Z","event":"price_progress","elapsedSeconds":171,"expectedSellQuoteLamports":"7300831","expectedNetProfitLamports":"-784283","targetProfitLamports":"411862","requiredSellQuoteLamports":"8496976"}
{"at":"2026-10-04T10:28:36.518Z","event":"price_progress","elapsedSeconds":176,"expectedSellQuoteLamports":"7300831","expectedNetProfitLamports":"-784283","targetProfitLamports":"411862","requiredSellQuoteLamports":"8496976"}
{"at":"2026-10-04T10:28:41.749Z","event":"price_progress","elapsedSeconds":181,"expectedSellQuoteLamports":"7209375","expectedNetProfitLamports":"-875739","targetProfitLamports":"411862","requiredSellQuoteLamports":"8496976"}
{"at":"2026-10-04T10:28:46.922Z","event":"price_progress","elapsedSeconds":186,"expectedSellQuoteLamports":"7209375","expectedNetProfitLamports":"-875739","targetProfitLamports":"411862","requiredSellQuoteLamports":"8496976"}
{"at":"2026-10-04T10:28:52.103Z","event":"price_progress","elapsedSeconds":192,"expectedSellQuoteLamports":"7209375","expectedNetProfitLamports":"-875739","targetProfitLamports":"411862","requiredSellQuoteLamports":"8496976"}
{"at":"2026-10-04T10:28:57.244Z","event":"price_progress","elapsedSeconds":197,"expectedSellQuoteLamports":"7209375","expectedNetProfitLamports":"-875739","targetProfitLamports":"411862","requiredSellQuoteLamports":"8496976"}
{"at":"2026-10-04T10:29:02.424Z","event":"price_progress","elapsedSeconds":202,"expectedSellQuoteLamports":"7209375","expectedNetProfitLamports":"-875739","targetProfitLamports":"411862","requiredSellQuoteLamports":"8496976"}
{"at":"2026-10-04T10:29:07.683Z","event":"price_progress","elapsedSeconds":207,"expectedSellQuoteLamports":"7205771","expectedNetProfitLamports":"-879343","targetProfitLamports":"411862","requiredSellQuoteLamports":"8496976"}
{"at":"2026-10-04T10:29:12.930Z","event":"price_progress","elapsedSeconds":212,"expectedSellQuoteLamports":"7205771","expectedNetProfitLamports":"-879343","targetProfitLamports":"411862","requiredSellQuoteLamports":"8496976"}
{"at":"2026-10-04T10:29:18.127Z","event":"price_progress","elapsedSeconds":218,"expectedSellQuoteLamports":"7205771","expectedNetProfitLamports":"-879343","targetProfitLamports":"411862","requiredSellQuoteLamports":"8496976"}
{"at":"2026-10-04T10:29:23.353Z","event":"price_progress","elapsedSeconds":223,"expectedSellQuoteLamports":"7205771","expectedNetProfitLamports":"-879343","targetProfitLamports":"411862","requiredSellQuoteLamports":"8496976"}
{"at":"2026-10-04T10:29:28.557Z","event":"price_progress","elapsedSeconds":228,"expectedSellQuoteLamports":"7158008","expectedNetProfitLamports":"-927106","targetProfitLamports":"411862","requiredSellQuoteLamports":"8496976"}
{"at":"2026-10-04T10:29:33.740Z","event":"price_progress","elapsedSeconds":233,"expectedSellQuoteLamports":"7158008","expectedNetProfitLamports":"-927106","targetProfitLamports":"411862","requiredSellQuoteLamports":"8496976"}
{"at":"2026-10-04T10:29:38.884Z","event":"price_progress","elapsedSeconds":238,"expectedSellQuoteLamports":"7158008","expectedNetProfitLamports":"-927106","targetProfitLamports":"411862","requiredSellQuoteLamports":"8496976"}
{"at":"2026-10-04T10:29:44.086Z","event":"price_progress","elapsedSeconds":244,"expectedSellQuoteLamports":"7158008","expectedNetProfitLamports":"-927106","targetProfitLamports":"411862","requiredSellQuoteLamports":"8496976"}
{"at":"2026-10-04T10:29:49.275Z","event":"price_progress","elapsedSeconds":249,"expectedSellQuoteLamports":"7158008","expectedNetProfitLamports":"-927106","targetProfitLamports":"411862","requiredSellQuoteLamports":"8496976"}
{"at":"2026-10-04T10:29:54.518Z","event":"price_progress","elapsedSeconds":254,"expectedSellQuoteLamports":"7158008","expectedNetProfitLamports":"-927106","targetProfitLamports":"411862","requiredSellQuoteLamports":"8496976"}
{"at":"2026-10-04T10:29:59.698Z","event":"price_progress","elapsedSeconds":259,"expectedSellQuoteLamports":"7158008","expectedNetProfitLamports":"-927106","targetProfitLamports":"411862","requiredSellQuoteLamports":"8496976"}
{"at":"2026-10-04T10:30:04.875Z","event":"price_progress","elapsedSeconds":264,"expectedSellQuoteLamports":"7158008","expectedNetProfitLamports":"-927106","targetProfitLamports":"411862","requiredSellQuoteLamports":"8496976"}
{"at":"2026-10-04T10:30:10.076Z","event":"price_progress","elapsedSeconds":270,"expectedSellQuoteLamports":"7158008","expectedNetProfitLamports":"-927106","targetProfitLamports":"411862","requiredSellQuoteLamports":"8496976"}
{"at":"2026-10-04T10:30:15.293Z","event":"price_progress","elapsedSeconds":275,"expectedSellQuoteLamports":"7158008","expectedNetProfitLamports":"-927106","targetProfitLamports":"411862","requiredSellQuoteLamports":"8496976"}
{"at":"2026-10-04T10:30:20.482Z","event":"price_progress","elapsedSeconds":280,"expectedSellQuoteLamports":"7158008","expectedNetProfitLamports":"-927106","targetProfitLamports":"411862","requiredSellQuoteLamports":"8496976"}
{"at":"2026-10-04T10:30:25.633Z","event":"price_progress","elapsedSeconds":285,"expectedSellQuoteLamports":"7158008","expectedNetProfitLamports":"-927106","targetProfitLamports":"411862","requiredSellQuoteLamports":"8496976"}
{"at":"2026-10-04T10:30:30.909Z","event":"price_progress","elapsedSeconds":290,"expectedSellQuoteLamports":"7158008","expectedNetProfitLamports":"-927106","targetProfitLamports":"411862","requiredSellQuoteLamports":"8496976"}
{"at":"2026-10-04T10:30:36.149Z","event":"price_progress","elapsedSeconds":296,"expectedSellQuoteLamports":"7158008","expectedNetProfitLamports":"-927106","targetProfitLamports":"411862","requiredSellQuoteLamports":"8496976"}
{"at":"2026-10-04T10:30:41.156Z","event":"sell_started","reason":"max_hold_5_minutes","requiredMinimumLamports":null}
{"at":"2026-10-04T10:30:41.366Z","event":"sell_quote","attempt":1,"tokenRaw":"227287252210","expectedLamports":"7158008","minimumLamports":"6442207","curveRealQuoteLamports":"2044215306"}
{"at":"2026-10-04T10:30:41.469Z","event":"sell_simulation","err":null,"unitsConsumed":81581}
{"at":"2026-10-04T10:30:41.561Z","event":"sell_submitted","signature":"Xs5QUTAfpS5XVz6WxNyTUBjaPi64VESt9nhGEAbZvxEQ9tJMbtBqckB6RXdDgPLpXiSmwfWtN6FWo3xHpM2AURM"}
{"at":"2026-10-04T10:30:45.838Z","event":"sell_confirmed","signature":"Xs5QUTAfpS5XVz6WxNyTUBjaPi64VESt9nhGEAbZvxEQ9tJMbtBqckB6RXdDgPLpXiSmwfWtN6FWo3xHpM2AURM","slot":453230088,"feeLamports":45000,"walletBalanceBeforeLamports":411312970,"walletBalanceAfterLamports":418425978,"actualTradeSolLamports":null}
{"at":"2026-10-04T10:30:45.912Z","event":"sell_result","signature":"Xs5QUTAfpS5XVz6WxNyTUBjaPi64VESt9nhGEAbZvxEQ9tJMbtBqckB6RXdDgPLpXiSmwfWtN6FWo3xHpM2AURM","remainingTokenRaw":"0","walletSol":0.418425978}
{"at":"2026-10-04T10:30:45.950Z","event":"complete","buySignature":"43zoVkSwd749ja5iTzvty93DV9cKbyBVTZw3Rc1FhCuNp95DxhGGQKuuUd4EWcxNS78a6GaDwkbCqhMdrTtTNR99","exitReason":"max_hold_5_minutes","finalWalletLamports":418425978}
