bigint: Failed to load bindings, pure JS will be used (try npm run rebuild?)
{"at":"2026-10-04T10:50:57.173Z","event":"preflight","mint":"BQgvrXhbCgTG94DG4UToJY4Ggv1mmXRKw72z4eb9pump","wallet":"2LvenbX1TdhX8EbxGBmcZYiXuZFN4utA8QZY1UgGXwmZ","initialWalletLamports":410029920,"krakenSolUsdt":121.39,"maxBuyLamports":8237910,"targetTokenRaw":"210817817314","expectedBuyLamports":"7990772","immediateSellQuoteLamports":"7789923","targetProfitUsdt":"0.05","targetProfitLamports":"411896","sellNetworkFeeReserveLamports":"50000","curveRealQuoteLamports":"4709973075","extensions":[18,19]}
{"at":"2026-10-04T10:50:57.175Z","event":"building_buy_instructions"}
{"at":"2026-10-04T10:50:57.181Z","event":"buy_instructions_built","count":2}
{"at":"2026-10-04T10:50:57.261Z","event":"buy_simulation","err":null,"unitsConsumed":122338}
{"at":"2026-10-04T10:50:57.340Z","event":"buy_submitted","signature":"5iRpc16DexuYPwSKLwEXdw65x2tRJo7q1Cwp31pDTzsDosYPmvtptPyQZdCEb8VzYojT68AJ5KY8mcUWW4aR94up"}
{"at":"2026-10-04T10:50:59.507Z","event":"buy_confirmed","signature":"5iRpc16DexuYPwSKLwEXdw65x2tRJo7q1Cwp31pDTzsDosYPmvtptPyQZdCEb8VzYojT68AJ5KY8mcUWW4aR94up","slot":453234622,"feeLamports":45000,"walletBalanceBeforeLamports":410029920,"walletBalanceAfterLamports":400480308,"actualTradeSolLamports":"7892119"}
{"at":"2026-10-04T10:50:59.581Z","event":"position_open","signature":"5iRpc16DexuYPwSKLwEXdw65x2tRJo7q1Cwp31pDTzsDosYPmvtptPyQZdCEb8VzYojT68AJ5KY8mcUWW4aR94up","slot":453234622,"tokenRaw":"210817817314","buySolLamports":"7892119","buyEconomicCostLamports":"8035772","tokenAccountRentLamports":1513840,"requiredSellQuoteLamports":"8497668","walletSol":0.400480308}
{"at":"2026-10-04T10:50:59.738Z","event":"price_progress","elapsedSeconds":0,"expectedSellQuoteLamports":"7797863","expectedNetProfitLamports":"-287909","targetProfitLamports":"411896","requiredSellQuoteLamports":"8497668"}
{"at":"2026-10-04T10:51:04.878Z","event":"price_progress","elapsedSeconds":5,"expectedSellQuoteLamports":"7797863","expectedNetProfitLamports":"-287909","targetProfitLamports":"411896","requiredSellQuoteLamports":"8497668"}
{"at":"2026-10-04T10:51:10.028Z","event":"price_progress","elapsedSeconds":10,"expectedSellQuoteLamports":"7819831","expectedNetProfitLamports":"-265941","targetProfitLamports":"411896","requiredSellQuoteLamports":"8497668"}
{"at":"2026-10-04T10:51:15.220Z","event":"price_progress","elapsedSeconds":16,"expectedSellQuoteLamports":"7819831","expectedNetProfitLamports":"-265941","targetProfitLamports":"411896","requiredSellQuoteLamports":"8497668"}
{"at":"2026-10-04T10:51:20.420Z","event":"price_progress","elapsedSeconds":21,"expectedSellQuoteLamports":"7819831","expectedNetProfitLamports":"-265941","targetProfitLamports":"411896","requiredSellQuoteLamports":"8497668"}
{"at":"2026-10-04T10:51:25.579Z","event":"price_progress","elapsedSeconds":26,"expectedSellQuoteLamports":"7819831","expectedNetProfitLamports":"-265941","targetProfitLamports":"411896","requiredSellQuoteLamports":"8497668"}
{"at":"2026-10-04T10:51:30.748Z","event":"price_progress","elapsedSeconds":31,"expectedSellQuoteLamports":"7815415","expectedNetProfitLamports":"-270357","targetProfitLamports":"411896","requiredSellQuoteLamports":"8497668"}
{"at":"2026-10-04T10:51:35.882Z","event":"price_progress","elapsedSeconds":36,"expectedSellQuoteLamports":"7638684","expectedNetProfitLamports":"-447088","targetProfitLamports":"411896","requiredSellQuoteLamports":"8497668"}
{"at":"2026-10-04T10:51:41.008Z","event":"price_progress","elapsedSeconds":41,"expectedSellQuoteLamports":"7638684","expectedNetProfitLamports":"-447088","targetProfitLamports":"411896","requiredSellQuoteLamports":"8497668"}
{"at":"2026-10-04T10:51:46.182Z","event":"price_progress","elapsedSeconds":47,"expectedSellQuoteLamports":"7638684","expectedNetProfitLamports":"-447088","targetProfitLamports":"411896","requiredSellQuoteLamports":"8497668"}
{"at":"2026-10-04T10:51:51.348Z","event":"price_progress","elapsedSeconds":52,"expectedSellQuoteLamports":"7638684","expectedNetProfitLamports":"-447088","targetProfitLamports":"411896","requiredSellQuoteLamports":"8497668"}
{"at":"2026-10-04T10:51:56.496Z","event":"price_progress","elapsedSeconds":57,"expectedSellQuoteLamports":"7638684","expectedNetProfitLamports":"-447088","targetProfitLamports":"411896","requiredSellQuoteLamports":"8497668"}
{"at":"2026-10-04T10:52:01.641Z","event":"price_progress","elapsedSeconds":62,"expectedSellQuoteLamports":"7638684","expectedNetProfitLamports":"-447088","targetProfitLamports":"411896","requiredSellQuoteLamports":"8497668"}
{"at":"2026-10-04T10:52:06.829Z","event":"price_progress","elapsedSeconds":67,"expectedSellQuoteLamports":"7638684","expectedNetProfitLamports":"-447088","targetProfitLamports":"411896","requiredSellQuoteLamports":"8497668"}
{"at":"2026-10-04T10:52:12.014Z","event":"price_progress","elapsedSeconds":72,"expectedSellQuoteLamports":"7638684","expectedNetProfitLamports":"-447088","targetProfitLamports":"411896","requiredSellQuoteLamports":"8497668"}
{"at":"2026-10-04T10:52:17.162Z","event":"price_progress","elapsedSeconds":78,"expectedSellQuoteLamports":"7638684","expectedNetProfitLamports":"-447088","targetProfitLamports":"411896","requiredSellQuoteLamports":"8497668"}
{"at":"2026-10-04T10:52:22.318Z","event":"price_progress","elapsedSeconds":83,"expectedSellQuoteLamports":"7638684","expectedNetProfitLamports":"-447088","targetProfitLamports":"411896","requiredSellQuoteLamports":"8497668"}
{"at":"2026-10-04T10:52:27.478Z","event":"price_progress","elapsedSeconds":88,"expectedSellQuoteLamports":"7638684","expectedNetProfitLamports":"-447088","targetProfitLamports":"411896","requiredSellQuoteLamports":"8497668"}
{"at":"2026-10-04T10:52:32.660Z","event":"price_progress","elapsedSeconds":93,"expectedSellQuoteLamports":"7643031","expectedNetProfitLamports":"-442741","targetProfitLamports":"411896","requiredSellQuoteLamports":"8497668"}
{"at":"2026-10-04T10:52:37.831Z","event":"price_progress","elapsedSeconds":98,"expectedSellQuoteLamports":"7643031","expectedNetProfitLamports":"-442741","targetProfitLamports":"411896","requiredSellQuoteLamports":"8497668"}
{"at":"2026-10-04T10:52:43.010Z","event":"price_progress","elapsedSeconds":103,"expectedSellQuoteLamports":"7643031","expectedNetProfitLamports":"-442741","targetProfitLamports":"411896","requiredSellQuoteLamports":"8497668"}
{"at":"2026-10-04T10:52:48.166Z","event":"price_progress","elapsedSeconds":109,"expectedSellQuoteLamports":"7730213","expectedNetProfitLamports":"-355559","targetProfitLamports":"411896","requiredSellQuoteLamports":"8497668"}
{"at":"2026-10-04T10:52:53.313Z","event":"price_progress","elapsedSeconds":114,"expectedSellQuoteLamports":"7730213","expectedNetProfitLamports":"-355559","targetProfitLamports":"411896","requiredSellQuoteLamports":"8497668"}
{"at":"2026-10-04T10:52:58.464Z","event":"price_progress","elapsedSeconds":119,"expectedSellQuoteLamports":"7730213","expectedNetProfitLamports":"-355559","targetProfitLamports":"411896","requiredSellQuoteLamports":"8497668"}
{"at":"2026-10-04T10:53:03.608Z","event":"price_progress","elapsedSeconds":124,"expectedSellQuoteLamports":"7730213","expectedNetProfitLamports":"-355559","targetProfitLamports":"411896","requiredSellQuoteLamports":"8497668"}
{"at":"2026-10-04T10:53:08.752Z","event":"price_progress","elapsedSeconds":129,"expectedSellQuoteLamports":"7730213","expectedNetProfitLamports":"-355559","targetProfitLamports":"411896","requiredSellQuoteLamports":"8497668"}
{"at":"2026-10-04T10:53:13.910Z","event":"price_progress","elapsedSeconds":134,"expectedSellQuoteLamports":"7730213","expectedNetProfitLamports":"-355559","targetProfitLamports":"411896","requiredSellQuoteLamports":"8497668"}
{"at":"2026-10-04T10:53:19.116Z","event":"price_progress","elapsedSeconds":140,"expectedSellQuoteLamports":"6005795","expectedNetProfitLamports":"-2079977","targetProfitLamports":"411896","requiredSellQuoteLamports":"8497668"}
{"at":"2026-10-04T10:53:24.265Z","event":"price_progress","elapsedSeconds":145,"expectedSellQuoteLamports":"6005795","expectedNetProfitLamports":"-2079977","targetProfitLamports":"411896","requiredSellQuoteLamports":"8497668"}
{"at":"2026-10-04T10:53:29.452Z","event":"price_progress","elapsedSeconds":150,"expectedSellQuoteLamports":"5858913","expectedNetProfitLamports":"-2226859","targetProfitLamports":"411896","requiredSellQuoteLamports":"8497668"}
{"at":"2026-10-04T10:53:34.602Z","event":"price_progress","elapsedSeconds":155,"expectedSellQuoteLamports":"5858913","expectedNetProfitLamports":"-2226859","targetProfitLamports":"411896","requiredSellQuoteLamports":"8497668"}
{"at":"2026-10-04T10:53:39.756Z","event":"price_progress","elapsedSeconds":160,"expectedSellQuoteLamports":"5858913","expectedNetProfitLamports":"-2226859","targetProfitLamports":"411896","requiredSellQuoteLamports":"8497668"}
{"at":"2026-10-04T10:53:44.901Z","event":"price_progress","elapsedSeconds":165,"expectedSellQuoteLamports":"5858913","expectedNetProfitLamports":"-2226859","targetProfitLamports":"411896","requiredSellQuoteLamports":"8497668"}
{"at":"2026-10-04T10:53:50.148Z","event":"price_progress","elapsedSeconds":171,"expectedSellQuoteLamports":"5858913","expectedNetProfitLamports":"-2226859","targetProfitLamports":"411896","requiredSellQuoteLamports":"8497668"}
{"at":"2026-10-04T10:53:55.280Z","event":"price_progress","elapsedSeconds":176,"expectedSellQuoteLamports":"5858913","expectedNetProfitLamports":"-2226859","targetProfitLamports":"411896","requiredSellQuoteLamports":"8497668"}
{"at":"2026-10-04T10:54:00.423Z","event":"price_progress","elapsedSeconds":181,"expectedSellQuoteLamports":"5858913","expectedNetProfitLamports":"-2226859","targetProfitLamports":"411896","requiredSellQuoteLamports":"8497668"}
{"at":"2026-10-04T10:54:05.604Z","event":"price_progress","elapsedSeconds":186,"expectedSellQuoteLamports":"5858913","expectedNetProfitLamports":"-2226859","targetProfitLamports":"411896","requiredSellQuoteLamports":"8497668"}
{"at":"2026-10-04T10:54:10.788Z","event":"price_progress","elapsedSeconds":191,"expectedSellQuoteLamports":"5858913","expectedNetProfitLamports":"-2226859","targetProfitLamports":"411896","requiredSellQuoteLamports":"8497668"}
{"at":"2026-10-04T10:54:15.924Z","event":"price_progress","elapsedSeconds":196,"expectedSellQuoteLamports":"5858913","expectedNetProfitLamports":"-2226859","targetProfitLamports":"411896","requiredSellQuoteLamports":"8497668"}
{"at":"2026-10-04T10:54:21.169Z","event":"price_progress","elapsedSeconds":202,"expectedSellQuoteLamports":"5858913","expectedNetProfitLamports":"-2226859","targetProfitLamports":"411896","requiredSellQuoteLamports":"8497668"}
{"at":"2026-10-04T10:54:26.333Z","event":"price_progress","elapsedSeconds":207,"expectedSellQuoteLamports":"5858913","expectedNetProfitLamports":"-2226859","targetProfitLamports":"411896","requiredSellQuoteLamports":"8497668"}
{"at":"2026-10-04T10:54:31.509Z","event":"price_progress","elapsedSeconds":212,"expectedSellQuoteLamports":"5858913","expectedNetProfitLamports":"-2226859","targetProfitLamports":"411896","requiredSellQuoteLamports":"8497668"}
{"at":"2026-10-04T10:54:36.657Z","event":"price_progress","elapsedSeconds":217,"expectedSellQuoteLamports":"5858913","expectedNetProfitLamports":"-2226859","targetProfitLamports":"411896","requiredSellQuoteLamports":"8497668"}
{"at":"2026-10-04T10:54:41.825Z","event":"price_progress","elapsedSeconds":222,"expectedSellQuoteLamports":"5824609","expectedNetProfitLamports":"-2261163","targetProfitLamports":"411896","requiredSellQuoteLamports":"8497668"}
{"at":"2026-10-04T10:54:46.958Z","event":"price_progress","elapsedSeconds":227,"expectedSellQuoteLamports":"5824609","expectedNetProfitLamports":"-2261163","targetProfitLamports":"411896","requiredSellQuoteLamports":"8497668"}
{"at":"2026-10-04T10:54:52.118Z","event":"price_progress","elapsedSeconds":233,"expectedSellQuoteLamports":"5824609","expectedNetProfitLamports":"-2261163","targetProfitLamports":"411896","requiredSellQuoteLamports":"8497668"}
{"at":"2026-10-04T10:54:57.308Z","event":"price_progress","elapsedSeconds":238,"expectedSellQuoteLamports":"5824609","expectedNetProfitLamports":"-2261163","targetProfitLamports":"411896","requiredSellQuoteLamports":"8497668"}
{"at":"2026-10-04T10:55:02.442Z","event":"price_progress","elapsedSeconds":243,"expectedSellQuoteLamports":"5824609","expectedNetProfitLamports":"-2261163","targetProfitLamports":"411896","requiredSellQuoteLamports":"8497668"}
{"at":"2026-10-04T10:55:07.616Z","event":"price_progress","elapsedSeconds":248,"expectedSellQuoteLamports":"5824609","expectedNetProfitLamports":"-2261163","targetProfitLamports":"411896","requiredSellQuoteLamports":"8497668"}
{"at":"2026-10-04T10:55:12.788Z","event":"price_progress","elapsedSeconds":253,"expectedSellQuoteLamports":"5824609","expectedNetProfitLamports":"-2261163","targetProfitLamports":"411896","requiredSellQuoteLamports":"8497668"}
{"at":"2026-10-04T10:55:17.951Z","event":"price_progress","elapsedSeconds":258,"expectedSellQuoteLamports":"5824609","expectedNetProfitLamports":"-2261163","targetProfitLamports":"411896","requiredSellQuoteLamports":"8497668"}
{"at":"2026-10-04T10:55:23.103Z","event":"price_progress","elapsedSeconds":264,"expectedSellQuoteLamports":"5824609","expectedNetProfitLamports":"-2261163","targetProfitLamports":"411896","requiredSellQuoteLamports":"8497668"}
{"at":"2026-10-04T10:55:28.235Z","event":"price_progress","elapsedSeconds":269,"expectedSellQuoteLamports":"5824609","expectedNetProfitLamports":"-2261163","targetProfitLamports":"411896","requiredSellQuoteLamports":"8497668"}
{"at":"2026-10-04T10:55:33.367Z","event":"price_progress","elapsedSeconds":274,"expectedSellQuoteLamports":"5824609","expectedNetProfitLamports":"-2261163","targetProfitLamports":"411896","requiredSellQuoteLamports":"8497668"}
{"at":"2026-10-04T10:55:38.576Z","event":"price_progress","elapsedSeconds":279,"expectedSellQuoteLamports":"5824609","expectedNetProfitLamports":"-2261163","targetProfitLamports":"411896","requiredSellQuoteLamports":"8497668"}
{"at":"2026-10-04T10:55:43.702Z","event":"price_progress","elapsedSeconds":284,"expectedSellQuoteLamports":"5824609","expectedNetProfitLamports":"-2261163","targetProfitLamports":"411896","requiredSellQuoteLamports":"8497668"}
{"at":"2026-10-04T10:55:48.834Z","event":"price_progress","elapsedSeconds":289,"expectedSellQuoteLamports":"5821718","expectedNetProfitLamports":"-2264054","targetProfitLamports":"411896","requiredSellQuoteLamports":"8497668"}
{"at":"2026-10-04T10:55:53.965Z","event":"price_progress","elapsedSeconds":294,"expectedSellQuoteLamports":"5821718","expectedNetProfitLamports":"-2264054","targetProfitLamports":"411896","requiredSellQuoteLamports":"8497668"}
{"at":"2026-10-04T10:55:59.131Z","event":"price_progress","elapsedSeconds":300,"expectedSellQuoteLamports":"5821718","expectedNetProfitLamports":"-2264054","targetProfitLamports":"411896","requiredSellQuoteLamports":"8497668"}
{"at":"2026-10-04T10:56:04.134Z","event":"sell_started","reason":"max_hold_5_minutes","requiredMinimumLamports":null}
{"at":"2026-10-04T10:56:04.294Z","event":"sell_quote","attempt":1,"tokenRaw":"210817817314","expectedLamports":"5821718","minimumLamports":"5239546","curveRealQuoteLamports":"5895434"}
{"at":"2026-10-04T10:56:04.400Z","event":"sell_simulation","err":null,"unitsConsumed":95904}
{"at":"2026-10-04T10:56:04.436Z","event":"sell_submitted","signature":"4gWkjZvjgmCwvY6yQwFTyBtAEwpy4bbcnDvPL6JxEGuzb1nNfQ2DHmifvqsDzENXNqwKh7E7wqzW41HhMSAe6tg8"}
{"at":"2026-10-04T10:56:06.633Z","event":"sell_confirmed","signature":"4gWkjZvjgmCwvY6yQwFTyBtAEwpy4bbcnDvPL6JxEGuzb1nNfQ2DHmifvqsDzENXNqwKh7E7wqzW41HhMSAe6tg8","slot":453235780,"feeLamports":45000,"walletBalanceBeforeLamports":400480308,"walletBalanceAfterLamports":406257026,"actualTradeSolLamports":null}
{"at":"2026-10-04T10:56:06.721Z","event":"sell_result","signature":"4gWkjZvjgmCwvY6yQwFTyBtAEwpy4bbcnDvPL6JxEGuzb1nNfQ2DHmifvqsDzENXNqwKh7E7wqzW41HhMSAe6tg8","remainingTokenRaw":"0","walletSol":0.406257026}
{"at":"2026-10-04T10:56:06.754Z","event":"complete","buySignature":"5iRpc16DexuYPwSKLwEXdw65x2tRJo7q1Cwp31pDTzsDosYPmvtptPyQZdCEb8VzYojT68AJ5KY8mcUWW4aR94up","exitReason":"max_hold_5_minutes","finalWalletLamports":406257026}
