bigint: Failed to load bindings, pure JS will be used (try npm run rebuild?)
{"at":"2026-10-03T20:55:08.246Z","event":"preflight","mint":"8jgc9VFikDoUkUjGxnssQJepTpQwk5i68ZyHNnhspAd","wallet":"2LvenbX1TdhX8EbxGBmcZYiXuZFN4utA8QZY1UgGXwmZ","initialWalletLamports":444357980,"krakenSolUsdt":119.74,"maxBuyLamports":8351428,"targetTokenRaw":"116344338454","expectedBuyLamports":"8100885","immediateSellQuoteLamports":"7898174","curveRealQuoteLamports":"17045666278","extensions":[18,19]}
{"at":"2026-10-03T20:55:08.251Z","event":"building_buy_instructions"}
{"at":"2026-10-03T20:55:08.256Z","event":"buy_instructions_built","count":2}
{"at":"2026-10-03T20:55:08.347Z","event":"buy_simulation","err":null,"unitsConsumed":108762}
{"at":"2026-10-03T20:55:08.401Z","event":"buy_submitted","signature":"2bd2e8TDEGD73YTgH2ne7EvJNoKGsbFXLLZoqKkwwJN3esMREWkrXJQHxZ8nAak8TRzWP9Bqpu64ucpsdcyuU4e8"}
{"at":"2026-10-03T20:55:10.621Z","event":"buy_confirmed","signature":"2bd2e8TDEGD73YTgH2ne7EvJNoKGsbFXLLZoqKkwwJN3esMREWkrXJQHxZ8nAak8TRzWP9Bqpu64ucpsdcyuU4e8","slot":453047052,"feeLamports":45000,"walletBalanceBeforeLamports":444357980,"walletBalanceAfterLamports":434698255,"actualTradeSolLamports":"8000873"}
{"at":"2026-10-03T20:55:10.726Z","event":"position_open","signature":"2bd2e8TDEGD73YTgH2ne7EvJNoKGsbFXLLZoqKkwwJN3esMREWkrXJQHxZ8nAak8TRzWP9Bqpu64ucpsdcyuU4e8","slot":453047052,"tokenRaw":"116344338454","buySolLamports":"8000873","walletSol":0.434698255}
{"at":"2026-10-03T20:55:10.767Z","event":"hold_progress","elapsedSeconds":0,"qualifyingFinalizedSales":0,"pendingSignals":0}
{"at":"2026-10-03T20:55:22.760Z","event":"external_sale_finalized","ordinal":1,"seller":"5QY3MBvLEsP4xjE4SNYJYPuwvJgoBUrDnvSaZUNsNHZT","signature":"3WNYDzwgxjBgfEqhVfMShboDnGBU6GNicG8DfZ8oyPcW3cNjWTdhfDqE7Jxy3gCQvPfBueXw9vU9WcB2C3sUvnGL","slot":453047066,"solAmountLamports":"185412664","ownBuySolLamports":"8000873","suffixBytes":24}
{"at":"2026-10-03T20:55:25.722Z","event":"external_sale_finalized","ordinal":2,"seller":"CcSZshpmQSUMy4GNYxWFph36MJFSuvjyf63ntZZC7xwR","signature":"5Kw5M6UMinozYqZDdk4RetJe8ThnDuYTGCcxGTRs4e6MqTvxwCRRfmfs51q6CB5eo1uMYV77e7Rrb8tYLfbqgk3x","slot":453047078,"solAmountLamports":"14991161","ownBuySolLamports":"8000873","suffixBytes":24}
{"at":"2026-10-03T20:55:25.905Z","event":"hold_progress","elapsedSeconds":15,"qualifyingFinalizedSales":2,"pendingSignals":4}
{"at":"2026-10-03T20:55:27.149Z","event":"external_sale_finalized","ordinal":3,"seller":"2Kqbmk2ncKrnNthmiNXNo5F5fdNRTNw8S1aAHUKFCqYq","signature":"5Rh9KGgVmumxvPsupTdsxizdG1WkEHxoV5v5qTGaZNBgNTqhVG8AuNnEJx2AQPvz6EVcLQ1H68H8ezKGaqH5U951","slot":453047083,"solAmountLamports":"836343054","ownBuySolLamports":"8000873","suffixBytes":24}
{"at":"2026-10-03T20:55:27.199Z","event":"external_sale_finalized","ordinal":4,"seller":"4KQGocKQW25nJ8xT9GPNW5Uqy2t7eFs2NzwcXqiyuY1X","signature":"67mwPUp4Xc3pQnDsrKQKvGZdcnpGfdSMMh2HEs4dwHXgzVmQXmdH6ta2LMi5MNenrvDQuECM5f2GCRcZ89MXaPyx","slot":453047083,"solAmountLamports":"147342454","ownBuySolLamports":"8000873","suffixBytes":24}
{"at":"2026-10-03T20:55:27.245Z","event":"external_sale_finalized","ordinal":5,"seller":"hv1Svd5VUR1ns5rAQxLZp8mCqcbhTnbc6qM3ZpRLE3Z","signature":"5EE8etBrfC7y1PN9Z39GBXDMus5e865BQ5uysDdikCZTVCXaCpjVbGqv5wfyQVpqZerHfS6AuQuZEnNco41WvgpK","slot":453047083,"solAmountLamports":"74855247","ownBuySolLamports":"8000873","suffixBytes":24}
{"at":"2026-10-03T20:55:27.301Z","event":"external_sale_finalized","ordinal":6,"seller":"CcSZshpmQSUMy4GNYxWFph36MJFSuvjyf63ntZZC7xwR","signature":"Y7iQKjEmFpy7ih6VjqWs4SRahhGizJ2gxnCnKJV19oe2NTehRDfU3Ah5w6ejGLWQFNyH4LJv4fTJe42LBY4ZXUX","slot":453047086,"solAmountLamports":"14991057","ownBuySolLamports":"8000873","suffixBytes":24}
{"at":"2026-10-03T20:55:27.302Z","event":"sell_started","reason":"three_external_sales_each_above_our_buy","qualifyingSales":6}
{"at":"2026-10-03T20:55:27.447Z","event":"sell_quote","attempt":1,"tokenRaw":"116344338454","expectedLamports":"7955477","minimumLamports":"7159929","curveRealQuoteLamports":"17216034097"}
{"at":"2026-10-03T20:55:27.535Z","event":"sell_simulation","err":null,"unitsConsumed":83903}
{"at":"2026-10-03T20:55:27.572Z","event":"sell_submitted","signature":"5w2d46LwDiXwqcFTM2r4cU1716sQS7sTjczEDhjh9wRiw5KA6gUB42s2mkDohdAmNZohSND6ywdQbSrka6tmcGmb"}
{"at":"2026-10-03T20:55:29.790Z","event":"sell_confirmed","signature":"5w2d46LwDiXwqcFTM2r4cU1716sQS7sTjczEDhjh9wRiw5KA6gUB42s2mkDohdAmNZohSND6ywdQbSrka6tmcGmb","slot":453047120,"feeLamports":45000,"walletBalanceBeforeLamports":434698255,"walletBalanceAfterLamports":442608732,"actualTradeSolLamports":null}
{"at":"2026-10-03T20:55:29.866Z","event":"sell_result","signature":"5w2d46LwDiXwqcFTM2r4cU1716sQS7sTjczEDhjh9wRiw5KA6gUB42s2mkDohdAmNZohSND6ywdQbSrka6tmcGmb","remainingTokenRaw":"0","walletSol":0.442608732}
{"at":"2026-10-03T20:55:29.900Z","event":"complete","buySignature":"2bd2e8TDEGD73YTgH2ne7EvJNoKGsbFXLLZoqKkwwJN3esMREWkrXJQHxZ8nAak8TRzWP9Bqpu64ucpsdcyuU4e8","qualifyingFinalizedSales":6,"finalWalletLamports":442608732}
