bigint: Failed to load bindings, pure JS will be used (try npm run rebuild?)
{"at":"2026-10-03T18:17:32.817Z","event":"sniff_started","maxTokens":15,"timeoutSeconds":120}
{"at":"2026-10-03T18:17:33.396Z","event":"pumpfun_create","index":1,"mint":"BxdLusGH7PGa7LX1aeV3mhM8Sp15YUfYaqUr4NDsgi7H","signature":"5SPMSzFPwimtgXPqrgKKikhhG3HsQDsD6ya2Sk5spVPmeCZkfzGkf2thMzCmek4XcT1ZGmQT1gNer67JZ9Nj7MGe","slot":453011766,"suffixBytes":9}
{"at":"2026-10-03T18:17:33.650Z","event":"pumpfun_create","index":2,"mint":"8PQzDtKUxVwZQB9p25cSb7xbPiadR3je4Kwr3mWKgpTt","signature":"3wUc9vPZs91Z1VzwNBtPhB6r6Zy97fewYJSqtbE4N4Aq2TaZs7tiBtB9kDexMNgXw5Y8TsfiwcsGKiDhJZfMYSPm","slot":453011767,"suffixBytes":9}
{"at":"2026-10-03T18:17:33.651Z","event":"pumpfun_create","index":3,"mint":"4QnNx3uZZ26dLQfDAw2847zmhdnMYtiXXqFAw68yBus6","signature":"2xazaMq1qCDvZoDtqDsGAmSiTAcQ1Bk1VwunyUUSmhg8VoxQWat9pwtttkxYKWsZHeT9sPZMNquxi3r4oK1ewcuH","slot":453011767,"suffixBytes":9}
{"at":"2026-10-03T18:17:33.652Z","event":"pumpfun_create","index":4,"mint":"B9papc5D1V4kyF8shELGqVV5sFiv5ETptLaviPajuivy","signature":"64hwjW75BYaNgaV8RjgGwFgufiN376gjaf6rRGTAxNdmCjUy4tGz67CXvEm8i4MMCDGHyFMLpNurcVuoUbX4L7BB","slot":453011767,"suffixBytes":9}
{"at":"2026-10-03T18:17:33.652Z","event":"pumpfun_create","index":5,"mint":"FWk3jvQ1GE1hicdz88HEPjY89gw2DN8cv6F6X9LbVh6u","signature":"2Cb9Bsk8A2ThGamFCNm3S6tWMXKdEJco6HYbYWAiJRRQqXuLGoL3xkuZGb7G8LKrkFK4Atg9erW6uewB5yPZxnwe","slot":453011767,"suffixBytes":9}
{"at":"2026-10-03T18:17:33.659Z","event":"pumpfun_create","index":6,"mint":"oD46q4bRGzrzckTJ9TnxHqTR5o8MYwwuPAXdznhVft3","signature":"jFM2Eeh6BoD4wd4Kwagn9jY1kmLaBVMvXa7itgNYEd47TkHtTYapCtSQRYLFen6F98DAP4cxx1h38jn1miAdV6k","slot":453011767,"suffixBytes":9}
{"at":"2026-10-03T18:17:33.914Z","event":"pumpfun_create","index":7,"mint":"CB3WpqGYgVvUQz7KPGvHSwEAHP5XPkwNW7KhP7mw9ERk","signature":"5RHDFnmV7RCwMTspk5sgtZs5nCFSCHKoQ2oRZ6MEGxYxo4HDiT2tKydFtA5vkYxjgZZ7d9Y2Z6Lz1WGrVvGYSeBN","slot":453011768,"suffixBytes":9}
{"at":"2026-10-03T18:17:33.915Z","event":"pumpfun_create","index":8,"mint":"5ajz5fBH7K9ep8ZqbD8anUzndRaqZ1HWjMvKjbAfnJR9","signature":"3fGjjMe4iYC4RzWRNVphd3MmT9WMrqrfqCXH5FN6FpErCmooznhNLASfg34uZCmJ73GnXXAxBh1zU8bVcMdKz4jH","slot":453011768,"suffixBytes":9}
{"at":"2026-10-03T18:17:33.916Z","event":"pumpfun_create","index":9,"mint":"GscZu2akYzgJQUrY7JLk3kCFkm2TYpGhSUa9QvndMZDJ","signature":"2MBT1V3NZ19WvWQtSenGmr5Ed1137ELngM1zrFPsSBmFNUBJTS9ibj7Y9H31zZJy9T1YSwy3CqU7YkNJ8Q83Nsun","slot":453011768,"suffixBytes":9}
{"at":"2026-10-03T18:17:33.916Z","event":"pumpfun_create","index":10,"mint":"8BSvrzHaFK9fWVBwczD6SerWLxS8uLF6YiLuQ993tkJ4","signature":"3EfHGJvmbqBG5SoU3Q9hbtg33iaszPBfd5KjCDpzUrhWMnLWPjs7yn9rHKWV7dnTmYjyo1rNRe7cZ2fRpN1yyJtT","slot":453011768,"suffixBytes":9}
{"at":"2026-10-03T18:17:33.917Z","event":"pumpfun_create","index":11,"mint":"YERGCWRRKCYkAmdZwupfMffykkccPVqhgEggMqxGK2z","signature":"3GV1u9US5TKAAUdi89YBL7VfmiLec9rHbdZWta9nrHzNArgBJC21Z2NnvMsseZvVc5PJWyWVkQkHeYLBDpZhTB6i","slot":453011768,"suffixBytes":9}
{"at":"2026-10-03T18:17:37.932Z","event":"pumpfun_create","index":12,"mint":"38Dw3Tjw5Fnc5FaRm316S2aaYpV8q6TfPg1mRThopump","signature":"2c11RKmrwajidghJrWrp4pG7EsvAt2xfyuMZ76VeAAJEGS8zpj2gAU4pB3ZEzSQkcMAC7oMCyxmvDJXkd3EQnvsg","slot":453011784,"suffixBytes":9}
{"at":"2026-10-03T18:17:38.444Z","event":"pumpfun_create","index":13,"mint":"DLxgGuy9boUwPz7b75ShdaeVyW1tfgSyw5wbKberpump","signature":"4jHRxBW8gaLFsUD89ZCvDmiq95YSPbaY98GXbv3SbkoQ4FiXh2zDogQpMQY9aFZkqDrpT9Ubaa4F66s7cyA8TroU","slot":453011786,"suffixBytes":9}
{"at":"2026-10-03T18:17:38.746Z","event":"pumpfun_create","index":14,"mint":"F5T7gGCbBvnhmLZZdbRJ9m9VLq3EKMJsyH7Tagf785N6","signature":"37CfqeEnraDbQjuEJF3ja9U4MWgSBF8fMzH5UH3hCxZEQv4HF27kqaYr3gcrmRYohsK8Xc5KGpM3QUj5JX6caYYg","slot":453011787,"suffixBytes":9}
{"at":"2026-10-03T18:17:39.754Z","event":"pumpfun_create","index":15,"mint":"3eCkgPZWwfBCXzidDpwiYD1mjrAn1RszWYzkefV1pump","signature":"Cd7ru9pCkVB8mPFhUkAji8tvYWh4SKumdFpMx8cjTgRC6GhqdmWGXgTxyVPSAQXwbjK3VRo5VnRZmdhbAvehnfo","slot":453011791,"suffixBytes":9}
{"at":"2026-10-03T18:17:39.867Z","event":"sniff_stopped","count":15,"reason":"limit_15"}
{"at":"2026-10-03T18:17:42.120Z","event":"candidate","index":1,"mint":"BxdLusGH7PGa7LX1aeV3mhM8Sp15YUfYaqUr4NDsgi7H","creationFinalized":true,"mintOwner":"TokenzQdBNbLqP5VEhdkAS6EPFLC1PHnBqCXEpPxuEb","quoteMint":"11111111111111111111111111111111","mayhem":false,"complete":false,"realQuoteLamports":"79012344","realTokenRaw":"790281415298075","error":null}
{"at":"2026-10-03T18:17:42.216Z","event":"candidate","index":2,"mint":"8PQzDtKUxVwZQB9p25cSb7xbPiadR3je4Kwr3mWKgpTt","creationFinalized":true,"mintOwner":"TokenzQdBNbLqP5VEhdkAS6EPFLC1PHnBqCXEpPxuEb","quoteMint":"11111111111111111111111111111111","mayhem":false,"complete":false,"realQuoteLamports":"0","realTokenRaw":"793100000000000","error":null}
{"at":"2026-10-03T18:17:42.318Z","event":"candidate","index":3,"mint":"4QnNx3uZZ26dLQfDAw2847zmhdnMYtiXXqFAw68yBus6","creationFinalized":true,"mintOwner":"TokenzQdBNbLqP5VEhdkAS6EPFLC1PHnBqCXEpPxuEb","quoteMint":"11111111111111111111111111111111","mayhem":false,"complete":false,"realQuoteLamports":"0","realTokenRaw":"793100000000000","error":null}
{"at":"2026-10-03T18:17:42.418Z","event":"candidate","index":4,"mint":"B9papc5D1V4kyF8shELGqVV5sFiv5ETptLaviPajuivy","creationFinalized":true,"mintOwner":"TokenzQdBNbLqP5VEhdkAS6EPFLC1PHnBqCXEpPxuEb","quoteMint":"11111111111111111111111111111111","mayhem":false,"complete":false,"realQuoteLamports":"0","realTokenRaw":"793100000000000","error":null}
{"at":"2026-10-03T18:17:42.562Z","event":"candidate","index":5,"mint":"FWk3jvQ1GE1hicdz88HEPjY89gw2DN8cv6F6X9LbVh6u","creationFinalized":true,"mintOwner":"TokenzQdBNbLqP5VEhdkAS6EPFLC1PHnBqCXEpPxuEb","quoteMint":"11111111111111111111111111111111","mayhem":false,"complete":false,"realQuoteLamports":"0","realTokenRaw":"793100000000000","error":null}
{"at":"2026-10-03T18:17:42.670Z","event":"candidate","index":6,"mint":"oD46q4bRGzrzckTJ9TnxHqTR5o8MYwwuPAXdznhVft3","creationFinalized":true,"mintOwner":"TokenzQdBNbLqP5VEhdkAS6EPFLC1PHnBqCXEpPxuEb","quoteMint":"11111111111111111111111111111111","mayhem":false,"complete":false,"realQuoteLamports":"10000000","realTokenRaw":"792742452515829","error":null}
{"at":"2026-10-03T18:17:42.765Z","event":"candidate","index":7,"mint":"CB3WpqGYgVvUQz7KPGvHSwEAHP5XPkwNW7KhP7mw9ERk","creationFinalized":true,"mintOwner":"TokenzQdBNbLqP5VEhdkAS6EPFLC1PHnBqCXEpPxuEb","quoteMint":"11111111111111111111111111111111","mayhem":false,"complete":false,"realQuoteLamports":"0","realTokenRaw":"793100000000000","error":null}
{"at":"2026-10-03T18:17:42.899Z","event":"candidate","index":8,"mint":"5ajz5fBH7K9ep8ZqbD8anUzndRaqZ1HWjMvKjbAfnJR9","creationFinalized":true,"mintOwner":"TokenzQdBNbLqP5VEhdkAS6EPFLC1PHnBqCXEpPxuEb","quoteMint":"11111111111111111111111111111111","mayhem":false,"complete":false,"realQuoteLamports":"0","realTokenRaw":"793100000000000","error":null}
{"at":"2026-10-03T18:17:42.992Z","event":"candidate","index":9,"mint":"GscZu2akYzgJQUrY7JLk3kCFkm2TYpGhSUa9QvndMZDJ","creationFinalized":true,"mintOwner":"TokenzQdBNbLqP5VEhdkAS6EPFLC1PHnBqCXEpPxuEb","quoteMint":"11111111111111111111111111111111","mayhem":false,"complete":false,"realQuoteLamports":"0","realTokenRaw":"793100000000000","error":null}
{"at":"2026-10-03T18:17:43.084Z","event":"candidate","index":10,"mint":"8BSvrzHaFK9fWVBwczD6SerWLxS8uLF6YiLuQ993tkJ4","creationFinalized":true,"mintOwner":"TokenzQdBNbLqP5VEhdkAS6EPFLC1PHnBqCXEpPxuEb","quoteMint":"11111111111111111111111111111111","mayhem":false,"complete":false,"realQuoteLamports":"0","realTokenRaw":"793100000000000","error":null}
{"at":"2026-10-03T18:17:43.174Z","event":"candidate","index":11,"mint":"YERGCWRRKCYkAmdZwupfMffykkccPVqhgEggMqxGK2z","creationFinalized":true,"mintOwner":"TokenzQdBNbLqP5VEhdkAS6EPFLC1PHnBqCXEpPxuEb","quoteMint":"11111111111111111111111111111111","mayhem":false,"complete":false,"realQuoteLamports":"0","realTokenRaw":"793100000000000","error":null}
{"at":"2026-10-03T18:17:46.441Z","event":"candidate","index":12,"mint":"38Dw3Tjw5Fnc5FaRm316S2aaYpV8q6TfPg1mRThopump","creationFinalized":true,"mintOwner":"TokenzQdBNbLqP5VEhdkAS6EPFLC1PHnBqCXEpPxuEb","quoteMint":"11111111111111111111111111111111","mayhem":true,"complete":false,"realQuoteLamports":"1323610264","realTokenRaw":"735098176951882","error":null}
{"at":"2026-10-03T18:17:47.597Z","event":"candidate","index":13,"mint":"DLxgGuy9boUwPz7b75ShdaeVyW1tfgSyw5wbKberpump","creationFinalized":true,"mintOwner":"TokenzQdBNbLqP5VEhdkAS6EPFLC1PHnBqCXEpPxuEb","quoteMint":"11111111111111111111111111111111","mayhem":true,"complete":false,"realQuoteLamports":"1296459446","realTokenRaw":"751426527595331","error":null}
{"at":"2026-10-03T18:17:47.685Z","event":"candidate","index":14,"mint":"F5T7gGCbBvnhmLZZdbRJ9m9VLq3EKMJsyH7Tagf785N6","creationFinalized":true,"mintOwner":"TokenzQdBNbLqP5VEhdkAS6EPFLC1PHnBqCXEpPxuEb","quoteMint":"11111111111111111111111111111111","mayhem":false,"complete":false,"realQuoteLamports":"0","realTokenRaw":"793100000000000","error":null}
{"at":"2026-10-03T18:17:48.847Z","event":"candidate","index":15,"mint":"3eCkgPZWwfBCXzidDpwiYD1mjrAn1RszWYzkefV1pump","creationFinalized":true,"mintOwner":"TokenzQdBNbLqP5VEhdkAS6EPFLC1PHnBqCXEpPxuEb","quoteMint":"11111111111111111111111111111111","mayhem":false,"complete":false,"realQuoteLamports":"2723816141","realTokenRaw":"703787228627152","error":null}
{"at":"2026-10-03T18:17:48.848Z","event":"activity_started","seconds":45}
{"at":"2026-10-03T18:17:53.851Z","event":"activity_progress","elapsedSeconds":5,"summary":{"38Dw3Tjw5Fnc5FaRm316S2aaYpV8q6TfPg1mRThopump":{"buys":5,"sells":3,"uniqueBuyers":2},"DLxgGuy9boUwPz7b75ShdaeVyW1tfgSyw5wbKberpump":{"buys":6,"sells":1,"uniqueBuyers":2},"F5T7gGCbBvnhmLZZdbRJ9m9VLq3EKMJsyH7Tagf785N6":{"buys":1,"sells":0,"uniqueBuyers":1}}}
{"at":"2026-10-03T18:17:58.853Z","event":"activity_progress","elapsedSeconds":10,"summary":{"38Dw3Tjw5Fnc5FaRm316S2aaYpV8q6TfPg1mRThopump":{"buys":7,"sells":6,"uniqueBuyers":2},"DLxgGuy9boUwPz7b75ShdaeVyW1tfgSyw5wbKberpump":{"buys":11,"sells":4,"uniqueBuyers":2},"F5T7gGCbBvnhmLZZdbRJ9m9VLq3EKMJsyH7Tagf785N6":{"buys":1,"sells":0,"uniqueBuyers":1}}}
{"at":"2026-10-03T18:18:03.855Z","event":"activity_progress","elapsedSeconds":15,"summary":{"38Dw3Tjw5Fnc5FaRm316S2aaYpV8q6TfPg1mRThopump":{"buys":7,"sells":6,"uniqueBuyers":2},"DLxgGuy9boUwPz7b75ShdaeVyW1tfgSyw5wbKberpump":{"buys":19,"sells":6,"uniqueBuyers":3},"F5T7gGCbBvnhmLZZdbRJ9m9VLq3EKMJsyH7Tagf785N6":{"buys":1,"sells":0,"uniqueBuyers":1}}}
{"at":"2026-10-03T18:18:08.856Z","event":"activity_progress","elapsedSeconds":20,"summary":{"38Dw3Tjw5Fnc5FaRm316S2aaYpV8q6TfPg1mRThopump":{"buys":7,"sells":6,"uniqueBuyers":2},"DLxgGuy9boUwPz7b75ShdaeVyW1tfgSyw5wbKberpump":{"buys":21,"sells":10,"uniqueBuyers":3},"F5T7gGCbBvnhmLZZdbRJ9m9VLq3EKMJsyH7Tagf785N6":{"buys":1,"sells":0,"uniqueBuyers":1}}}
{"at":"2026-10-03T18:18:13.857Z","event":"activity_progress","elapsedSeconds":25,"summary":{"38Dw3Tjw5Fnc5FaRm316S2aaYpV8q6TfPg1mRThopump":{"buys":7,"sells":6,"uniqueBuyers":2},"DLxgGuy9boUwPz7b75ShdaeVyW1tfgSyw5wbKberpump":{"buys":23,"sells":13,"uniqueBuyers":3},"F5T7gGCbBvnhmLZZdbRJ9m9VLq3EKMJsyH7Tagf785N6":{"buys":1,"sells":0,"uniqueBuyers":1}}}
{"at":"2026-10-03T18:18:18.858Z","event":"activity_progress","elapsedSeconds":30,"summary":{"38Dw3Tjw5Fnc5FaRm316S2aaYpV8q6TfPg1mRThopump":{"buys":7,"sells":6,"uniqueBuyers":2},"DLxgGuy9boUwPz7b75ShdaeVyW1tfgSyw5wbKberpump":{"buys":23,"sells":13,"uniqueBuyers":3},"F5T7gGCbBvnhmLZZdbRJ9m9VLq3EKMJsyH7Tagf785N6":{"buys":1,"sells":0,"uniqueBuyers":1}}}
{"at":"2026-10-03T18:18:23.861Z","event":"activity_progress","elapsedSeconds":35,"summary":{"38Dw3Tjw5Fnc5FaRm316S2aaYpV8q6TfPg1mRThopump":{"buys":7,"sells":6,"uniqueBuyers":2},"DLxgGuy9boUwPz7b75ShdaeVyW1tfgSyw5wbKberpump":{"buys":23,"sells":13,"uniqueBuyers":3},"F5T7gGCbBvnhmLZZdbRJ9m9VLq3EKMJsyH7Tagf785N6":{"buys":1,"sells":0,"uniqueBuyers":1}}}
{"at":"2026-10-03T18:18:28.863Z","event":"activity_progress","elapsedSeconds":40,"summary":{"38Dw3Tjw5Fnc5FaRm316S2aaYpV8q6TfPg1mRThopump":{"buys":7,"sells":6,"uniqueBuyers":2},"DLxgGuy9boUwPz7b75ShdaeVyW1tfgSyw5wbKberpump":{"buys":23,"sells":13,"uniqueBuyers":3},"F5T7gGCbBvnhmLZZdbRJ9m9VLq3EKMJsyH7Tagf785N6":{"buys":1,"sells":0,"uniqueBuyers":1}}}
{"at":"2026-10-03T18:18:33.864Z","event":"activity_progress","elapsedSeconds":45,"summary":{"38Dw3Tjw5Fnc5FaRm316S2aaYpV8q6TfPg1mRThopump":{"buys":7,"sells":6,"uniqueBuyers":2},"DLxgGuy9boUwPz7b75ShdaeVyW1tfgSyw5wbKberpump":{"buys":23,"sells":13,"uniqueBuyers":3},"F5T7gGCbBvnhmLZZdbRJ9m9VLq3EKMJsyH7Tagf785N6":{"buys":1,"sells":0,"uniqueBuyers":1}}}
{"at":"2026-10-03T18:18:33.913Z","event":"activity_stopped","summary":{"38Dw3Tjw5Fnc5FaRm316S2aaYpV8q6TfPg1mRThopump":{"buys":7,"sells":6,"uniqueBuyers":2},"DLxgGuy9boUwPz7b75ShdaeVyW1tfgSyw5wbKberpump":{"buys":23,"sells":13,"uniqueBuyers":3},"F5T7gGCbBvnhmLZZdbRJ9m9VLq3EKMJsyH7Tagf785N6":{"buys":1,"sells":0,"uniqueBuyers":1}}}
{"at":"2026-10-03T18:18:33.913Z","event":"selection","eligible":[],"chosen":null}
