bigint: Failed to load bindings, pure JS will be used (try npm run rebuild?)
{"at":"2026-10-03T18:19:50.792Z","event":"preflight","mint":"fdAny17n6AJXFN4uaf5t6GEv9ALiSq79S45VvBBpump","wallet":"2LvenbX1TdhX8EbxGBmcZYiXuZFN4utA8QZY1UgGXwmZ","initialWalletLamports":457349227,"krakenSolUsdt":119.88,"maxBuyLamports":8341675,"targetTokenRaw":"124654444361","expectedBuyLamports":"8091423","immediateSellQuoteLamports":"7888857","curveRealQuoteLamports":"15423784805","extensions":[18,19]}
{"at":"2026-10-03T18:19:50.797Z","event":"building_buy_instructions"}
{"at":"2026-10-03T18:19:50.804Z","event":"buy_instructions_built","count":2}
{"at":"2026-10-03T18:19:50.895Z","event":"buy_simulation","err":null,"unitsConsumed":111891}
{"at":"2026-10-03T18:19:50.941Z","event":"buy_submitted","signature":"3pJA3MPathHxTCVWTFr9qnyrbvLgERyWgsiwxqespTWcdoCpVnUTvragpfpwziWPdUu9x5PeD67KsARSkkfL54DG"}
{"at":"2026-10-03T18:19:53.148Z","event":"buy_confirmed","signature":"3pJA3MPathHxTCVWTFr9qnyrbvLgERyWgsiwxqespTWcdoCpVnUTvragpfpwziWPdUu9x5PeD67KsARSkkfL54DG","slot":453012281,"feeLamports":45000,"walletBalanceBeforeLamports":457349227,"walletBalanceAfterLamports":447699271}
{"at":"2026-10-03T18:19:53.238Z","event":"position_open","signature":"3pJA3MPathHxTCVWTFr9qnyrbvLgERyWgsiwxqespTWcdoCpVnUTvragpfpwziWPdUu9x5PeD67KsARSkkfL54DG","slot":453012281,"tokenRaw":"124654444361","walletSol":0.447699271}
{"at":"2026-10-03T18:19:53.280Z","event":"hold_progress","elapsedSeconds":0,"distinctFinalizedBuyers":0,"pendingSignals":0}
{"at":"2026-10-03T18:20:07.066Z","event":"external_buyer_finalized","ordinal":1,"buyer":"fNrJmJ1aQMx1vgnGwJcLWkUCBrDy7GF7ZpVqiXuRFrJ","signature":"2Tr5w92ziWknfN62FXWRiKspBej9pwGyc9ZLqTUEKKRfvDktFREx3sArd4WHtbJW1jw3puv9GgqmgsjQLZgXScy","slot":453012304,"suffixBytes":24}
{"at":"2026-10-03T18:20:08.269Z","event":"hold_progress","elapsedSeconds":15,"distinctFinalizedBuyers":1,"pendingSignals":0}
{"at":"2026-10-03T18:20:24.104Z","event":"hold_progress","elapsedSeconds":31,"distinctFinalizedBuyers":1,"pendingSignals":0}
{"at":"2026-10-03T18:20:38.705Z","event":"hold_progress","elapsedSeconds":45,"distinctFinalizedBuyers":1,"pendingSignals":0}
{"at":"2026-10-03T18:20:53.339Z","event":"hold_progress","elapsedSeconds":60,"distinctFinalizedBuyers":1,"pendingSignals":0}
{"at":"2026-10-03T18:21:09.128Z","event":"hold_progress","elapsedSeconds":76,"distinctFinalizedBuyers":1,"pendingSignals":0}
{"at":"2026-10-03T18:21:23.738Z","event":"hold_progress","elapsedSeconds":91,"distinctFinalizedBuyers":1,"pendingSignals":0}
{"at":"2026-10-03T18:21:38.293Z","event":"hold_progress","elapsedSeconds":105,"distinctFinalizedBuyers":1,"pendingSignals":0}
{"at":"2026-10-03T18:21:54.123Z","event":"hold_progress","elapsedSeconds":121,"distinctFinalizedBuyers":1,"pendingSignals":0}
{"at":"2026-10-03T18:22:08.679Z","event":"hold_progress","elapsedSeconds":135,"distinctFinalizedBuyers":1,"pendingSignals":0}
{"at":"2026-10-03T18:22:39.059Z","event":"hold_progress","elapsedSeconds":166,"distinctFinalizedBuyers":1,"pendingSignals":0}
{"at":"2026-10-03T18:22:53.613Z","event":"hold_progress","elapsedSeconds":180,"distinctFinalizedBuyers":1,"pendingSignals":0}
{"at":"2026-10-03T18:23:08.246Z","event":"hold_progress","elapsedSeconds":195,"distinctFinalizedBuyers":1,"pendingSignals":0}
{"at":"2026-10-03T18:23:23.995Z","event":"hold_progress","elapsedSeconds":211,"distinctFinalizedBuyers":1,"pendingSignals":0}
{"at":"2026-10-03T18:23:38.643Z","event":"hold_progress","elapsedSeconds":225,"distinctFinalizedBuyers":1,"pendingSignals":0}
{"at":"2026-10-03T18:23:54.415Z","event":"hold_progress","elapsedSeconds":241,"distinctFinalizedBuyers":1,"pendingSignals":0}
{"at":"2026-10-03T18:24:09.095Z","event":"hold_progress","elapsedSeconds":256,"distinctFinalizedBuyers":1,"pendingSignals":0}
{"at":"2026-10-03T18:24:23.656Z","event":"hold_progress","elapsedSeconds":270,"distinctFinalizedBuyers":1,"pendingSignals":0}
{"at":"2026-10-03T18:24:38.296Z","event":"hold_progress","elapsedSeconds":285,"distinctFinalizedBuyers":1,"pendingSignals":0}
{"at":"2026-10-03T18:24:54.044Z","event":"hold_progress","elapsedSeconds":301,"distinctFinalizedBuyers":1,"pendingSignals":0}
{"at":"2026-10-03T18:25:08.688Z","event":"hold_progress","elapsedSeconds":315,"distinctFinalizedBuyers":1,"pendingSignals":0}
{"at":"2026-10-03T18:25:23.275Z","event":"hold_progress","elapsedSeconds":330,"distinctFinalizedBuyers":1,"pendingSignals":0}
{"at":"2026-10-03T18:25:39.127Z","event":"hold_progress","elapsedSeconds":346,"distinctFinalizedBuyers":1,"pendingSignals":0}
{"at":"2026-10-03T18:25:53.675Z","event":"hold_progress","elapsedSeconds":360,"distinctFinalizedBuyers":1,"pendingSignals":0}
{"at":"2026-10-03T18:26:08.253Z","event":"hold_progress","elapsedSeconds":375,"distinctFinalizedBuyers":1,"pendingSignals":0}
{"at":"2026-10-03T18:26:24.074Z","event":"hold_progress","elapsedSeconds":391,"distinctFinalizedBuyers":1,"pendingSignals":0}
{"at":"2026-10-03T18:26:38.659Z","event":"hold_progress","elapsedSeconds":405,"distinctFinalizedBuyers":1,"pendingSignals":0}
{"at":"2026-10-03T18:26:53.274Z","event":"hold_progress","elapsedSeconds":420,"distinctFinalizedBuyers":1,"pendingSignals":0}
{"at":"2026-10-03T18:27:09.027Z","event":"hold_progress","elapsedSeconds":436,"distinctFinalizedBuyers":1,"pendingSignals":0}
{"at":"2026-10-03T18:27:23.676Z","event":"hold_progress","elapsedSeconds":450,"distinctFinalizedBuyers":1,"pendingSignals":0}
{"at":"2026-10-03T18:27:39.429Z","event":"hold_progress","elapsedSeconds":466,"distinctFinalizedBuyers":1,"pendingSignals":0}
{"at":"2026-10-03T18:27:54.103Z","event":"hold_progress","elapsedSeconds":481,"distinctFinalizedBuyers":1,"pendingSignals":0}
{"at":"2026-10-03T18:28:08.661Z","event":"hold_progress","elapsedSeconds":495,"distinctFinalizedBuyers":1,"pendingSignals":0}
{"at":"2026-10-03T18:28:23.373Z","event":"hold_progress","elapsedSeconds":510,"distinctFinalizedBuyers":1,"pendingSignals":0}
{"at":"2026-10-03T18:28:39.152Z","event":"hold_progress","elapsedSeconds":526,"distinctFinalizedBuyers":1,"pendingSignals":0}
{"at":"2026-10-03T18:28:53.785Z","event":"hold_progress","elapsedSeconds":541,"distinctFinalizedBuyers":1,"pendingSignals":0}
{"at":"2026-10-03T18:29:08.393Z","event":"hold_progress","elapsedSeconds":555,"distinctFinalizedBuyers":1,"pendingSignals":0}
{"at":"2026-10-03T18:29:24.236Z","event":"hold_progress","elapsedSeconds":571,"distinctFinalizedBuyers":1,"pendingSignals":0}
{"at":"2026-10-03T18:29:38.775Z","event":"hold_progress","elapsedSeconds":586,"distinctFinalizedBuyers":1,"pendingSignals":0}
{"at":"2026-10-03T18:29:53.392Z","event":"hold_progress","elapsedSeconds":600,"distinctFinalizedBuyers":1,"pendingSignals":0}
{"at":"2026-10-03T18:30:09.208Z","event":"hold_progress","elapsedSeconds":616,"distinctFinalizedBuyers":1,"pendingSignals":0}
{"at":"2026-10-03T18:30:23.747Z","event":"hold_progress","elapsedSeconds":631,"distinctFinalizedBuyers":1,"pendingSignals":0}
{"at":"2026-10-03T18:30:38.359Z","event":"hold_progress","elapsedSeconds":645,"distinctFinalizedBuyers":1,"pendingSignals":0}
{"at":"2026-10-03T18:30:54.141Z","event":"hold_progress","elapsedSeconds":661,"distinctFinalizedBuyers":1,"pendingSignals":0}
{"at":"2026-10-03T18:31:08.825Z","event":"hold_progress","elapsedSeconds":676,"distinctFinalizedBuyers":1,"pendingSignals":0}
{"at":"2026-10-03T18:31:23.401Z","event":"hold_progress","elapsedSeconds":690,"distinctFinalizedBuyers":1,"pendingSignals":0}
{"at":"2026-10-03T18:31:39.211Z","event":"hold_progress","elapsedSeconds":706,"distinctFinalizedBuyers":1,"pendingSignals":0}
{"at":"2026-10-03T18:31:53.807Z","event":"hold_progress","elapsedSeconds":721,"distinctFinalizedBuyers":1,"pendingSignals":0}
{"at":"2026-10-03T18:32:08.458Z","event":"hold_progress","elapsedSeconds":735,"distinctFinalizedBuyers":1,"pendingSignals":0}
{"at":"2026-10-03T18:32:24.201Z","event":"hold_progress","elapsedSeconds":751,"distinctFinalizedBuyers":1,"pendingSignals":0}
{"at":"2026-10-03T18:32:38.846Z","event":"hold_progress","elapsedSeconds":766,"distinctFinalizedBuyers":1,"pendingSignals":0}
{"at":"2026-10-03T18:32:53.396Z","event":"hold_progress","elapsedSeconds":780,"distinctFinalizedBuyers":1,"pendingSignals":0}
{"at":"2026-10-03T18:33:09.251Z","event":"hold_progress","elapsedSeconds":796,"distinctFinalizedBuyers":1,"pendingSignals":0}
{"at":"2026-10-03T18:33:23.808Z","event":"hold_progress","elapsedSeconds":811,"distinctFinalizedBuyers":1,"pendingSignals":0}
{"at":"2026-10-03T18:33:38.427Z","event":"hold_progress","elapsedSeconds":825,"distinctFinalizedBuyers":1,"pendingSignals":0}
{"at":"2026-10-03T18:33:54.288Z","event":"hold_progress","elapsedSeconds":841,"distinctFinalizedBuyers":1,"pendingSignals":0}
{"at":"2026-10-03T18:34:08.849Z","event":"hold_progress","elapsedSeconds":856,"distinctFinalizedBuyers":1,"pendingSignals":0}
{"at":"2026-10-03T18:34:23.468Z","event":"hold_progress","elapsedSeconds":870,"distinctFinalizedBuyers":1,"pendingSignals":0}
{"at":"2026-10-03T18:34:39.222Z","event":"hold_progress","elapsedSeconds":886,"distinctFinalizedBuyers":1,"pendingSignals":0}
{"at":"2026-10-03T18:34:53.842Z","event":"sell_started","reason":"max_hold_15_minutes","buyers":1}
{"at":"2026-10-03T18:34:53.966Z","event":"sell_quote","attempt":1,"tokenRaw":"124654444361","expectedLamports":"3576235","minimumLamports":"3218611","curveRealQuoteLamports":"582774198"}
{"at":"2026-10-03T18:34:54.060Z","event":"sell_simulation","err":null,"unitsConsumed":83862}
{"at":"2026-10-03T18:34:54.112Z","event":"sell_submitted","signature":"1aL4vXTqUroH74rpHeB9AdL167LRa1jG5QRSn9V5XpXk9iTgPoJA27KWJAsckjupgox459irvL75mNnufMJ74MF"}
{"at":"2026-10-03T18:34:56.296Z","event":"sell_confirmed","signature":"1aL4vXTqUroH74rpHeB9AdL167LRa1jG5QRSn9V5XpXk9iTgPoJA27KWJAsckjupgox459irvL75mNnufMJ74MF","slot":453015652,"feeLamports":45000,"walletBalanceBeforeLamports":447699271,"walletBalanceAfterLamports":451230506}
{"at":"2026-10-03T18:34:56.378Z","event":"sell_result","signature":"1aL4vXTqUroH74rpHeB9AdL167LRa1jG5QRSn9V5XpXk9iTgPoJA27KWJAsckjupgox459irvL75mNnufMJ74MF","remainingTokenRaw":"0","walletSol":0.451230506}
{"at":"2026-10-03T18:34:56.415Z","event":"complete","buySignature":"3pJA3MPathHxTCVWTFr9qnyrbvLgERyWgsiwxqespTWcdoCpVnUTvragpfpwziWPdUu9x5PeD67KsARSkkfL54DG","distinctFinalizedBuyers":1,"finalWalletLamports":451230506}
