bigint: Failed to load bindings, pure JS will be used (try npm run rebuild?)
{"at":"2026-10-03T21:44:06.806Z","event":"preflight","mint":"7JGeJDmu9vdENkWuxtRdZfawBZRsWaaoUJDaNEJRpWxU","wallet":"2LvenbX1TdhX8EbxGBmcZYiXuZFN4utA8QZY1UgGXwmZ","initialWalletLamports":451876449,"krakenSolUsdt":119.64,"maxBuyLamports":8358408,"targetTokenRaw":"145140131486","expectedBuyLamports":"8107654","immediateSellQuoteLamports":"7904459","targetProfitUsdt":"0.01","targetProfitLamports":"83585","sellNetworkFeeReserveLamports":"50000","curveRealQuoteLamports":"12138157827","extensions":[18,19]}
{"at":"2026-10-03T21:44:06.810Z","event":"building_buy_instructions"}
{"at":"2026-10-03T21:44:06.818Z","event":"buy_instructions_built","count":2}
{"at":"2026-10-03T21:44:06.915Z","event":"buy_simulation","err":null,"unitsConsumed":112478}
{"at":"2026-10-03T21:44:06.954Z","event":"buy_submitted","signature":"512nUGf3z6LQukxubg5zNNR7RuP5BoWt6vjkCfE5rnvhWLP6yATPsq2YoSLCvoQwad7XieocEpnnqQ52tiPZtPLe"}
{"at":"2026-10-03T21:44:09.190Z","event":"buy_confirmed","signature":"512nUGf3z6LQukxubg5zNNR7RuP5BoWt6vjkCfE5rnvhWLP6yATPsq2YoSLCvoQwad7XieocEpnnqQ52tiPZtPLe","slot":453057953,"feeLamports":45000,"walletBalanceBeforeLamports":451876449,"walletBalanceAfterLamports":442209955,"actualTradeSolLamports":"8007559"}
{"at":"2026-10-03T21:44:09.311Z","event":"position_open","signature":"512nUGf3z6LQukxubg5zNNR7RuP5BoWt6vjkCfE5rnvhWLP6yATPsq2YoSLCvoQwad7XieocEpnnqQ52tiPZtPLe","slot":453057953,"tokenRaw":"145140131486","buySolLamports":"8007559","buyEconomicCostLamports":"8152654","tokenAccountRentLamports":1513840,"requiredSellQuoteLamports":"8286239","walletSol":0.442209955}
{"at":"2026-10-03T21:44:09.443Z","event":"price_progress","elapsedSeconds":0,"expectedSellQuoteLamports":"7633506","expectedNetProfitLamports":"-569148","targetProfitLamports":"83585","requiredSellQuoteLamports":"8286239"}
{"at":"2026-10-03T21:44:14.600Z","event":"price_progress","elapsedSeconds":5,"expectedSellQuoteLamports":"6940698","expectedNetProfitLamports":"-1261956","targetProfitLamports":"83585","requiredSellQuoteLamports":"8286239"}
{"at":"2026-10-03T21:44:19.802Z","event":"price_progress","elapsedSeconds":10,"expectedSellQuoteLamports":"6096122","expectedNetProfitLamports":"-2106532","targetProfitLamports":"83585","requiredSellQuoteLamports":"8286239"}
{"at":"2026-10-03T21:44:25.007Z","event":"price_progress","elapsedSeconds":16,"expectedSellQuoteLamports":"5920396","expectedNetProfitLamports":"-2282258","targetProfitLamports":"83585","requiredSellQuoteLamports":"8286239"}
{"at":"2026-10-03T21:44:30.143Z","event":"price_progress","elapsedSeconds":21,"expectedSellQuoteLamports":"5764096","expectedNetProfitLamports":"-2438558","targetProfitLamports":"83585","requiredSellQuoteLamports":"8286239"}
{"at":"2026-10-03T21:44:35.282Z","event":"price_progress","elapsedSeconds":26,"expectedSellQuoteLamports":"4853947","expectedNetProfitLamports":"-3348707","targetProfitLamports":"83585","requiredSellQuoteLamports":"8286239"}
{"at":"2026-10-03T21:44:40.487Z","event":"price_progress","elapsedSeconds":31,"expectedSellQuoteLamports":"4858063","expectedNetProfitLamports":"-3344591","targetProfitLamports":"83585","requiredSellQuoteLamports":"8286239"}
{"at":"2026-10-03T21:44:45.636Z","event":"price_progress","elapsedSeconds":36,"expectedSellQuoteLamports":"4828337","expectedNetProfitLamports":"-3374317","targetProfitLamports":"83585","requiredSellQuoteLamports":"8286239"}
{"at":"2026-10-03T21:44:50.797Z","event":"price_progress","elapsedSeconds":41,"expectedSellQuoteLamports":"4808497","expectedNetProfitLamports":"-3394157","targetProfitLamports":"83585","requiredSellQuoteLamports":"8286239"}
{"at":"2026-10-03T21:44:55.985Z","event":"price_progress","elapsedSeconds":47,"expectedSellQuoteLamports":"4237327","expectedNetProfitLamports":"-3965327","targetProfitLamports":"83585","requiredSellQuoteLamports":"8286239"}
{"at":"2026-10-03T21:45:01.146Z","event":"price_progress","elapsedSeconds":52,"expectedSellQuoteLamports":"4137873","expectedNetProfitLamports":"-4064781","targetProfitLamports":"83585","requiredSellQuoteLamports":"8286239"}
{"at":"2026-10-03T21:45:06.312Z","event":"price_progress","elapsedSeconds":57,"expectedSellQuoteLamports":"4136010","expectedNetProfitLamports":"-4066644","targetProfitLamports":"83585","requiredSellQuoteLamports":"8286239"}
{"at":"2026-10-03T21:45:11.466Z","event":"price_progress","elapsedSeconds":62,"expectedSellQuoteLamports":"4023576","expectedNetProfitLamports":"-4179078","targetProfitLamports":"83585","requiredSellQuoteLamports":"8286239"}
{"at":"2026-10-03T21:45:16.623Z","event":"price_progress","elapsedSeconds":67,"expectedSellQuoteLamports":"4023576","expectedNetProfitLamports":"-4179078","targetProfitLamports":"83585","requiredSellQuoteLamports":"8286239"}
{"at":"2026-10-03T21:45:21.766Z","event":"price_progress","elapsedSeconds":72,"expectedSellQuoteLamports":"4023576","expectedNetProfitLamports":"-4179078","targetProfitLamports":"83585","requiredSellQuoteLamports":"8286239"}
{"at":"2026-10-03T21:45:26.901Z","event":"price_progress","elapsedSeconds":78,"expectedSellQuoteLamports":"4020212","expectedNetProfitLamports":"-4182442","targetProfitLamports":"83585","requiredSellQuoteLamports":"8286239"}
{"at":"2026-10-03T21:45:32.072Z","event":"price_progress","elapsedSeconds":83,"expectedSellQuoteLamports":"4020212","expectedNetProfitLamports":"-4182442","targetProfitLamports":"83585","requiredSellQuoteLamports":"8286239"}
{"at":"2026-10-03T21:45:37.220Z","event":"price_progress","elapsedSeconds":88,"expectedSellQuoteLamports":"4011432","expectedNetProfitLamports":"-4191222","targetProfitLamports":"83585","requiredSellQuoteLamports":"8286239"}
{"at":"2026-10-03T21:45:42.382Z","event":"price_progress","elapsedSeconds":93,"expectedSellQuoteLamports":"4011432","expectedNetProfitLamports":"-4191222","targetProfitLamports":"83585","requiredSellQuoteLamports":"8286239"}
{"at":"2026-10-03T21:45:47.524Z","event":"price_progress","elapsedSeconds":98,"expectedSellQuoteLamports":"4007788","expectedNetProfitLamports":"-4194866","targetProfitLamports":"83585","requiredSellQuoteLamports":"8286239"}
{"at":"2026-10-03T21:45:52.729Z","event":"price_progress","elapsedSeconds":103,"expectedSellQuoteLamports":"4007788","expectedNetProfitLamports":"-4194866","targetProfitLamports":"83585","requiredSellQuoteLamports":"8286239"}
{"at":"2026-10-03T21:45:57.881Z","event":"price_progress","elapsedSeconds":109,"expectedSellQuoteLamports":"4007788","expectedNetProfitLamports":"-4194866","targetProfitLamports":"83585","requiredSellQuoteLamports":"8286239"}
{"at":"2026-10-03T21:46:03.023Z","event":"price_progress","elapsedSeconds":114,"expectedSellQuoteLamports":"4007788","expectedNetProfitLamports":"-4194866","targetProfitLamports":"83585","requiredSellQuoteLamports":"8286239"}
{"at":"2026-10-03T21:46:08.285Z","event":"price_progress","elapsedSeconds":119,"expectedSellQuoteLamports":"4007788","expectedNetProfitLamports":"-4194866","targetProfitLamports":"83585","requiredSellQuoteLamports":"8286239"}
{"at":"2026-10-03T21:46:13.445Z","event":"price_progress","elapsedSeconds":124,"expectedSellQuoteLamports":"4007788","expectedNetProfitLamports":"-4194866","targetProfitLamports":"83585","requiredSellQuoteLamports":"8286239"}
{"at":"2026-10-03T21:46:18.634Z","event":"price_progress","elapsedSeconds":129,"expectedSellQuoteLamports":"4007788","expectedNetProfitLamports":"-4194866","targetProfitLamports":"83585","requiredSellQuoteLamports":"8286239"}
{"at":"2026-10-03T21:46:23.826Z","event":"price_progress","elapsedSeconds":135,"expectedSellQuoteLamports":"4007788","expectedNetProfitLamports":"-4194866","targetProfitLamports":"83585","requiredSellQuoteLamports":"8286239"}
{"at":"2026-10-03T21:46:28.997Z","event":"price_progress","elapsedSeconds":140,"expectedSellQuoteLamports":"4007788","expectedNetProfitLamports":"-4194866","targetProfitLamports":"83585","requiredSellQuoteLamports":"8286239"}
{"at":"2026-10-03T21:46:34.276Z","event":"price_progress","elapsedSeconds":145,"expectedSellQuoteLamports":"4007788","expectedNetProfitLamports":"-4194866","targetProfitLamports":"83585","requiredSellQuoteLamports":"8286239"}
{"at":"2026-10-03T21:46:39.437Z","event":"price_progress","elapsedSeconds":150,"expectedSellQuoteLamports":"4007788","expectedNetProfitLamports":"-4194866","targetProfitLamports":"83585","requiredSellQuoteLamports":"8286239"}
{"at":"2026-10-03T21:46:44.578Z","event":"price_progress","elapsedSeconds":155,"expectedSellQuoteLamports":"4007788","expectedNetProfitLamports":"-4194866","targetProfitLamports":"83585","requiredSellQuoteLamports":"8286239"}
{"at":"2026-10-03T21:46:49.717Z","event":"price_progress","elapsedSeconds":160,"expectedSellQuoteLamports":"4007788","expectedNetProfitLamports":"-4194866","targetProfitLamports":"83585","requiredSellQuoteLamports":"8286239"}
{"at":"2026-10-03T21:46:54.865Z","event":"price_progress","elapsedSeconds":166,"expectedSellQuoteLamports":"4007788","expectedNetProfitLamports":"-4194866","targetProfitLamports":"83585","requiredSellQuoteLamports":"8286239"}
{"at":"2026-10-03T21:47:00.062Z","event":"price_progress","elapsedSeconds":171,"expectedSellQuoteLamports":"4007788","expectedNetProfitLamports":"-4194866","targetProfitLamports":"83585","requiredSellQuoteLamports":"8286239"}
{"at":"2026-10-03T21:47:05.209Z","event":"price_progress","elapsedSeconds":176,"expectedSellQuoteLamports":"4007788","expectedNetProfitLamports":"-4194866","targetProfitLamports":"83585","requiredSellQuoteLamports":"8286239"}
{"at":"2026-10-03T21:47:10.401Z","event":"price_progress","elapsedSeconds":181,"expectedSellQuoteLamports":"4007788","expectedNetProfitLamports":"-4194866","targetProfitLamports":"83585","requiredSellQuoteLamports":"8286239"}
{"at":"2026-10-03T21:47:15.547Z","event":"price_progress","elapsedSeconds":186,"expectedSellQuoteLamports":"4007788","expectedNetProfitLamports":"-4194866","targetProfitLamports":"83585","requiredSellQuoteLamports":"8286239"}
{"at":"2026-10-03T21:47:20.704Z","event":"price_progress","elapsedSeconds":191,"expectedSellQuoteLamports":"4007788","expectedNetProfitLamports":"-4194866","targetProfitLamports":"83585","requiredSellQuoteLamports":"8286239"}
{"at":"2026-10-03T21:47:25.941Z","event":"price_progress","elapsedSeconds":197,"expectedSellQuoteLamports":"4007788","expectedNetProfitLamports":"-4194866","targetProfitLamports":"83585","requiredSellQuoteLamports":"8286239"}
{"at":"2026-10-03T21:47:31.134Z","event":"price_progress","elapsedSeconds":202,"expectedSellQuoteLamports":"4007788","expectedNetProfitLamports":"-4194866","targetProfitLamports":"83585","requiredSellQuoteLamports":"8286239"}
{"at":"2026-10-03T21:47:36.287Z","event":"price_progress","elapsedSeconds":207,"expectedSellQuoteLamports":"4007788","expectedNetProfitLamports":"-4194866","targetProfitLamports":"83585","requiredSellQuoteLamports":"8286239"}
{"at":"2026-10-03T21:47:41.471Z","event":"price_progress","elapsedSeconds":212,"expectedSellQuoteLamports":"4007788","expectedNetProfitLamports":"-4194866","targetProfitLamports":"83585","requiredSellQuoteLamports":"8286239"}
{"at":"2026-10-03T21:47:46.616Z","event":"price_progress","elapsedSeconds":217,"expectedSellQuoteLamports":"4007788","expectedNetProfitLamports":"-4194866","targetProfitLamports":"83585","requiredSellQuoteLamports":"8286239"}
{"at":"2026-10-03T21:47:51.772Z","event":"price_progress","elapsedSeconds":222,"expectedSellQuoteLamports":"4007788","expectedNetProfitLamports":"-4194866","targetProfitLamports":"83585","requiredSellQuoteLamports":"8286239"}
{"at":"2026-10-03T21:47:56.984Z","event":"price_progress","elapsedSeconds":228,"expectedSellQuoteLamports":"4007788","expectedNetProfitLamports":"-4194866","targetProfitLamports":"83585","requiredSellQuoteLamports":"8286239"}
{"at":"2026-10-03T21:48:02.324Z","event":"price_progress","elapsedSeconds":233,"expectedSellQuoteLamports":"4007788","expectedNetProfitLamports":"-4194866","targetProfitLamports":"83585","requiredSellQuoteLamports":"8286239"}
{"at":"2026-10-03T21:48:07.503Z","event":"price_progress","elapsedSeconds":238,"expectedSellQuoteLamports":"4007788","expectedNetProfitLamports":"-4194866","targetProfitLamports":"83585","requiredSellQuoteLamports":"8286239"}
{"at":"2026-10-03T21:48:12.663Z","event":"price_progress","elapsedSeconds":243,"expectedSellQuoteLamports":"4007788","expectedNetProfitLamports":"-4194866","targetProfitLamports":"83585","requiredSellQuoteLamports":"8286239"}
{"at":"2026-10-03T21:48:17.817Z","event":"price_progress","elapsedSeconds":249,"expectedSellQuoteLamports":"4007788","expectedNetProfitLamports":"-4194866","targetProfitLamports":"83585","requiredSellQuoteLamports":"8286239"}
{"at":"2026-10-03T21:48:22.960Z","event":"price_progress","elapsedSeconds":254,"expectedSellQuoteLamports":"4007788","expectedNetProfitLamports":"-4194866","targetProfitLamports":"83585","requiredSellQuoteLamports":"8286239"}
{"at":"2026-10-03T21:48:28.167Z","event":"price_progress","elapsedSeconds":259,"expectedSellQuoteLamports":"4007788","expectedNetProfitLamports":"-4194866","targetProfitLamports":"83585","requiredSellQuoteLamports":"8286239"}
{"at":"2026-10-03T21:48:33.325Z","event":"price_progress","elapsedSeconds":264,"expectedSellQuoteLamports":"4007788","expectedNetProfitLamports":"-4194866","targetProfitLamports":"83585","requiredSellQuoteLamports":"8286239"}
{"at":"2026-10-03T21:48:38.506Z","event":"price_progress","elapsedSeconds":269,"expectedSellQuoteLamports":"4007788","expectedNetProfitLamports":"-4194866","targetProfitLamports":"83585","requiredSellQuoteLamports":"8286239"}
{"at":"2026-10-03T21:48:43.664Z","event":"price_progress","elapsedSeconds":274,"expectedSellQuoteLamports":"4007788","expectedNetProfitLamports":"-4194866","targetProfitLamports":"83585","requiredSellQuoteLamports":"8286239"}
{"at":"2026-10-03T21:48:48.935Z","event":"price_progress","elapsedSeconds":280,"expectedSellQuoteLamports":"4007788","expectedNetProfitLamports":"-4194866","targetProfitLamports":"83585","requiredSellQuoteLamports":"8286239"}
{"at":"2026-10-03T21:48:54.123Z","event":"price_progress","elapsedSeconds":285,"expectedSellQuoteLamports":"4007788","expectedNetProfitLamports":"-4194866","targetProfitLamports":"83585","requiredSellQuoteLamports":"8286239"}
{"at":"2026-10-03T21:48:59.281Z","event":"price_progress","elapsedSeconds":290,"expectedSellQuoteLamports":"4007788","expectedNetProfitLamports":"-4194866","targetProfitLamports":"83585","requiredSellQuoteLamports":"8286239"}
{"at":"2026-10-03T21:49:04.429Z","event":"price_progress","elapsedSeconds":295,"expectedSellQuoteLamports":"4007788","expectedNetProfitLamports":"-4194866","targetProfitLamports":"83585","requiredSellQuoteLamports":"8286239"}
{"at":"2026-10-03T21:49:09.566Z","event":"price_progress","elapsedSeconds":300,"expectedSellQuoteLamports":"4008185","expectedNetProfitLamports":"-4194469","targetProfitLamports":"83585","requiredSellQuoteLamports":"8286239"}
{"at":"2026-10-03T21:49:14.821Z","event":"price_progress","elapsedSeconds":306,"expectedSellQuoteLamports":"4008185","expectedNetProfitLamports":"-4194469","targetProfitLamports":"83585","requiredSellQuoteLamports":"8286239"}
{"at":"2026-10-03T21:49:20.066Z","event":"price_progress","elapsedSeconds":311,"expectedSellQuoteLamports":"4008185","expectedNetProfitLamports":"-4194469","targetProfitLamports":"83585","requiredSellQuoteLamports":"8286239"}
{"at":"2026-10-03T21:49:25.223Z","event":"price_progress","elapsedSeconds":316,"expectedSellQuoteLamports":"4008185","expectedNetProfitLamports":"-4194469","targetProfitLamports":"83585","requiredSellQuoteLamports":"8286239"}
{"at":"2026-10-03T21:49:30.399Z","event":"price_progress","elapsedSeconds":321,"expectedSellQuoteLamports":"4008185","expectedNetProfitLamports":"-4194469","targetProfitLamports":"83585","requiredSellQuoteLamports":"8286239"}
{"at":"2026-10-03T21:49:35.586Z","event":"price_progress","elapsedSeconds":326,"expectedSellQuoteLamports":"4008185","expectedNetProfitLamports":"-4194469","targetProfitLamports":"83585","requiredSellQuoteLamports":"8286239"}
{"at":"2026-10-03T21:49:40.800Z","event":"price_progress","elapsedSeconds":331,"expectedSellQuoteLamports":"4008185","expectedNetProfitLamports":"-4194469","targetProfitLamports":"83585","requiredSellQuoteLamports":"8286239"}
{"at":"2026-10-03T21:49:46.053Z","event":"price_progress","elapsedSeconds":337,"expectedSellQuoteLamports":"4008185","expectedNetProfitLamports":"-4194469","targetProfitLamports":"83585","requiredSellQuoteLamports":"8286239"}
{"at":"2026-10-03T21:49:51.253Z","event":"price_progress","elapsedSeconds":342,"expectedSellQuoteLamports":"4008185","expectedNetProfitLamports":"-4194469","targetProfitLamports":"83585","requiredSellQuoteLamports":"8286239"}
{"at":"2026-10-03T21:49:56.468Z","event":"price_progress","elapsedSeconds":347,"expectedSellQuoteLamports":"4008185","expectedNetProfitLamports":"-4194469","targetProfitLamports":"83585","requiredSellQuoteLamports":"8286239"}
{"at":"2026-10-03T21:50:01.613Z","event":"price_progress","elapsedSeconds":352,"expectedSellQuoteLamports":"4008185","expectedNetProfitLamports":"-4194469","targetProfitLamports":"83585","requiredSellQuoteLamports":"8286239"}
{"at":"2026-10-03T21:50:06.824Z","event":"price_progress","elapsedSeconds":358,"expectedSellQuoteLamports":"4008185","expectedNetProfitLamports":"-4194469","targetProfitLamports":"83585","requiredSellQuoteLamports":"8286239"}
{"at":"2026-10-03T21:50:11.975Z","event":"price_progress","elapsedSeconds":363,"expectedSellQuoteLamports":"4008185","expectedNetProfitLamports":"-4194469","targetProfitLamports":"83585","requiredSellQuoteLamports":"8286239"}
{"at":"2026-10-03T21:50:17.126Z","event":"price_progress","elapsedSeconds":368,"expectedSellQuoteLamports":"4008185","expectedNetProfitLamports":"-4194469","targetProfitLamports":"83585","requiredSellQuoteLamports":"8286239"}
{"at":"2026-10-03T21:50:22.367Z","event":"price_progress","elapsedSeconds":373,"expectedSellQuoteLamports":"4008185","expectedNetProfitLamports":"-4194469","targetProfitLamports":"83585","requiredSellQuoteLamports":"8286239"}
{"at":"2026-10-03T21:50:27.516Z","event":"price_progress","elapsedSeconds":378,"expectedSellQuoteLamports":"4008185","expectedNetProfitLamports":"-4194469","targetProfitLamports":"83585","requiredSellQuoteLamports":"8286239"}
{"at":"2026-10-03T21:50:32.665Z","event":"price_progress","elapsedSeconds":383,"expectedSellQuoteLamports":"4008185","expectedNetProfitLamports":"-4194469","targetProfitLamports":"83585","requiredSellQuoteLamports":"8286239"}
{"at":"2026-10-03T21:50:37.818Z","event":"price_progress","elapsedSeconds":389,"expectedSellQuoteLamports":"4008185","expectedNetProfitLamports":"-4194469","targetProfitLamports":"83585","requiredSellQuoteLamports":"8286239"}
{"at":"2026-10-03T21:50:42.976Z","event":"price_progress","elapsedSeconds":394,"expectedSellQuoteLamports":"4008185","expectedNetProfitLamports":"-4194469","targetProfitLamports":"83585","requiredSellQuoteLamports":"8286239"}
{"at":"2026-10-03T21:50:48.137Z","event":"price_progress","elapsedSeconds":399,"expectedSellQuoteLamports":"4008185","expectedNetProfitLamports":"-4194469","targetProfitLamports":"83585","requiredSellQuoteLamports":"8286239"}
{"at":"2026-10-03T21:50:53.302Z","event":"price_progress","elapsedSeconds":404,"expectedSellQuoteLamports":"4008185","expectedNetProfitLamports":"-4194469","targetProfitLamports":"83585","requiredSellQuoteLamports":"8286239"}
{"at":"2026-10-03T21:50:58.509Z","event":"price_progress","elapsedSeconds":409,"expectedSellQuoteLamports":"4008185","expectedNetProfitLamports":"-4194469","targetProfitLamports":"83585","requiredSellQuoteLamports":"8286239"}
{"at":"2026-10-03T21:51:03.736Z","event":"price_progress","elapsedSeconds":414,"expectedSellQuoteLamports":"4008185","expectedNetProfitLamports":"-4194469","targetProfitLamports":"83585","requiredSellQuoteLamports":"8286239"}
{"at":"2026-10-03T21:51:08.904Z","event":"price_progress","elapsedSeconds":420,"expectedSellQuoteLamports":"4008185","expectedNetProfitLamports":"-4194469","targetProfitLamports":"83585","requiredSellQuoteLamports":"8286239"}
{"at":"2026-10-03T21:51:14.074Z","event":"price_progress","elapsedSeconds":425,"expectedSellQuoteLamports":"4008185","expectedNetProfitLamports":"-4194469","targetProfitLamports":"83585","requiredSellQuoteLamports":"8286239"}
{"at":"2026-10-03T21:51:19.246Z","event":"price_progress","elapsedSeconds":430,"expectedSellQuoteLamports":"4008185","expectedNetProfitLamports":"-4194469","targetProfitLamports":"83585","requiredSellQuoteLamports":"8286239"}
{"at":"2026-10-03T21:51:24.449Z","event":"price_progress","elapsedSeconds":435,"expectedSellQuoteLamports":"4008185","expectedNetProfitLamports":"-4194469","targetProfitLamports":"83585","requiredSellQuoteLamports":"8286239"}
{"at":"2026-10-03T21:51:29.594Z","event":"price_progress","elapsedSeconds":440,"expectedSellQuoteLamports":"4008185","expectedNetProfitLamports":"-4194469","targetProfitLamports":"83585","requiredSellQuoteLamports":"8286239"}
{"at":"2026-10-03T21:51:34.747Z","event":"price_progress","elapsedSeconds":445,"expectedSellQuoteLamports":"4008185","expectedNetProfitLamports":"-4194469","targetProfitLamports":"83585","requiredSellQuoteLamports":"8286239"}
{"at":"2026-10-03T21:51:39.927Z","event":"price_progress","elapsedSeconds":451,"expectedSellQuoteLamports":"4008185","expectedNetProfitLamports":"-4194469","targetProfitLamports":"83585","requiredSellQuoteLamports":"8286239"}
{"at":"2026-10-03T21:51:45.081Z","event":"price_progress","elapsedSeconds":456,"expectedSellQuoteLamports":"4008185","expectedNetProfitLamports":"-4194469","targetProfitLamports":"83585","requiredSellQuoteLamports":"8286239"}
{"at":"2026-10-03T21:51:50.256Z","event":"price_progress","elapsedSeconds":461,"expectedSellQuoteLamports":"4008185","expectedNetProfitLamports":"-4194469","targetProfitLamports":"83585","requiredSellQuoteLamports":"8286239"}
{"at":"2026-10-03T21:51:55.469Z","event":"price_progress","elapsedSeconds":466,"expectedSellQuoteLamports":"4008185","expectedNetProfitLamports":"-4194469","targetProfitLamports":"83585","requiredSellQuoteLamports":"8286239"}
{"at":"2026-10-03T21:52:00.638Z","event":"price_progress","elapsedSeconds":471,"expectedSellQuoteLamports":"4008185","expectedNetProfitLamports":"-4194469","targetProfitLamports":"83585","requiredSellQuoteLamports":"8286239"}
{"at":"2026-10-03T21:52:05.818Z","event":"price_progress","elapsedSeconds":477,"expectedSellQuoteLamports":"4008185","expectedNetProfitLamports":"-4194469","targetProfitLamports":"83585","requiredSellQuoteLamports":"8286239"}
{"at":"2026-10-03T21:52:11.130Z","event":"price_progress","elapsedSeconds":482,"expectedSellQuoteLamports":"4008185","expectedNetProfitLamports":"-4194469","targetProfitLamports":"83585","requiredSellQuoteLamports":"8286239"}
{"at":"2026-10-03T21:52:16.404Z","event":"price_progress","elapsedSeconds":487,"expectedSellQuoteLamports":"4008185","expectedNetProfitLamports":"-4194469","targetProfitLamports":"83585","requiredSellQuoteLamports":"8286239"}
{"at":"2026-10-03T21:52:21.652Z","event":"price_progress","elapsedSeconds":492,"expectedSellQuoteLamports":"4008185","expectedNetProfitLamports":"-4194469","targetProfitLamports":"83585","requiredSellQuoteLamports":"8286239"}
{"at":"2026-10-03T21:52:26.880Z","event":"price_progress","elapsedSeconds":498,"expectedSellQuoteLamports":"4008185","expectedNetProfitLamports":"-4194469","targetProfitLamports":"83585","requiredSellQuoteLamports":"8286239"}
{"at":"2026-10-03T21:52:32.060Z","event":"price_progress","elapsedSeconds":503,"expectedSellQuoteLamports":"4008185","expectedNetProfitLamports":"-4194469","targetProfitLamports":"83585","requiredSellQuoteLamports":"8286239"}
{"at":"2026-10-03T21:52:37.262Z","event":"price_progress","elapsedSeconds":508,"expectedSellQuoteLamports":"4008185","expectedNetProfitLamports":"-4194469","targetProfitLamports":"83585","requiredSellQuoteLamports":"8286239"}
{"at":"2026-10-03T21:52:42.407Z","event":"price_progress","elapsedSeconds":513,"expectedSellQuoteLamports":"4008185","expectedNetProfitLamports":"-4194469","targetProfitLamports":"83585","requiredSellQuoteLamports":"8286239"}
{"at":"2026-10-03T21:52:47.570Z","event":"price_progress","elapsedSeconds":518,"expectedSellQuoteLamports":"4008185","expectedNetProfitLamports":"-4194469","targetProfitLamports":"83585","requiredSellQuoteLamports":"8286239"}
{"at":"2026-10-03T21:52:52.724Z","event":"price_progress","elapsedSeconds":523,"expectedSellQuoteLamports":"4008185","expectedNetProfitLamports":"-4194469","targetProfitLamports":"83585","requiredSellQuoteLamports":"8286239"}
{"at":"2026-10-03T21:52:57.866Z","event":"price_progress","elapsedSeconds":529,"expectedSellQuoteLamports":"4008185","expectedNetProfitLamports":"-4194469","targetProfitLamports":"83585","requiredSellQuoteLamports":"8286239"}
{"at":"2026-10-03T21:53:03.043Z","event":"price_progress","elapsedSeconds":534,"expectedSellQuoteLamports":"4008185","expectedNetProfitLamports":"-4194469","targetProfitLamports":"83585","requiredSellQuoteLamports":"8286239"}
{"at":"2026-10-03T21:53:08.176Z","event":"price_progress","elapsedSeconds":539,"expectedSellQuoteLamports":"4008185","expectedNetProfitLamports":"-4194469","targetProfitLamports":"83585","requiredSellQuoteLamports":"8286239"}
{"at":"2026-10-03T21:53:13.456Z","event":"price_progress","elapsedSeconds":544,"expectedSellQuoteLamports":"4008185","expectedNetProfitLamports":"-4194469","targetProfitLamports":"83585","requiredSellQuoteLamports":"8286239"}
{"at":"2026-10-03T21:53:18.610Z","event":"price_progress","elapsedSeconds":549,"expectedSellQuoteLamports":"4008185","expectedNetProfitLamports":"-4194469","targetProfitLamports":"83585","requiredSellQuoteLamports":"8286239"}
{"at":"2026-10-03T21:53:23.783Z","event":"price_progress","elapsedSeconds":554,"expectedSellQuoteLamports":"4008185","expectedNetProfitLamports":"-4194469","targetProfitLamports":"83585","requiredSellQuoteLamports":"8286239"}
{"at":"2026-10-03T21:53:28.931Z","event":"price_progress","elapsedSeconds":560,"expectedSellQuoteLamports":"4008185","expectedNetProfitLamports":"-4194469","targetProfitLamports":"83585","requiredSellQuoteLamports":"8286239"}
{"at":"2026-10-03T21:53:34.159Z","event":"price_progress","elapsedSeconds":565,"expectedSellQuoteLamports":"4008185","expectedNetProfitLamports":"-4194469","targetProfitLamports":"83585","requiredSellQuoteLamports":"8286239"}
{"at":"2026-10-03T21:53:39.353Z","event":"price_progress","elapsedSeconds":570,"expectedSellQuoteLamports":"4008185","expectedNetProfitLamports":"-4194469","targetProfitLamports":"83585","requiredSellQuoteLamports":"8286239"}
{"at":"2026-10-03T21:53:44.604Z","event":"price_progress","elapsedSeconds":575,"expectedSellQuoteLamports":"4008185","expectedNetProfitLamports":"-4194469","targetProfitLamports":"83585","requiredSellQuoteLamports":"8286239"}
{"at":"2026-10-03T21:53:49.754Z","event":"price_progress","elapsedSeconds":580,"expectedSellQuoteLamports":"4008185","expectedNetProfitLamports":"-4194469","targetProfitLamports":"83585","requiredSellQuoteLamports":"8286239"}
{"at":"2026-10-03T21:53:54.900Z","event":"price_progress","elapsedSeconds":586,"expectedSellQuoteLamports":"4008185","expectedNetProfitLamports":"-4194469","targetProfitLamports":"83585","requiredSellQuoteLamports":"8286239"}
{"at":"2026-10-03T21:54:00.037Z","event":"price_progress","elapsedSeconds":591,"expectedSellQuoteLamports":"4008185","expectedNetProfitLamports":"-4194469","targetProfitLamports":"83585","requiredSellQuoteLamports":"8286239"}
{"at":"2026-10-03T21:54:05.242Z","event":"price_progress","elapsedSeconds":596,"expectedSellQuoteLamports":"4008185","expectedNetProfitLamports":"-4194469","targetProfitLamports":"83585","requiredSellQuoteLamports":"8286239"}
{"at":"2026-10-03T21:54:10.378Z","event":"price_progress","elapsedSeconds":601,"expectedSellQuoteLamports":"4008185","expectedNetProfitLamports":"-4194469","targetProfitLamports":"83585","requiredSellQuoteLamports":"8286239"}
{"at":"2026-10-03T21:54:15.658Z","event":"price_progress","elapsedSeconds":606,"expectedSellQuoteLamports":"4008185","expectedNetProfitLamports":"-4194469","targetProfitLamports":"83585","requiredSellQuoteLamports":"8286239"}
{"at":"2026-10-03T21:54:20.807Z","event":"price_progress","elapsedSeconds":611,"expectedSellQuoteLamports":"4008185","expectedNetProfitLamports":"-4194469","targetProfitLamports":"83585","requiredSellQuoteLamports":"8286239"}
{"at":"2026-10-03T21:54:25.955Z","event":"price_progress","elapsedSeconds":617,"expectedSellQuoteLamports":"4008185","expectedNetProfitLamports":"-4194469","targetProfitLamports":"83585","requiredSellQuoteLamports":"8286239"}
{"at":"2026-10-03T21:54:31.113Z","event":"price_progress","elapsedSeconds":622,"expectedSellQuoteLamports":"4008185","expectedNetProfitLamports":"-4194469","targetProfitLamports":"83585","requiredSellQuoteLamports":"8286239"}
{"at":"2026-10-03T21:54:36.248Z","event":"price_progress","elapsedSeconds":627,"expectedSellQuoteLamports":"4008185","expectedNetProfitLamports":"-4194469","targetProfitLamports":"83585","requiredSellQuoteLamports":"8286239"}
{"at":"2026-10-03T21:54:41.430Z","event":"price_progress","elapsedSeconds":632,"expectedSellQuoteLamports":"4008185","expectedNetProfitLamports":"-4194469","targetProfitLamports":"83585","requiredSellQuoteLamports":"8286239"}
{"at":"2026-10-03T21:54:46.641Z","event":"price_progress","elapsedSeconds":637,"expectedSellQuoteLamports":"4008185","expectedNetProfitLamports":"-4194469","targetProfitLamports":"83585","requiredSellQuoteLamports":"8286239"}
{"at":"2026-10-03T21:54:51.974Z","event":"price_progress","elapsedSeconds":643,"expectedSellQuoteLamports":"4008185","expectedNetProfitLamports":"-4194469","targetProfitLamports":"83585","requiredSellQuoteLamports":"8286239"}
{"at":"2026-10-03T21:54:57.229Z","event":"price_progress","elapsedSeconds":648,"expectedSellQuoteLamports":"4008185","expectedNetProfitLamports":"-4194469","targetProfitLamports":"83585","requiredSellQuoteLamports":"8286239"}
{"at":"2026-10-03T21:55:02.390Z","event":"price_progress","elapsedSeconds":653,"expectedSellQuoteLamports":"4008185","expectedNetProfitLamports":"-4194469","targetProfitLamports":"83585","requiredSellQuoteLamports":"8286239"}
{"at":"2026-10-03T21:55:07.528Z","event":"price_progress","elapsedSeconds":658,"expectedSellQuoteLamports":"4008185","expectedNetProfitLamports":"-4194469","targetProfitLamports":"83585","requiredSellQuoteLamports":"8286239"}
{"at":"2026-10-03T21:55:12.667Z","event":"price_progress","elapsedSeconds":663,"expectedSellQuoteLamports":"4008185","expectedNetProfitLamports":"-4194469","targetProfitLamports":"83585","requiredSellQuoteLamports":"8286239"}
{"at":"2026-10-03T21:55:17.934Z","event":"price_progress","elapsedSeconds":669,"expectedSellQuoteLamports":"4008185","expectedNetProfitLamports":"-4194469","targetProfitLamports":"83585","requiredSellQuoteLamports":"8286239"}
{"at":"2026-10-03T21:55:23.083Z","event":"price_progress","elapsedSeconds":674,"expectedSellQuoteLamports":"4008185","expectedNetProfitLamports":"-4194469","targetProfitLamports":"83585","requiredSellQuoteLamports":"8286239"}
{"at":"2026-10-03T21:55:28.273Z","event":"price_progress","elapsedSeconds":679,"expectedSellQuoteLamports":"4008185","expectedNetProfitLamports":"-4194469","targetProfitLamports":"83585","requiredSellQuoteLamports":"8286239"}
{"at":"2026-10-03T21:55:33.529Z","event":"price_progress","elapsedSeconds":684,"expectedSellQuoteLamports":"4008185","expectedNetProfitLamports":"-4194469","targetProfitLamports":"83585","requiredSellQuoteLamports":"8286239"}
{"at":"2026-10-03T21:55:38.698Z","event":"price_progress","elapsedSeconds":689,"expectedSellQuoteLamports":"4008185","expectedNetProfitLamports":"-4194469","targetProfitLamports":"83585","requiredSellQuoteLamports":"8286239"}
{"at":"2026-10-03T21:55:43.852Z","event":"price_progress","elapsedSeconds":695,"expectedSellQuoteLamports":"4008185","expectedNetProfitLamports":"-4194469","targetProfitLamports":"83585","requiredSellQuoteLamports":"8286239"}
{"at":"2026-10-03T21:55:49.052Z","event":"price_progress","elapsedSeconds":700,"expectedSellQuoteLamports":"4008185","expectedNetProfitLamports":"-4194469","targetProfitLamports":"83585","requiredSellQuoteLamports":"8286239"}
{"at":"2026-10-03T21:55:54.195Z","event":"price_progress","elapsedSeconds":705,"expectedSellQuoteLamports":"4008185","expectedNetProfitLamports":"-4194469","targetProfitLamports":"83585","requiredSellQuoteLamports":"8286239"}
{"at":"2026-10-03T21:55:59.450Z","event":"price_progress","elapsedSeconds":710,"expectedSellQuoteLamports":"4008185","expectedNetProfitLamports":"-4194469","targetProfitLamports":"83585","requiredSellQuoteLamports":"8286239"}
{"at":"2026-10-03T21:56:04.677Z","event":"price_progress","elapsedSeconds":715,"expectedSellQuoteLamports":"4008185","expectedNetProfitLamports":"-4194469","targetProfitLamports":"83585","requiredSellQuoteLamports":"8286239"}
{"at":"2026-10-03T21:56:09.930Z","event":"price_progress","elapsedSeconds":721,"expectedSellQuoteLamports":"4008185","expectedNetProfitLamports":"-4194469","targetProfitLamports":"83585","requiredSellQuoteLamports":"8286239"}
{"at":"2026-10-03T21:56:15.253Z","event":"price_progress","elapsedSeconds":726,"expectedSellQuoteLamports":"4008185","expectedNetProfitLamports":"-4194469","targetProfitLamports":"83585","requiredSellQuoteLamports":"8286239"}
{"at":"2026-10-03T21:56:20.407Z","event":"price_progress","elapsedSeconds":731,"expectedSellQuoteLamports":"4008185","expectedNetProfitLamports":"-4194469","targetProfitLamports":"83585","requiredSellQuoteLamports":"8286239"}
{"at":"2026-10-03T21:56:25.551Z","event":"price_progress","elapsedSeconds":736,"expectedSellQuoteLamports":"4008185","expectedNetProfitLamports":"-4194469","targetProfitLamports":"83585","requiredSellQuoteLamports":"8286239"}
{"at":"2026-10-03T21:56:30.757Z","event":"price_progress","elapsedSeconds":741,"expectedSellQuoteLamports":"4008185","expectedNetProfitLamports":"-4194469","targetProfitLamports":"83585","requiredSellQuoteLamports":"8286239"}
{"at":"2026-10-03T21:56:35.904Z","event":"price_progress","elapsedSeconds":747,"expectedSellQuoteLamports":"4008185","expectedNetProfitLamports":"-4194469","targetProfitLamports":"83585","requiredSellQuoteLamports":"8286239"}
{"at":"2026-10-03T21:56:41.050Z","event":"price_progress","elapsedSeconds":752,"expectedSellQuoteLamports":"4008185","expectedNetProfitLamports":"-4194469","targetProfitLamports":"83585","requiredSellQuoteLamports":"8286239"}
{"at":"2026-10-03T21:56:46.276Z","event":"price_progress","elapsedSeconds":757,"expectedSellQuoteLamports":"4008185","expectedNetProfitLamports":"-4194469","targetProfitLamports":"83585","requiredSellQuoteLamports":"8286239"}
{"at":"2026-10-03T21:56:51.424Z","event":"price_progress","elapsedSeconds":762,"expectedSellQuoteLamports":"4008185","expectedNetProfitLamports":"-4194469","targetProfitLamports":"83585","requiredSellQuoteLamports":"8286239"}
{"at":"2026-10-03T21:56:56.571Z","event":"price_progress","elapsedSeconds":767,"expectedSellQuoteLamports":"4008185","expectedNetProfitLamports":"-4194469","targetProfitLamports":"83585","requiredSellQuoteLamports":"8286239"}
{"at":"2026-10-03T21:57:01.728Z","event":"price_progress","elapsedSeconds":772,"expectedSellQuoteLamports":"4008185","expectedNetProfitLamports":"-4194469","targetProfitLamports":"83585","requiredSellQuoteLamports":"8286239"}
{"at":"2026-10-03T21:57:06.897Z","event":"price_progress","elapsedSeconds":778,"expectedSellQuoteLamports":"4008185","expectedNetProfitLamports":"-4194469","targetProfitLamports":"83585","requiredSellQuoteLamports":"8286239"}
{"at":"2026-10-03T21:57:12.065Z","event":"price_progress","elapsedSeconds":783,"expectedSellQuoteLamports":"4008185","expectedNetProfitLamports":"-4194469","targetProfitLamports":"83585","requiredSellQuoteLamports":"8286239"}
{"at":"2026-10-03T21:57:17.209Z","event":"price_progress","elapsedSeconds":788,"expectedSellQuoteLamports":"4008185","expectedNetProfitLamports":"-4194469","targetProfitLamports":"83585","requiredSellQuoteLamports":"8286239"}
{"at":"2026-10-03T21:57:22.386Z","event":"price_progress","elapsedSeconds":793,"expectedSellQuoteLamports":"4008185","expectedNetProfitLamports":"-4194469","targetProfitLamports":"83585","requiredSellQuoteLamports":"8286239"}
{"at":"2026-10-03T21:57:27.581Z","event":"price_progress","elapsedSeconds":798,"expectedSellQuoteLamports":"4008185","expectedNetProfitLamports":"-4194469","targetProfitLamports":"83585","requiredSellQuoteLamports":"8286239"}
{"at":"2026-10-03T21:57:32.768Z","event":"price_progress","elapsedSeconds":803,"expectedSellQuoteLamports":"4008185","expectedNetProfitLamports":"-4194469","targetProfitLamports":"83585","requiredSellQuoteLamports":"8286239"}
{"at":"2026-10-03T21:57:37.913Z","event":"price_progress","elapsedSeconds":809,"expectedSellQuoteLamports":"4008185","expectedNetProfitLamports":"-4194469","targetProfitLamports":"83585","requiredSellQuoteLamports":"8286239"}
{"at":"2026-10-03T21:57:43.173Z","event":"price_progress","elapsedSeconds":814,"expectedSellQuoteLamports":"4008185","expectedNetProfitLamports":"-4194469","targetProfitLamports":"83585","requiredSellQuoteLamports":"8286239"}
{"at":"2026-10-03T21:57:48.353Z","event":"price_progress","elapsedSeconds":819,"expectedSellQuoteLamports":"4008185","expectedNetProfitLamports":"-4194469","targetProfitLamports":"83585","requiredSellQuoteLamports":"8286239"}
{"at":"2026-10-03T21:57:53.510Z","event":"price_progress","elapsedSeconds":824,"expectedSellQuoteLamports":"4008185","expectedNetProfitLamports":"-4194469","targetProfitLamports":"83585","requiredSellQuoteLamports":"8286239"}
{"at":"2026-10-03T21:57:58.726Z","event":"price_progress","elapsedSeconds":829,"expectedSellQuoteLamports":"4008185","expectedNetProfitLamports":"-4194469","targetProfitLamports":"83585","requiredSellQuoteLamports":"8286239"}
{"at":"2026-10-03T21:58:03.907Z","event":"price_progress","elapsedSeconds":835,"expectedSellQuoteLamports":"4008185","expectedNetProfitLamports":"-4194469","targetProfitLamports":"83585","requiredSellQuoteLamports":"8286239"}
{"at":"2026-10-03T21:58:09.086Z","event":"price_progress","elapsedSeconds":840,"expectedSellQuoteLamports":"4008185","expectedNetProfitLamports":"-4194469","targetProfitLamports":"83585","requiredSellQuoteLamports":"8286239"}
{"at":"2026-10-03T21:58:14.218Z","event":"price_progress","elapsedSeconds":845,"expectedSellQuoteLamports":"4008185","expectedNetProfitLamports":"-4194469","targetProfitLamports":"83585","requiredSellQuoteLamports":"8286239"}
{"at":"2026-10-03T21:58:19.416Z","event":"price_progress","elapsedSeconds":850,"expectedSellQuoteLamports":"4008185","expectedNetProfitLamports":"-4194469","targetProfitLamports":"83585","requiredSellQuoteLamports":"8286239"}
{"at":"2026-10-03T21:58:24.596Z","event":"price_progress","elapsedSeconds":855,"expectedSellQuoteLamports":"4008185","expectedNetProfitLamports":"-4194469","targetProfitLamports":"83585","requiredSellQuoteLamports":"8286239"}
{"at":"2026-10-03T21:58:29.740Z","event":"price_progress","elapsedSeconds":860,"expectedSellQuoteLamports":"4008185","expectedNetProfitLamports":"-4194469","targetProfitLamports":"83585","requiredSellQuoteLamports":"8286239"}
{"at":"2026-10-03T21:58:34.878Z","event":"price_progress","elapsedSeconds":866,"expectedSellQuoteLamports":"4008185","expectedNetProfitLamports":"-4194469","targetProfitLamports":"83585","requiredSellQuoteLamports":"8286239"}
{"at":"2026-10-03T21:58:40.079Z","event":"price_progress","elapsedSeconds":871,"expectedSellQuoteLamports":"4008185","expectedNetProfitLamports":"-4194469","targetProfitLamports":"83585","requiredSellQuoteLamports":"8286239"}
{"at":"2026-10-03T21:58:45.269Z","event":"price_progress","elapsedSeconds":876,"expectedSellQuoteLamports":"4008185","expectedNetProfitLamports":"-4194469","targetProfitLamports":"83585","requiredSellQuoteLamports":"8286239"}
{"at":"2026-10-03T21:58:50.425Z","event":"price_progress","elapsedSeconds":881,"expectedSellQuoteLamports":"4008185","expectedNetProfitLamports":"-4194469","targetProfitLamports":"83585","requiredSellQuoteLamports":"8286239"}
{"at":"2026-10-03T21:58:55.599Z","event":"price_progress","elapsedSeconds":886,"expectedSellQuoteLamports":"4008185","expectedNetProfitLamports":"-4194469","targetProfitLamports":"83585","requiredSellQuoteLamports":"8286239"}
{"at":"2026-10-03T21:59:00.895Z","event":"price_progress","elapsedSeconds":892,"expectedSellQuoteLamports":"4008185","expectedNetProfitLamports":"-4194469","targetProfitLamports":"83585","requiredSellQuoteLamports":"8286239"}
{"at":"2026-10-03T21:59:06.108Z","event":"price_progress","elapsedSeconds":897,"expectedSellQuoteLamports":"4008185","expectedNetProfitLamports":"-4194469","targetProfitLamports":"83585","requiredSellQuoteLamports":"8286239"}
{"at":"2026-10-03T21:59:11.110Z","event":"sell_started","reason":"max_hold_15_minutes","requiredMinimumLamports":null}
{"at":"2026-10-03T21:59:11.300Z","event":"sell_quote","attempt":1,"tokenRaw":"145140131486","expectedLamports":"4008185","minimumLamports":"3607366","curveRealQuoteLamports":"5544543"}
{"at":"2026-10-03T21:59:11.394Z","event":"sell_simulation","err":null,"unitsConsumed":81508}
{"at":"2026-10-03T21:59:11.445Z","event":"sell_submitted","signature":"3Qscst2TsqVECKmdsSuJK9XSjw8U1mJGFMLNF9bBATKzK52TpUuu3V2ZNeoZbkXLTy8BxtrPP2DkKq8BaBdu9uy4"}
{"at":"2026-10-03T21:59:13.702Z","event":"sell_confirmed","signature":"3Qscst2TsqVECKmdsSuJK9XSjw8U1mJGFMLNF9bBATKzK52TpUuu3V2ZNeoZbkXLTy8BxtrPP2DkKq8BaBdu9uy4","slot":453061336,"feeLamports":45000,"walletBalanceBeforeLamports":442209955,"walletBalanceAfterLamports":446173140,"actualTradeSolLamports":null}
{"at":"2026-10-03T21:59:13.791Z","event":"sell_result","signature":"3Qscst2TsqVECKmdsSuJK9XSjw8U1mJGFMLNF9bBATKzK52TpUuu3V2ZNeoZbkXLTy8BxtrPP2DkKq8BaBdu9uy4","remainingTokenRaw":"0","walletSol":0.44617314}
{"at":"2026-10-03T21:59:13.830Z","event":"complete","buySignature":"512nUGf3z6LQukxubg5zNNR7RuP5BoWt6vjkCfE5rnvhWLP6yATPsq2YoSLCvoQwad7XieocEpnnqQ52tiPZtPLe","exitReason":"max_hold_15_minutes","finalWalletLamports":446173140}
