bigint: Failed to load bindings, pure JS will be used (try npm run rebuild?)
{"at":"2026-10-04T11:02:57.538Z","event":"sniff_started","maxTokens":15,"timeoutSeconds":120}
{"at":"2026-10-04T11:02:58.698Z","event":"pumpfun_create","index":1,"mint":"Cu4e8qpCoTt53yqRagH95fJ9mLG13yih2joVTURiRTQn","signature":"gsvGZPK8rLuxra66P7uQEb92vXK6yE7RqykHQKau9ygMGJwVACPxCG3mjdLPyyVENDJZMiLASSESx8bDxjTghHE","slot":453237331,"suffixBytes":9}
{"at":"2026-10-04T11:02:59.288Z","event":"pumpfun_create","index":2,"mint":"5Ud7SwXahDV3vTn81EZ8KHu8jFCicaimX6MS8nMc7omz","signature":"2xqjikzHCuRGtepZvhVbMsg2sf9Do7J3yCkw7x5Qp6HZjRabYjAEkqmQ1HLcjX9MZEMnJLyctojLEhtqYnDcgFsy","slot":453237333,"suffixBytes":9}
{"at":"2026-10-04T11:02:59.493Z","event":"pumpfun_create","index":3,"mint":"F85etkxu9NApMdNZNREatMnjpwHJ2fRCvJUX72xXTxuG","signature":"aLyzthLn4ARzNqPsZCavP9HRPxessB87XKBaYmDdief9ibwSiTjR5rDq3N2rdGi7xDzwPqKzu7mB1eHPzQnRNJ6","slot":453237334,"suffixBytes":9}
{"at":"2026-10-04T11:02:59.845Z","event":"pumpfun_create","index":4,"mint":"6fmaHsGyrzcfK6pVxk7n1ucJf2LTNHWmYEa9GDPHDtjy","signature":"gQQzmsJTa3a8yknnBr8cYu5qkFHLMvXX2mrVpme8NS5yBZDoFGtFxhxnRF6xyr63PBdGzudGdN1p9jHvt4cVEVi","slot":453237335,"suffixBytes":9}
{"at":"2026-10-04T11:02:59.850Z","event":"pumpfun_create","index":5,"mint":"3jJvpnoUpfHGcc4tjtF9sav3jJQngigP9ZuarEaQpump","signature":"4CcAD7Jz6VsvrZDPReBE3nwszwSm2z8vZxcyxi1ppKWWjMvwj8egR8eRTARYtgqRRikuZdWM3PRdtHYi6LcTay6R","slot":453237335,"suffixBytes":9}
{"at":"2026-10-04T11:03:00.135Z","event":"pumpfun_create","index":6,"mint":"4HHJcKNiSkT4N7dXEYfXFirzNvw9CmQHPrQEzAnwq6pL","signature":"56fS1ozxexizvsP7TZA3JfaKqjKb4KGJUYqqEUxnKYUsXpekYLyA2G3cnN63zwRrELgnat7Jv47J9P9NAowFsyWk","slot":453237336,"suffixBytes":9}
{"at":"2026-10-04T11:03:00.285Z","event":"pumpfun_create","index":7,"mint":"BtPYunJ74LMQbBXbH5DonwvL1HhSpyvVzgGW1KvWpump","signature":"36N2TNbFUt7xf3781qK6FmSsrm13vsJiFcwZZPrGaVYwDWmjJP4xHJEM95wtdxCMwjjCLUkm6GpSpQ628CgmYeW5","slot":453237337,"suffixBytes":9}
{"at":"2026-10-04T11:03:00.295Z","event":"pumpfun_create","index":8,"mint":"2j8zNPP8ZgJ4PSip3t7m2UnQTzqJYVPaKrEk4kbpzDxz","signature":"dGqwWLEuK2UH8E5HMEuxSfcNQoHZpiwoVyn6zAQ5jvheLQBsgcyn1SF8wA6K7ARpuX1XC1QmGqLD8Nxo8nF1ddG","slot":453237337,"suffixBytes":9}
{"at":"2026-10-04T11:03:02.097Z","event":"pumpfun_create","index":9,"mint":"5EaZUq48sHdXCez466RZ7SoSheo7VLpzFoJp8SodarDZ","signature":"38z2jTBdodCjVs8xVXTewhiN8u3A94CoJo9pFzuiyNfv2gRmWeCfpj2sVNgpUQA5ufCm6tMcg56fHZmjyiYecTNp","slot":453237344,"suffixBytes":9}
{"at":"2026-10-04T11:03:02.584Z","event":"pumpfun_create","index":10,"mint":"5eVk3wWhkjj2Qi2zFxoudCgo5SKsQyFkrL34n5jvcX1n","signature":"3NiMbaJ8RCPfSGaT96zPwjtWDxtfVoQ7Sm7AY8iUjkftnTy4D8NogdaHUpqsE5Z47XbemiUjt6uY1ZmJdpL28yiV","slot":453237346,"suffixBytes":9}
{"at":"2026-10-04T11:03:03.216Z","event":"pumpfun_create","index":11,"mint":"2JryT5SUMckzGGyboXATCKw9gRfkaagobQHXNuGJ5Pjt","signature":"9k7jrHZNxtv6g97GK958T7igGZn5qauwsaNHJ4MjM3iXATM8gkMfEy65cw3vMy97V558t4WUMEnSZYKViyyeqMw","slot":453237348,"suffixBytes":9}
{"at":"2026-10-04T11:03:03.217Z","event":"pumpfun_create","index":12,"mint":"4cNkmAYF7SNM6JAz1MDu6wDTP7Ru76f6oEytEKN1m3mC","signature":"eqMjzCtuRQvctQfv5RPZDrQL7gxVhRbvkGC9GyWAghrU4Q8xVTahaje6eYDsCF6b1hWdMipTSfUJ7qg7MT5jrTi","slot":453237348,"suffixBytes":9}
{"at":"2026-10-04T11:03:03.466Z","event":"pumpfun_create","index":13,"mint":"APRAW448UnLSbUDcWFoALdx34m2JewnjxXbhYcUzQW5a","signature":"2tWXsfsxJUavEutRmFRZFRVq4t4LtMnJPTxV8iRrqorPyibxBn3E7mfV34fESZs2b8JcVvoLP7dqxEiZuQ6TSABN","slot":453237349,"suffixBytes":9}
{"at":"2026-10-04T11:03:03.479Z","event":"pumpfun_create","index":14,"mint":"CsepZ5eyBE6wjhL47WMQb2KwjswrtBvVsEPSidxspump","signature":"5ar3uRsjgT4LULMVUTrhW3kCAA6ux4sh93kqqQWYd5mf5vemYSyUBY5p7fr7ctVHqgfBiuKuv9agWzEVEvEHBcMZ","slot":453237349,"suffixBytes":9}
{"at":"2026-10-04T11:03:03.720Z","event":"pumpfun_create","index":15,"mint":"7MiPJtMdF2CcKncuXmkAqcq7nDY7snX8UVPFj5jhpump","signature":"xWiCZF8MNPiKGTaagK1c53AnMURNVfrwPJNmhWVA1QJ8ygcQA3nsEZim4KCEmEShTKBuuewDmbNggDeka7ttHr9","slot":453237350,"suffixBytes":9}
{"at":"2026-10-04T11:03:04.093Z","event":"sniff_stopped","count":15,"reason":"limit_15"}
{"at":"2026-10-04T11:03:07.516Z","event":"candidate","index":1,"mint":"Cu4e8qpCoTt53yqRagH95fJ9mLG13yih2joVTURiRTQn","creationFinalized":true,"mintOwner":"TokenzQdBNbLqP5VEhdkAS6EPFLC1PHnBqCXEpPxuEb","quoteMint":"11111111111111111111111111111111","mayhem":false,"complete":false,"realQuoteLamports":"148881368","realTokenRaw":"787801305769320","error":null}
{"at":"2026-10-04T11:03:07.601Z","event":"candidate","index":2,"mint":"5Ud7SwXahDV3vTn81EZ8KHu8jFCicaimX6MS8nMc7omz","creationFinalized":true,"mintOwner":"TokenzQdBNbLqP5VEhdkAS6EPFLC1PHnBqCXEpPxuEb","quoteMint":"11111111111111111111111111111111","mayhem":false,"complete":false,"realQuoteLamports":"56581007","realTokenRaw":"791080095654105","error":null}
{"at":"2026-10-04T11:03:07.685Z","event":"candidate","index":3,"mint":"F85etkxu9NApMdNZNREatMnjpwHJ2fRCvJUX72xXTxuG","creationFinalized":true,"mintOwner":"TokenzQdBNbLqP5VEhdkAS6EPFLC1PHnBqCXEpPxuEb","quoteMint":"XsoCS1TfEyfFhfvj8EtZ528L3CaKBDBRqRapnBbDF2W","mayhem":false,"complete":false,"realQuoteLamports":"0","realTokenRaw":"793100000000000","error":null}
{"at":"2026-10-04T11:03:08.823Z","event":"candidate","index":4,"mint":"6fmaHsGyrzcfK6pVxk7n1ucJf2LTNHWmYEa9GDPHDtjy","creationFinalized":true,"mintOwner":"TokenzQdBNbLqP5VEhdkAS6EPFLC1PHnBqCXEpPxuEb","quoteMint":"11111111111111111111111111111111","mayhem":false,"complete":false,"realQuoteLamports":"56581007","realTokenRaw":"791080095654105","error":null}
{"at":"2026-10-04T11:03:08.928Z","event":"candidate","index":5,"mint":"3jJvpnoUpfHGcc4tjtF9sav3jJQngigP9ZuarEaQpump","creationFinalized":true,"mintOwner":"TokenzQdBNbLqP5VEhdkAS6EPFLC1PHnBqCXEpPxuEb","quoteMint":"11111111111111111111111111111111","mayhem":false,"complete":false,"realQuoteLamports":"134801486","realTokenRaw":"788300167674440","error":null}
{"at":"2026-10-04T11:03:09.021Z","event":"candidate","index":6,"mint":"4HHJcKNiSkT4N7dXEYfXFirzNvw9CmQHPrQEzAnwq6pL","creationFinalized":true,"mintOwner":"TokenzQdBNbLqP5VEhdkAS6EPFLC1PHnBqCXEpPxuEb","quoteMint":"XsoCS1TfEyfFhfvj8EtZ528L3CaKBDBRqRapnBbDF2W","mayhem":false,"complete":false,"realQuoteLamports":"0","realTokenRaw":"793100000000000","error":null}
{"at":"2026-10-04T11:03:09.133Z","event":"candidate","index":7,"mint":"BtPYunJ74LMQbBXbH5DonwvL1HhSpyvVzgGW1KvWpump","creationFinalized":true,"mintOwner":"TokenzQdBNbLqP5VEhdkAS6EPFLC1PHnBqCXEpPxuEb","quoteMint":"11111111111111111111111111111111","mayhem":false,"complete":false,"realQuoteLamports":"7555874845","realTokenRaw":"577222891109444","error":null}
{"at":"2026-10-04T11:03:09.221Z","event":"candidate","index":8,"mint":"2j8zNPP8ZgJ4PSip3t7m2UnQTzqJYVPaKrEk4kbpzDxz","creationFinalized":true,"mintOwner":"TokenzQdBNbLqP5VEhdkAS6EPFLC1PHnBqCXEpPxuEb","quoteMint":"BoTx8y9ynfdxf5ZjWtCoBVkff52qKA82ysaLU8ZM6d8T","mayhem":false,"complete":false,"realQuoteLamports":"0","realTokenRaw":"793100000000000","error":null}
{"at":"2026-10-04T11:03:10.376Z","event":"candidate","index":9,"mint":"5EaZUq48sHdXCez466RZ7SoSheo7VLpzFoJp8SodarDZ","creationFinalized":true,"mintOwner":"TokenzQdBNbLqP5VEhdkAS6EPFLC1PHnBqCXEpPxuEb","quoteMint":"11111111111111111111111111111111","mayhem":false,"complete":false,"realQuoteLamports":"46823788","realTokenRaw":"791427879071218","error":null}
{"at":"2026-10-04T11:03:11.523Z","event":"candidate","index":10,"mint":"5eVk3wWhkjj2Qi2zFxoudCgo5SKsQyFkrL34n5jvcX1n","creationFinalized":true,"mintOwner":"TokenzQdBNbLqP5VEhdkAS6EPFLC1PHnBqCXEpPxuEb","quoteMint":"11111111111111111111111111111111","mayhem":false,"complete":false,"realQuoteLamports":"46823788","realTokenRaw":"791427879071218","error":null}
{"at":"2026-10-04T11:03:11.620Z","event":"candidate","index":11,"mint":"2JryT5SUMckzGGyboXATCKw9gRfkaagobQHXNuGJ5Pjt","creationFinalized":true,"mintOwner":"TokenzQdBNbLqP5VEhdkAS6EPFLC1PHnBqCXEpPxuEb","quoteMint":"XsoCS1TfEyfFhfvj8EtZ528L3CaKBDBRqRapnBbDF2W","mayhem":false,"complete":false,"realQuoteLamports":"0","realTokenRaw":"793100000000000","error":null}
{"at":"2026-10-04T11:03:11.711Z","event":"candidate","index":12,"mint":"4cNkmAYF7SNM6JAz1MDu6wDTP7Ru76f6oEytEKN1m3mC","creationFinalized":true,"mintOwner":"TokenzQdBNbLqP5VEhdkAS6EPFLC1PHnBqCXEpPxuEb","quoteMint":"XsoCS1TfEyfFhfvj8EtZ528L3CaKBDBRqRapnBbDF2W","mayhem":false,"complete":false,"realQuoteLamports":"0","realTokenRaw":"793100000000000","error":null}
{"at":"2026-10-04T11:03:11.835Z","event":"candidate","index":13,"mint":"APRAW448UnLSbUDcWFoALdx34m2JewnjxXbhYcUzQW5a","creationFinalized":true,"mintOwner":"TokenzQdBNbLqP5VEhdkAS6EPFLC1PHnBqCXEpPxuEb","quoteMint":"11111111111111111111111111111111","mayhem":false,"complete":false,"realQuoteLamports":"46823788","realTokenRaw":"791427879071218","error":null}
{"at":"2026-10-04T11:03:11.967Z","event":"candidate","index":14,"mint":"CsepZ5eyBE6wjhL47WMQb2KwjswrtBvVsEPSidxspump","creationFinalized":true,"mintOwner":"TokenzQdBNbLqP5VEhdkAS6EPFLC1PHnBqCXEpPxuEb","quoteMint":"11111111111111111111111111111111","mayhem":false,"complete":false,"realQuoteLamports":"977777","realTokenRaw":"793065029346220","error":null}
{"at":"2026-10-04T11:03:12.081Z","event":"candidate","index":15,"mint":"7MiPJtMdF2CcKncuXmkAqcq7nDY7snX8UVPFj5jhpump","creationFinalized":true,"mintOwner":"TokenzQdBNbLqP5VEhdkAS6EPFLC1PHnBqCXEpPxuEb","quoteMint":"11111111111111111111111111111111","mayhem":false,"complete":false,"realQuoteLamports":"98765431","realTokenRaw":"789579081253152","error":null}
{"at":"2026-10-04T11:03:12.082Z","event":"activity_started","seconds":45}
{"at":"2026-10-04T11:03:17.084Z","event":"activity_progress","elapsedSeconds":5,"summary":{"BtPYunJ74LMQbBXbH5DonwvL1HhSpyvVzgGW1KvWpump":{"buys":1,"sells":12,"uniqueBuyers":1},"Cu4e8qpCoTt53yqRagH95fJ9mLG13yih2joVTURiRTQn":{"buys":0,"sells":1,"uniqueBuyers":0},"5Ud7SwXahDV3vTn81EZ8KHu8jFCicaimX6MS8nMc7omz":{"buys":0,"sells":1,"uniqueBuyers":0},"6fmaHsGyrzcfK6pVxk7n1ucJf2LTNHWmYEa9GDPHDtjy":{"buys":0,"sells":1,"uniqueBuyers":0}}}
