bigint: Failed to load bindings, pure JS will be used (try npm run rebuild?)
{"at":"2026-10-04T10:41:19.500Z","event":"preflight","mint":"2Uc6S4C5aQ5NH1J5Co4HPwdSuZCS8QGmBPd5SRxppump","wallet":"2LvenbX1TdhX8EbxGBmcZYiXuZFN4utA8QZY1UgGXwmZ","initialWalletLamports":413364581,"krakenSolUsdt":121.27,"maxBuyLamports":8246062,"targetTokenRaw":"141838788723","expectedBuyLamports":"7998679","immediateSellQuoteLamports":"7798268","targetProfitUsdt":"0.05","targetProfitLamports":"412304","sellNetworkFeeReserveLamports":"50000","curveRealQuoteLamports":"12338362992","extensions":[18,19]}
{"at":"2026-10-04T10:41:19.502Z","event":"building_buy_instructions"}
{"at":"2026-10-04T10:41:19.505Z","event":"buy_instructions_built","count":2}
{"at":"2026-10-04T10:41:19.583Z","event":"buy_simulation","err":null,"unitsConsumed":102785}
{"at":"2026-10-04T10:41:19.620Z","event":"buy_submitted","signature":"2WjRhYkTSUFL64msgwiqu6jaTDqLciGD8ndAoaMC8qUCNAuop46uscnRbBKCj6PXWBisyesfQLnqTPhpsAokykGc"}
{"at":"2026-10-04T10:41:21.797Z","event":"buy_confirmed","signature":"2WjRhYkTSUFL64msgwiqu6jaTDqLciGD8ndAoaMC8qUCNAuop46uscnRbBKCj6PXWBisyesfQLnqTPhpsAokykGc","slot":453232475,"feeLamports":45000,"walletBalanceBeforeLamports":413364581,"walletBalanceAfterLamports":403807062,"actualTradeSolLamports":"7899929"}
{"at":"2026-10-04T10:41:21.876Z","event":"position_open","signature":"2WjRhYkTSUFL64msgwiqu6jaTDqLciGD8ndAoaMC8qUCNAuop46uscnRbBKCj6PXWBisyesfQLnqTPhpsAokykGc","slot":453232475,"tokenRaw":"141838788723","buySolLamports":"7899929","buyEconomicCostLamports":"8043679","tokenAccountRentLamports":1513840,"requiredSellQuoteLamports":"8505983","walletSol":0.403807062}
{"at":"2026-10-04T10:41:21.990Z","event":"price_progress","elapsedSeconds":0,"expectedSellQuoteLamports":"7541797","expectedNetProfitLamports":"-551882","targetProfitLamports":"412304","requiredSellQuoteLamports":"8505983"}
{"at":"2026-10-04T10:41:27.221Z","event":"price_progress","elapsedSeconds":5,"expectedSellQuoteLamports":"6649078","expectedNetProfitLamports":"-1444601","targetProfitLamports":"412304","requiredSellQuoteLamports":"8505983"}
{"at":"2026-10-04T10:41:32.361Z","event":"price_progress","elapsedSeconds":10,"expectedSellQuoteLamports":"6554702","expectedNetProfitLamports":"-1538977","targetProfitLamports":"412304","requiredSellQuoteLamports":"8505983"}
{"at":"2026-10-04T10:41:37.545Z","event":"price_progress","elapsedSeconds":16,"expectedSellQuoteLamports":"6554702","expectedNetProfitLamports":"-1538977","targetProfitLamports":"412304","requiredSellQuoteLamports":"8505983"}
{"at":"2026-10-04T10:41:42.733Z","event":"price_progress","elapsedSeconds":21,"expectedSellQuoteLamports":"5163553","expectedNetProfitLamports":"-2930126","targetProfitLamports":"412304","requiredSellQuoteLamports":"8505983"}
{"at":"2026-10-04T10:41:47.925Z","event":"price_progress","elapsedSeconds":26,"expectedSellQuoteLamports":"6068513","expectedNetProfitLamports":"-2025166","targetProfitLamports":"412304","requiredSellQuoteLamports":"8505983"}
{"at":"2026-10-04T10:41:53.114Z","event":"price_progress","elapsedSeconds":31,"expectedSellQuoteLamports":"5851881","expectedNetProfitLamports":"-2241798","targetProfitLamports":"412304","requiredSellQuoteLamports":"8505983"}
{"at":"2026-10-04T10:41:58.269Z","event":"price_progress","elapsedSeconds":36,"expectedSellQuoteLamports":"5851881","expectedNetProfitLamports":"-2241798","targetProfitLamports":"412304","requiredSellQuoteLamports":"8505983"}
{"at":"2026-10-04T10:42:03.436Z","event":"price_progress","elapsedSeconds":42,"expectedSellQuoteLamports":"5331381","expectedNetProfitLamports":"-2762298","targetProfitLamports":"412304","requiredSellQuoteLamports":"8505983"}
{"at":"2026-10-04T10:42:08.608Z","event":"price_progress","elapsedSeconds":47,"expectedSellQuoteLamports":"5060424","expectedNetProfitLamports":"-3033255","targetProfitLamports":"412304","requiredSellQuoteLamports":"8505983"}
{"at":"2026-10-04T10:42:13.810Z","event":"price_progress","elapsedSeconds":52,"expectedSellQuoteLamports":"4955651","expectedNetProfitLamports":"-3138028","targetProfitLamports":"412304","requiredSellQuoteLamports":"8505983"}
{"at":"2026-10-04T10:42:18.942Z","event":"price_progress","elapsedSeconds":57,"expectedSellQuoteLamports":"5473034","expectedNetProfitLamports":"-2620645","targetProfitLamports":"412304","requiredSellQuoteLamports":"8505983"}
{"at":"2026-10-04T10:42:24.137Z","event":"price_progress","elapsedSeconds":62,"expectedSellQuoteLamports":"5473034","expectedNetProfitLamports":"-2620645","targetProfitLamports":"412304","requiredSellQuoteLamports":"8505983"}
{"at":"2026-10-04T10:42:29.314Z","event":"price_progress","elapsedSeconds":67,"expectedSellQuoteLamports":"5473034","expectedNetProfitLamports":"-2620645","targetProfitLamports":"412304","requiredSellQuoteLamports":"8505983"}
{"at":"2026-10-04T10:42:34.443Z","event":"price_progress","elapsedSeconds":73,"expectedSellQuoteLamports":"5473062","expectedNetProfitLamports":"-2620617","targetProfitLamports":"412304","requiredSellQuoteLamports":"8505983"}
{"at":"2026-10-04T10:42:39.567Z","event":"price_progress","elapsedSeconds":78,"expectedSellQuoteLamports":"5473062","expectedNetProfitLamports":"-2620617","targetProfitLamports":"412304","requiredSellQuoteLamports":"8505983"}
{"at":"2026-10-04T10:42:44.708Z","event":"price_progress","elapsedSeconds":83,"expectedSellQuoteLamports":"5415920","expectedNetProfitLamports":"-2677759","targetProfitLamports":"412304","requiredSellQuoteLamports":"8505983"}
{"at":"2026-10-04T10:42:49.828Z","event":"price_progress","elapsedSeconds":88,"expectedSellQuoteLamports":"5476117","expectedNetProfitLamports":"-2617562","targetProfitLamports":"412304","requiredSellQuoteLamports":"8505983"}
{"at":"2026-10-04T10:42:54.994Z","event":"price_progress","elapsedSeconds":93,"expectedSellQuoteLamports":"5476117","expectedNetProfitLamports":"-2617562","targetProfitLamports":"412304","requiredSellQuoteLamports":"8505983"}
{"at":"2026-10-04T10:43:00.146Z","event":"price_progress","elapsedSeconds":98,"expectedSellQuoteLamports":"5513452","expectedNetProfitLamports":"-2580227","targetProfitLamports":"412304","requiredSellQuoteLamports":"8505983"}
{"at":"2026-10-04T10:43:05.308Z","event":"price_progress","elapsedSeconds":103,"expectedSellQuoteLamports":"5364200","expectedNetProfitLamports":"-2729479","targetProfitLamports":"412304","requiredSellQuoteLamports":"8505983"}
{"at":"2026-10-04T10:43:10.537Z","event":"price_progress","elapsedSeconds":109,"expectedSellQuoteLamports":"5364200","expectedNetProfitLamports":"-2729479","targetProfitLamports":"412304","requiredSellQuoteLamports":"8505983"}
{"at":"2026-10-04T10:43:15.672Z","event":"price_progress","elapsedSeconds":114,"expectedSellQuoteLamports":"5364200","expectedNetProfitLamports":"-2729479","targetProfitLamports":"412304","requiredSellQuoteLamports":"8505983"}
{"at":"2026-10-04T10:43:20.847Z","event":"price_progress","elapsedSeconds":119,"expectedSellQuoteLamports":"5305834","expectedNetProfitLamports":"-2787845","targetProfitLamports":"412304","requiredSellQuoteLamports":"8505983"}
{"at":"2026-10-04T10:43:26.036Z","event":"price_progress","elapsedSeconds":124,"expectedSellQuoteLamports":"5305834","expectedNetProfitLamports":"-2787845","targetProfitLamports":"412304","requiredSellQuoteLamports":"8505983"}
{"at":"2026-10-04T10:43:31.182Z","event":"price_progress","elapsedSeconds":129,"expectedSellQuoteLamports":"5121071","expectedNetProfitLamports":"-2972608","targetProfitLamports":"412304","requiredSellQuoteLamports":"8505983"}
{"at":"2026-10-04T10:43:36.315Z","event":"price_progress","elapsedSeconds":134,"expectedSellQuoteLamports":"5121071","expectedNetProfitLamports":"-2972608","targetProfitLamports":"412304","requiredSellQuoteLamports":"8505983"}
{"at":"2026-10-04T10:43:41.475Z","event":"price_progress","elapsedSeconds":140,"expectedSellQuoteLamports":"5114705","expectedNetProfitLamports":"-2978974","targetProfitLamports":"412304","requiredSellQuoteLamports":"8505983"}
{"at":"2026-10-04T10:43:46.650Z","event":"price_progress","elapsedSeconds":145,"expectedSellQuoteLamports":"5114705","expectedNetProfitLamports":"-2978974","targetProfitLamports":"412304","requiredSellQuoteLamports":"8505983"}
{"at":"2026-10-04T10:43:51.810Z","event":"price_progress","elapsedSeconds":150,"expectedSellQuoteLamports":"5100373","expectedNetProfitLamports":"-2993306","targetProfitLamports":"412304","requiredSellQuoteLamports":"8505983"}
{"at":"2026-10-04T10:43:56.947Z","event":"price_progress","elapsedSeconds":155,"expectedSellQuoteLamports":"5100373","expectedNetProfitLamports":"-2993306","targetProfitLamports":"412304","requiredSellQuoteLamports":"8505983"}
{"at":"2026-10-04T10:44:02.088Z","event":"price_progress","elapsedSeconds":160,"expectedSellQuoteLamports":"5142371","expectedNetProfitLamports":"-2951308","targetProfitLamports":"412304","requiredSellQuoteLamports":"8505983"}
{"at":"2026-10-04T10:44:07.260Z","event":"price_progress","elapsedSeconds":165,"expectedSellQuoteLamports":"5142371","expectedNetProfitLamports":"-2951308","targetProfitLamports":"412304","requiredSellQuoteLamports":"8505983"}
{"at":"2026-10-04T10:44:12.402Z","event":"price_progress","elapsedSeconds":171,"expectedSellQuoteLamports":"5142371","expectedNetProfitLamports":"-2951308","targetProfitLamports":"412304","requiredSellQuoteLamports":"8505983"}
{"at":"2026-10-04T10:44:17.559Z","event":"price_progress","elapsedSeconds":176,"expectedSellQuoteLamports":"5100373","expectedNetProfitLamports":"-2993306","targetProfitLamports":"412304","requiredSellQuoteLamports":"8505983"}
{"at":"2026-10-04T10:44:22.746Z","event":"price_progress","elapsedSeconds":181,"expectedSellQuoteLamports":"5096078","expectedNetProfitLamports":"-2997601","targetProfitLamports":"412304","requiredSellQuoteLamports":"8505983"}
{"at":"2026-10-04T10:44:27.912Z","event":"price_progress","elapsedSeconds":186,"expectedSellQuoteLamports":"5069128","expectedNetProfitLamports":"-3024551","targetProfitLamports":"412304","requiredSellQuoteLamports":"8505983"}
{"at":"2026-10-04T10:44:33.047Z","event":"price_progress","elapsedSeconds":191,"expectedSellQuoteLamports":"5058354","expectedNetProfitLamports":"-3035325","targetProfitLamports":"412304","requiredSellQuoteLamports":"8505983"}
{"at":"2026-10-04T10:44:38.230Z","event":"price_progress","elapsedSeconds":196,"expectedSellQuoteLamports":"5058354","expectedNetProfitLamports":"-3035325","targetProfitLamports":"412304","requiredSellQuoteLamports":"8505983"}
{"at":"2026-10-04T10:44:43.397Z","event":"price_progress","elapsedSeconds":202,"expectedSellQuoteLamports":"5058354","expectedNetProfitLamports":"-3035325","targetProfitLamports":"412304","requiredSellQuoteLamports":"8505983"}
{"at":"2026-10-04T10:44:48.528Z","event":"price_progress","elapsedSeconds":207,"expectedSellQuoteLamports":"5296997","expectedNetProfitLamports":"-2796682","targetProfitLamports":"412304","requiredSellQuoteLamports":"8505983"}
{"at":"2026-10-04T10:44:53.683Z","event":"price_progress","elapsedSeconds":212,"expectedSellQuoteLamports":"5205919","expectedNetProfitLamports":"-2887760","targetProfitLamports":"412304","requiredSellQuoteLamports":"8505983"}
{"at":"2026-10-04T10:44:58.857Z","event":"price_progress","elapsedSeconds":217,"expectedSellQuoteLamports":"5205919","expectedNetProfitLamports":"-2887760","targetProfitLamports":"412304","requiredSellQuoteLamports":"8505983"}
{"at":"2026-10-04T10:45:04.001Z","event":"price_progress","elapsedSeconds":222,"expectedSellQuoteLamports":"5242720","expectedNetProfitLamports":"-2850959","targetProfitLamports":"412304","requiredSellQuoteLamports":"8505983"}
{"at":"2026-10-04T10:45:09.124Z","event":"price_progress","elapsedSeconds":227,"expectedSellQuoteLamports":"5242720","expectedNetProfitLamports":"-2850959","targetProfitLamports":"412304","requiredSellQuoteLamports":"8505983"}
{"at":"2026-10-04T10:45:14.253Z","event":"price_progress","elapsedSeconds":232,"expectedSellQuoteLamports":"5242720","expectedNetProfitLamports":"-2850959","targetProfitLamports":"412304","requiredSellQuoteLamports":"8505983"}
{"at":"2026-10-04T10:45:19.403Z","event":"price_progress","elapsedSeconds":238,"expectedSellQuoteLamports":"5242720","expectedNetProfitLamports":"-2850959","targetProfitLamports":"412304","requiredSellQuoteLamports":"8505983"}
{"at":"2026-10-04T10:45:24.529Z","event":"price_progress","elapsedSeconds":243,"expectedSellQuoteLamports":"5809349","expectedNetProfitLamports":"-2284330","targetProfitLamports":"412304","requiredSellQuoteLamports":"8505983"}
{"at":"2026-10-04T10:45:29.665Z","event":"price_progress","elapsedSeconds":248,"expectedSellQuoteLamports":"5965820","expectedNetProfitLamports":"-2127859","targetProfitLamports":"412304","requiredSellQuoteLamports":"8505983"}
{"at":"2026-10-04T10:45:34.844Z","event":"price_progress","elapsedSeconds":253,"expectedSellQuoteLamports":"5809349","expectedNetProfitLamports":"-2284330","targetProfitLamports":"412304","requiredSellQuoteLamports":"8505983"}
{"at":"2026-10-04T10:45:40.089Z","event":"price_progress","elapsedSeconds":258,"expectedSellQuoteLamports":"5207600","expectedNetProfitLamports":"-2886079","targetProfitLamports":"412304","requiredSellQuoteLamports":"8505983"}
{"at":"2026-10-04T10:45:45.274Z","event":"price_progress","elapsedSeconds":263,"expectedSellQuoteLamports":"5207393","expectedNetProfitLamports":"-2886286","targetProfitLamports":"412304","requiredSellQuoteLamports":"8505983"}
{"at":"2026-10-04T10:45:50.467Z","event":"price_progress","elapsedSeconds":269,"expectedSellQuoteLamports":"5207393","expectedNetProfitLamports":"-2886286","targetProfitLamports":"412304","requiredSellQuoteLamports":"8505983"}
{"at":"2026-10-04T10:45:55.607Z","event":"price_progress","elapsedSeconds":274,"expectedSellQuoteLamports":"5355591","expectedNetProfitLamports":"-2738088","targetProfitLamports":"412304","requiredSellQuoteLamports":"8505983"}
{"at":"2026-10-04T10:46:00.751Z","event":"price_progress","elapsedSeconds":279,"expectedSellQuoteLamports":"5355591","expectedNetProfitLamports":"-2738088","targetProfitLamports":"412304","requiredSellQuoteLamports":"8505983"}
{"at":"2026-10-04T10:46:05.949Z","event":"price_progress","elapsedSeconds":284,"expectedSellQuoteLamports":"4602255","expectedNetProfitLamports":"-3491424","targetProfitLamports":"412304","requiredSellQuoteLamports":"8505983"}
{"at":"2026-10-04T10:46:11.114Z","event":"price_progress","elapsedSeconds":289,"expectedSellQuoteLamports":"4484017","expectedNetProfitLamports":"-3609662","targetProfitLamports":"412304","requiredSellQuoteLamports":"8505983"}
{"at":"2026-10-04T10:46:16.278Z","event":"price_progress","elapsedSeconds":294,"expectedSellQuoteLamports":"5100564","expectedNetProfitLamports":"-2993115","targetProfitLamports":"412304","requiredSellQuoteLamports":"8505983"}
{"at":"2026-10-04T10:46:21.428Z","event":"price_progress","elapsedSeconds":300,"expectedSellQuoteLamports":"5889477","expectedNetProfitLamports":"-2204202","targetProfitLamports":"412304","requiredSellQuoteLamports":"8505983"}
{"at":"2026-10-04T10:46:26.430Z","event":"sell_started","reason":"max_hold_5_minutes","requiredMinimumLamports":null}
{"at":"2026-10-04T10:46:26.610Z","event":"sell_quote","attempt":1,"tokenRaw":"141838788723","expectedLamports":"5638698","minimumLamports":"5074828","curveRealQuoteLamports":"6001312780"}
{"at":"2026-10-04T10:46:26.689Z","event":"sell_simulation","err":null,"unitsConsumed":70316}
{"at":"2026-10-04T10:46:26.725Z","event":"sell_submitted","signature":"3ntQh5YwLWTSMkM1LEy1gD2F5rfEbHGMfaMVc6nLTq4Br9qzCbp1MKfKNP1BonvvRNgUFQmdLajF2HMcXJcaCRk3"}
{"at":"2026-10-04T10:46:28.897Z","event":"sell_confirmed","signature":"3ntQh5YwLWTSMkM1LEy1gD2F5rfEbHGMfaMVc6nLTq4Br9qzCbp1MKfKNP1BonvvRNgUFQmdLajF2HMcXJcaCRk3","slot":453233620,"feeLamports":45000,"walletBalanceBeforeLamports":403807062,"walletBalanceAfterLamports":410029920,"actualTradeSolLamports":null}
{"at":"2026-10-04T10:46:29.010Z","event":"sell_result","signature":"3ntQh5YwLWTSMkM1LEy1gD2F5rfEbHGMfaMVc6nLTq4Br9qzCbp1MKfKNP1BonvvRNgUFQmdLajF2HMcXJcaCRk3","remainingTokenRaw":"0","walletSol":0.41002992}
{"at":"2026-10-04T10:46:29.042Z","event":"complete","buySignature":"2WjRhYkTSUFL64msgwiqu6jaTDqLciGD8ndAoaMC8qUCNAuop46uscnRbBKCj6PXWBisyesfQLnqTPhpsAokykGc","exitReason":"max_hold_5_minutes","finalWalletLamports":410029920}
