bigint: Failed to load bindings, pure JS will be used (try npm run rebuild?)
{"at":"2026-10-04T10:32:25.302Z","event":"preflight","mint":"Bvh9xjVqTWA2AAM7HE2Lt11fbhsdAf3WyEALQwHMgSut","wallet":"2LvenbX1TdhX8EbxGBmcZYiXuZFN4utA8QZY1UgGXwmZ","initialWalletLamports":418425978,"krakenSolUsdt":121.34,"maxBuyLamports":8241305,"targetTokenRaw":"190061737919","expectedBuyLamports":"7994065","immediateSellQuoteLamports":"7793312","targetProfitUsdt":"0.05","targetProfitLamports":"412066","sellNetworkFeeReserveLamports":"50000","curveRealQuoteLamports":"6563901248","extensions":[18,19]}
{"at":"2026-10-04T10:32:25.307Z","event":"building_buy_instructions"}
{"at":"2026-10-04T10:32:25.313Z","event":"buy_instructions_built","count":2}
{"at":"2026-10-04T10:32:25.397Z","event":"buy_simulation","err":null,"unitsConsumed":109498}
{"at":"2026-10-04T10:32:25.439Z","event":"buy_submitted","signature":"5vN5Q8LvGRdf4jRJJGmz8xEWxkLoQBzCcAJkzuMQJ4myqnRumehZJfzXkCxz4x1Ga1Q9RNw4wRxZsaUi82vCiGc8"}
{"at":"2026-10-04T10:32:27.623Z","event":"buy_confirmed","signature":"5vN5Q8LvGRdf4jRJJGmz8xEWxkLoQBzCcAJkzuMQJ4myqnRumehZJfzXkCxz4x1Ga1Q9RNw4wRxZsaUi82vCiGc8","slot":453230474,"feeLamports":45000,"walletBalanceBeforeLamports":418425978,"walletBalanceAfterLamports":408873073,"actualTradeSolLamports":"7895371"}
{"at":"2026-10-04T10:32:27.715Z","event":"position_open","signature":"5vN5Q8LvGRdf4jRJJGmz8xEWxkLoQBzCcAJkzuMQJ4myqnRumehZJfzXkCxz4x1Ga1Q9RNw4wRxZsaUi82vCiGc8","slot":453230474,"tokenRaw":"190061737919","buySolLamports":"7895371","buyEconomicCostLamports":"8039065","tokenAccountRentLamports":1513840,"requiredSellQuoteLamports":"8501131","walletSol":0.408873073}
{"at":"2026-10-04T10:32:27.828Z","event":"price_progress","elapsedSeconds":0,"expectedSellQuoteLamports":"6534621","expectedNetProfitLamports":"-1554444","targetProfitLamports":"412066","requiredSellQuoteLamports":"8501131"}
{"at":"2026-10-04T10:32:33.000Z","event":"price_progress","elapsedSeconds":5,"expectedSellQuoteLamports":"5941573","expectedNetProfitLamports":"-2147492","targetProfitLamports":"412066","requiredSellQuoteLamports":"8501131"}
{"at":"2026-10-04T10:32:38.158Z","event":"price_progress","elapsedSeconds":10,"expectedSellQuoteLamports":"5923215","expectedNetProfitLamports":"-2165850","targetProfitLamports":"412066","requiredSellQuoteLamports":"8501131"}
{"at":"2026-10-04T10:32:43.326Z","event":"price_progress","elapsedSeconds":16,"expectedSellQuoteLamports":"5509724","expectedNetProfitLamports":"-2579341","targetProfitLamports":"412066","requiredSellQuoteLamports":"8501131"}
{"at":"2026-10-04T10:32:48.610Z","event":"price_progress","elapsedSeconds":21,"expectedSellQuoteLamports":"5506642","expectedNetProfitLamports":"-2582423","targetProfitLamports":"412066","requiredSellQuoteLamports":"8501131"}
{"at":"2026-10-04T10:32:53.790Z","event":"price_progress","elapsedSeconds":26,"expectedSellQuoteLamports":"5506642","expectedNetProfitLamports":"-2582423","targetProfitLamports":"412066","requiredSellQuoteLamports":"8501131"}
{"at":"2026-10-04T10:32:59.001Z","event":"price_progress","elapsedSeconds":31,"expectedSellQuoteLamports":"5374185","expectedNetProfitLamports":"-2714880","targetProfitLamports":"412066","requiredSellQuoteLamports":"8501131"}
{"at":"2026-10-04T10:33:04.150Z","event":"price_progress","elapsedSeconds":36,"expectedSellQuoteLamports":"5374185","expectedNetProfitLamports":"-2714880","targetProfitLamports":"412066","requiredSellQuoteLamports":"8501131"}
{"at":"2026-10-04T10:33:09.353Z","event":"price_progress","elapsedSeconds":42,"expectedSellQuoteLamports":"5374185","expectedNetProfitLamports":"-2714880","targetProfitLamports":"412066","requiredSellQuoteLamports":"8501131"}
{"at":"2026-10-04T10:33:14.607Z","event":"price_progress","elapsedSeconds":47,"expectedSellQuoteLamports":"5374185","expectedNetProfitLamports":"-2714880","targetProfitLamports":"412066","requiredSellQuoteLamports":"8501131"}
{"at":"2026-10-04T10:33:19.805Z","event":"price_progress","elapsedSeconds":52,"expectedSellQuoteLamports":"5374185","expectedNetProfitLamports":"-2714880","targetProfitLamports":"412066","requiredSellQuoteLamports":"8501131"}
{"at":"2026-10-04T10:33:25.059Z","event":"price_progress","elapsedSeconds":57,"expectedSellQuoteLamports":"5374185","expectedNetProfitLamports":"-2714880","targetProfitLamports":"412066","requiredSellQuoteLamports":"8501131"}
{"at":"2026-10-04T10:33:30.246Z","event":"price_progress","elapsedSeconds":63,"expectedSellQuoteLamports":"5374185","expectedNetProfitLamports":"-2714880","targetProfitLamports":"412066","requiredSellQuoteLamports":"8501131"}
{"at":"2026-10-04T10:33:35.460Z","event":"price_progress","elapsedSeconds":68,"expectedSellQuoteLamports":"5374185","expectedNetProfitLamports":"-2714880","targetProfitLamports":"412066","requiredSellQuoteLamports":"8501131"}
{"at":"2026-10-04T10:33:40.648Z","event":"price_progress","elapsedSeconds":73,"expectedSellQuoteLamports":"5374185","expectedNetProfitLamports":"-2714880","targetProfitLamports":"412066","requiredSellQuoteLamports":"8501131"}
{"at":"2026-10-04T10:33:45.794Z","event":"price_progress","elapsedSeconds":78,"expectedSellQuoteLamports":"5374185","expectedNetProfitLamports":"-2714880","targetProfitLamports":"412066","requiredSellQuoteLamports":"8501131"}
{"at":"2026-10-04T10:33:50.984Z","event":"price_progress","elapsedSeconds":83,"expectedSellQuoteLamports":"5374185","expectedNetProfitLamports":"-2714880","targetProfitLamports":"412066","requiredSellQuoteLamports":"8501131"}
{"at":"2026-10-04T10:33:56.291Z","event":"price_progress","elapsedSeconds":89,"expectedSellQuoteLamports":"5374185","expectedNetProfitLamports":"-2714880","targetProfitLamports":"412066","requiredSellQuoteLamports":"8501131"}
{"at":"2026-10-04T10:34:01.524Z","event":"price_progress","elapsedSeconds":94,"expectedSellQuoteLamports":"5374185","expectedNetProfitLamports":"-2714880","targetProfitLamports":"412066","requiredSellQuoteLamports":"8501131"}
{"at":"2026-10-04T10:34:06.656Z","event":"price_progress","elapsedSeconds":99,"expectedSellQuoteLamports":"5374185","expectedNetProfitLamports":"-2714880","targetProfitLamports":"412066","requiredSellQuoteLamports":"8501131"}
{"at":"2026-10-04T10:34:11.794Z","event":"price_progress","elapsedSeconds":104,"expectedSellQuoteLamports":"5374185","expectedNetProfitLamports":"-2714880","targetProfitLamports":"412066","requiredSellQuoteLamports":"8501131"}
{"at":"2026-10-04T10:34:16.992Z","event":"price_progress","elapsedSeconds":109,"expectedSellQuoteLamports":"5374185","expectedNetProfitLamports":"-2714880","targetProfitLamports":"412066","requiredSellQuoteLamports":"8501131"}
{"at":"2026-10-04T10:34:22.246Z","event":"price_progress","elapsedSeconds":115,"expectedSellQuoteLamports":"5374185","expectedNetProfitLamports":"-2714880","targetProfitLamports":"412066","requiredSellQuoteLamports":"8501131"}
{"at":"2026-10-04T10:34:27.461Z","event":"price_progress","elapsedSeconds":120,"expectedSellQuoteLamports":"5374185","expectedNetProfitLamports":"-2714880","targetProfitLamports":"412066","requiredSellQuoteLamports":"8501131"}
{"at":"2026-10-04T10:34:32.615Z","event":"price_progress","elapsedSeconds":125,"expectedSellQuoteLamports":"5374185","expectedNetProfitLamports":"-2714880","targetProfitLamports":"412066","requiredSellQuoteLamports":"8501131"}
{"at":"2026-10-04T10:34:37.752Z","event":"price_progress","elapsedSeconds":130,"expectedSellQuoteLamports":"5374185","expectedNetProfitLamports":"-2714880","targetProfitLamports":"412066","requiredSellQuoteLamports":"8501131"}
{"at":"2026-10-04T10:34:42.892Z","event":"price_progress","elapsedSeconds":135,"expectedSellQuoteLamports":"5374185","expectedNetProfitLamports":"-2714880","targetProfitLamports":"412066","requiredSellQuoteLamports":"8501131"}
{"at":"2026-10-04T10:34:48.100Z","event":"price_progress","elapsedSeconds":140,"expectedSellQuoteLamports":"5374185","expectedNetProfitLamports":"-2714880","targetProfitLamports":"412066","requiredSellQuoteLamports":"8501131"}
{"at":"2026-10-04T10:34:53.255Z","event":"price_progress","elapsedSeconds":146,"expectedSellQuoteLamports":"5374185","expectedNetProfitLamports":"-2714880","targetProfitLamports":"412066","requiredSellQuoteLamports":"8501131"}
{"at":"2026-10-04T10:34:58.388Z","event":"price_progress","elapsedSeconds":151,"expectedSellQuoteLamports":"5374185","expectedNetProfitLamports":"-2714880","targetProfitLamports":"412066","requiredSellQuoteLamports":"8501131"}
{"at":"2026-10-04T10:35:03.557Z","event":"price_progress","elapsedSeconds":156,"expectedSellQuoteLamports":"5374185","expectedNetProfitLamports":"-2714880","targetProfitLamports":"412066","requiredSellQuoteLamports":"8501131"}
{"at":"2026-10-04T10:35:08.701Z","event":"price_progress","elapsedSeconds":161,"expectedSellQuoteLamports":"5374185","expectedNetProfitLamports":"-2714880","targetProfitLamports":"412066","requiredSellQuoteLamports":"8501131"}
{"at":"2026-10-04T10:35:13.836Z","event":"price_progress","elapsedSeconds":166,"expectedSellQuoteLamports":"5374185","expectedNetProfitLamports":"-2714880","targetProfitLamports":"412066","requiredSellQuoteLamports":"8501131"}
{"at":"2026-10-04T10:35:18.985Z","event":"price_progress","elapsedSeconds":171,"expectedSellQuoteLamports":"5374185","expectedNetProfitLamports":"-2714880","targetProfitLamports":"412066","requiredSellQuoteLamports":"8501131"}
{"at":"2026-10-04T10:35:24.136Z","event":"price_progress","elapsedSeconds":176,"expectedSellQuoteLamports":"5374185","expectedNetProfitLamports":"-2714880","targetProfitLamports":"412066","requiredSellQuoteLamports":"8501131"}
{"at":"2026-10-04T10:35:29.327Z","event":"price_progress","elapsedSeconds":182,"expectedSellQuoteLamports":"5374185","expectedNetProfitLamports":"-2714880","targetProfitLamports":"412066","requiredSellQuoteLamports":"8501131"}
{"at":"2026-10-04T10:35:34.490Z","event":"price_progress","elapsedSeconds":187,"expectedSellQuoteLamports":"5374185","expectedNetProfitLamports":"-2714880","targetProfitLamports":"412066","requiredSellQuoteLamports":"8501131"}
{"at":"2026-10-04T10:35:39.646Z","event":"price_progress","elapsedSeconds":192,"expectedSellQuoteLamports":"5374185","expectedNetProfitLamports":"-2714880","targetProfitLamports":"412066","requiredSellQuoteLamports":"8501131"}
{"at":"2026-10-04T10:35:44.813Z","event":"price_progress","elapsedSeconds":197,"expectedSellQuoteLamports":"5374185","expectedNetProfitLamports":"-2714880","targetProfitLamports":"412066","requiredSellQuoteLamports":"8501131"}
{"at":"2026-10-04T10:35:49.949Z","event":"price_progress","elapsedSeconds":202,"expectedSellQuoteLamports":"5374185","expectedNetProfitLamports":"-2714880","targetProfitLamports":"412066","requiredSellQuoteLamports":"8501131"}
{"at":"2026-10-04T10:35:55.153Z","event":"price_progress","elapsedSeconds":207,"expectedSellQuoteLamports":"5374185","expectedNetProfitLamports":"-2714880","targetProfitLamports":"412066","requiredSellQuoteLamports":"8501131"}
{"at":"2026-10-04T10:36:00.300Z","event":"price_progress","elapsedSeconds":213,"expectedSellQuoteLamports":"5374185","expectedNetProfitLamports":"-2714880","targetProfitLamports":"412066","requiredSellQuoteLamports":"8501131"}
{"at":"2026-10-04T10:36:05.480Z","event":"price_progress","elapsedSeconds":218,"expectedSellQuoteLamports":"5374185","expectedNetProfitLamports":"-2714880","targetProfitLamports":"412066","requiredSellQuoteLamports":"8501131"}
{"at":"2026-10-04T10:36:10.618Z","event":"price_progress","elapsedSeconds":223,"expectedSellQuoteLamports":"5374185","expectedNetProfitLamports":"-2714880","targetProfitLamports":"412066","requiredSellQuoteLamports":"8501131"}
{"at":"2026-10-04T10:36:15.756Z","event":"price_progress","elapsedSeconds":228,"expectedSellQuoteLamports":"5374185","expectedNetProfitLamports":"-2714880","targetProfitLamports":"412066","requiredSellQuoteLamports":"8501131"}
{"at":"2026-10-04T10:36:20.967Z","event":"price_progress","elapsedSeconds":233,"expectedSellQuoteLamports":"5374185","expectedNetProfitLamports":"-2714880","targetProfitLamports":"412066","requiredSellQuoteLamports":"8501131"}
{"at":"2026-10-04T10:36:26.153Z","event":"price_progress","elapsedSeconds":238,"expectedSellQuoteLamports":"5374185","expectedNetProfitLamports":"-2714880","targetProfitLamports":"412066","requiredSellQuoteLamports":"8501131"}
{"at":"2026-10-04T10:36:31.306Z","event":"price_progress","elapsedSeconds":244,"expectedSellQuoteLamports":"5374185","expectedNetProfitLamports":"-2714880","targetProfitLamports":"412066","requiredSellQuoteLamports":"8501131"}
{"at":"2026-10-04T10:36:36.509Z","event":"price_progress","elapsedSeconds":249,"expectedSellQuoteLamports":"5374185","expectedNetProfitLamports":"-2714880","targetProfitLamports":"412066","requiredSellQuoteLamports":"8501131"}
{"at":"2026-10-04T10:36:41.721Z","event":"price_progress","elapsedSeconds":254,"expectedSellQuoteLamports":"5374185","expectedNetProfitLamports":"-2714880","targetProfitLamports":"412066","requiredSellQuoteLamports":"8501131"}
{"at":"2026-10-04T10:36:46.906Z","event":"price_progress","elapsedSeconds":259,"expectedSellQuoteLamports":"5374185","expectedNetProfitLamports":"-2714880","targetProfitLamports":"412066","requiredSellQuoteLamports":"8501131"}
{"at":"2026-10-04T10:36:52.054Z","event":"price_progress","elapsedSeconds":264,"expectedSellQuoteLamports":"5369731","expectedNetProfitLamports":"-2719334","targetProfitLamports":"412066","requiredSellQuoteLamports":"8501131"}
{"at":"2026-10-04T10:36:57.250Z","event":"price_progress","elapsedSeconds":270,"expectedSellQuoteLamports":"5369731","expectedNetProfitLamports":"-2719334","targetProfitLamports":"412066","requiredSellQuoteLamports":"8501131"}
{"at":"2026-10-04T10:37:02.518Z","event":"price_progress","elapsedSeconds":275,"expectedSellQuoteLamports":"5369731","expectedNetProfitLamports":"-2719334","targetProfitLamports":"412066","requiredSellQuoteLamports":"8501131"}
{"at":"2026-10-04T10:37:07.712Z","event":"price_progress","elapsedSeconds":280,"expectedSellQuoteLamports":"5369731","expectedNetProfitLamports":"-2719334","targetProfitLamports":"412066","requiredSellQuoteLamports":"8501131"}
{"at":"2026-10-04T10:37:12.884Z","event":"price_progress","elapsedSeconds":285,"expectedSellQuoteLamports":"5369731","expectedNetProfitLamports":"-2719334","targetProfitLamports":"412066","requiredSellQuoteLamports":"8501131"}
{"at":"2026-10-04T10:37:18.095Z","event":"price_progress","elapsedSeconds":290,"expectedSellQuoteLamports":"5369731","expectedNetProfitLamports":"-2719334","targetProfitLamports":"412066","requiredSellQuoteLamports":"8501131"}
{"at":"2026-10-04T10:37:23.293Z","event":"price_progress","elapsedSeconds":296,"expectedSellQuoteLamports":"5369731","expectedNetProfitLamports":"-2719334","targetProfitLamports":"412066","requiredSellQuoteLamports":"8501131"}
{"at":"2026-10-04T10:37:28.297Z","event":"sell_started","reason":"max_hold_5_minutes","requiredMinimumLamports":null}
{"at":"2026-10-04T10:37:28.492Z","event":"sell_quote","attempt":1,"tokenRaw":"190061737919","expectedLamports":"5369731","minimumLamports":"4832757","curveRealQuoteLamports":"350081600"}
{"at":"2026-10-04T10:37:28.669Z","event":"sell_simulation","err":null,"unitsConsumed":77158}
{"at":"2026-10-04T10:37:28.731Z","event":"sell_submitted","signature":"4WSJSSj55gWA8bikD9wjuZEpaWjtDRzDCsPCk5LPi7Fkr9FnMx6FjedtCVumEqU7rnVe9SvqhMbxZSMTqWZMMTDB"}
{"at":"2026-10-04T10:37:33.086Z","event":"sell_confirmed","signature":"4WSJSSj55gWA8bikD9wjuZEpaWjtDRzDCsPCk5LPi7Fkr9FnMx6FjedtCVumEqU7rnVe9SvqhMbxZSMTqWZMMTDB","slot":453231620,"feeLamports":45000,"walletBalanceBeforeLamports":408873073,"walletBalanceAfterLamports":414197804,"actualTradeSolLamports":null}
{"at":"2026-10-04T10:37:33.177Z","event":"sell_result","signature":"4WSJSSj55gWA8bikD9wjuZEpaWjtDRzDCsPCk5LPi7Fkr9FnMx6FjedtCVumEqU7rnVe9SvqhMbxZSMTqWZMMTDB","remainingTokenRaw":"0","walletSol":0.414197804}
{"at":"2026-10-04T10:37:33.265Z","event":"complete","buySignature":"5vN5Q8LvGRdf4jRJJGmz8xEWxkLoQBzCcAJkzuMQJ4myqnRumehZJfzXkCxz4x1Ga1Q9RNw4wRxZsaUi82vCiGc8","exitReason":"max_hold_5_minutes","finalWalletLamports":414197804}
