bigint: Failed to load bindings, pure JS will be used (try npm run rebuild?)
{"at":"2026-10-04T06:46:05.847Z","event":"preflight","mint":"FjBYQ4cXVfu5ad8cZjap417kRBQYD7jtHaNYt751pump","wallet":"2LvenbX1TdhX8EbxGBmcZYiXuZFN4utA8QZY1UgGXwmZ","initialWalletLamports":420804077,"krakenSolUsdt":120.81,"maxBuyLamports":8277460,"targetTokenRaw":"115799391197","expectedBuyLamports":"8029136","immediateSellQuoteLamports":"7828238","targetProfitUsdt":"0.01","targetProfitLamports":"82775","sellNetworkFeeReserveLamports":"50000","curveRealQuoteLamports":"16946964279","extensions":[18,19]}
{"at":"2026-10-04T06:46:05.851Z","event":"building_buy_instructions"}
{"at":"2026-10-04T06:46:05.858Z","event":"buy_instructions_built","count":2}
{"at":"2026-10-04T06:46:05.941Z","event":"buy_simulation","err":null,"unitsConsumed":105891}
{"at":"2026-10-04T06:46:05.980Z","event":"buy_submitted","signature":"3qJY5mM4nWPXhq22uCqK6EhnZeSN1L272TXcXa3uEMFMmHAQ5fS3WX9DbqefUYTeQEp6kXBQiNxjLJ3H22s9KwK7"}
{"at":"2026-10-04T06:46:08.167Z","event":"buy_confirmed","signature":"3qJY5mM4nWPXhq22uCqK6EhnZeSN1L272TXcXa3uEMFMmHAQ5fS3WX9DbqefUYTeQEp6kXBQiNxjLJ3H22s9KwK7","slot":453179708,"feeLamports":45000,"walletBalanceBeforeLamports":420804077,"walletBalanceAfterLamports":411397470,"actualTradeSolLamports":"7750880"}
{"at":"2026-10-04T06:46:08.261Z","event":"position_open","signature":"3qJY5mM4nWPXhq22uCqK6EhnZeSN1L272TXcXa3uEMFMmHAQ5fS3WX9DbqefUYTeQEp6kXBQiNxjLJ3H22s9KwK7","slot":453179708,"tokenRaw":"115799391197","buySolLamports":"7750880","buyEconomicCostLamports":"7892767","tokenAccountRentLamports":1513840,"requiredSellQuoteLamports":"8025542","walletSol":0.41139747}
{"at":"2026-10-04T06:46:08.364Z","event":"price_progress","elapsedSeconds":0,"expectedSellQuoteLamports":"7653992","expectedNetProfitLamports":"-288775","targetProfitLamports":"82775","requiredSellQuoteLamports":"8025542"}
{"at":"2026-10-04T06:46:13.509Z","event":"price_progress","elapsedSeconds":5,"expectedSellQuoteLamports":"7228126","expectedNetProfitLamports":"-714641","targetProfitLamports":"82775","requiredSellQuoteLamports":"8025542"}
{"at":"2026-10-04T06:46:18.746Z","event":"price_progress","elapsedSeconds":10,"expectedSellQuoteLamports":"7708884","expectedNetProfitLamports":"-233883","targetProfitLamports":"82775","requiredSellQuoteLamports":"8025542"}
{"at":"2026-10-04T06:46:23.868Z","event":"price_progress","elapsedSeconds":16,"expectedSellQuoteLamports":"7364128","expectedNetProfitLamports":"-578639","targetProfitLamports":"82775","requiredSellQuoteLamports":"8025542"}
{"at":"2026-10-04T06:46:29.010Z","event":"price_progress","elapsedSeconds":21,"expectedSellQuoteLamports":"5676108","expectedNetProfitLamports":"-2266659","targetProfitLamports":"82775","requiredSellQuoteLamports":"8025542"}
{"at":"2026-10-04T06:46:34.151Z","event":"price_progress","elapsedSeconds":26,"expectedSellQuoteLamports":"5864936","expectedNetProfitLamports":"-2077831","targetProfitLamports":"82775","requiredSellQuoteLamports":"8025542"}
{"at":"2026-10-04T06:46:39.275Z","event":"price_progress","elapsedSeconds":31,"expectedSellQuoteLamports":"6535001","expectedNetProfitLamports":"-1407766","targetProfitLamports":"82775","requiredSellQuoteLamports":"8025542"}
{"at":"2026-10-04T06:46:44.401Z","event":"price_progress","elapsedSeconds":36,"expectedSellQuoteLamports":"6222425","expectedNetProfitLamports":"-1720342","targetProfitLamports":"82775","requiredSellQuoteLamports":"8025542"}
{"at":"2026-10-04T06:46:49.561Z","event":"price_progress","elapsedSeconds":41,"expectedSellQuoteLamports":"7292746","expectedNetProfitLamports":"-650021","targetProfitLamports":"82775","requiredSellQuoteLamports":"8025542"}
{"at":"2026-10-04T06:46:54.714Z","event":"price_progress","elapsedSeconds":46,"expectedSellQuoteLamports":"7420430","expectedNetProfitLamports":"-522337","targetProfitLamports":"82775","requiredSellQuoteLamports":"8025542"}
{"at":"2026-10-04T06:46:59.846Z","event":"price_progress","elapsedSeconds":52,"expectedSellQuoteLamports":"7367592","expectedNetProfitLamports":"-575175","targetProfitLamports":"82775","requiredSellQuoteLamports":"8025542"}
{"at":"2026-10-04T06:47:05.049Z","event":"price_progress","elapsedSeconds":57,"expectedSellQuoteLamports":"8450478","expectedNetProfitLamports":"507711","targetProfitLamports":"82775","requiredSellQuoteLamports":"8025542"}
{"at":"2026-10-04T06:47:05.050Z","event":"profit_target_reached","expectedSellQuoteLamports":"8450478","requiredSellQuoteLamports":"8025542"}
{"at":"2026-10-04T06:47:05.051Z","event":"sell_started","reason":"net_profit_target","requiredMinimumLamports":"8025542"}
{"at":"2026-10-04T06:47:05.140Z","event":"sell_quote","attempt":1,"tokenRaw":"115799391197","expectedLamports":"8450478","minimumLamports":"8025542","curveRealQuoteLamports":"18777278459"}
{"at":"2026-10-04T06:47:05.234Z","event":"sell_simulation","err":null,"unitsConsumed":76517}
{"at":"2026-10-04T06:47:05.316Z","event":"sell_submitted","signature":"2aoEcbWb5DPUwgi5KwXznSbJkNrQe7icRo2LpWheheQrUyfFkpCuUTZ259etakKjE1SBGuJSYNtUGzgqtnHYjqJj"}
{"at":"2026-10-04T06:47:07.505Z","event":"sell_confirmed","signature":"2aoEcbWb5DPUwgi5KwXznSbJkNrQe7icRo2LpWheheQrUyfFkpCuUTZ259etakKjE1SBGuJSYNtUGzgqtnHYjqJj","slot":453179925,"feeLamports":45000,"walletBalanceBeforeLamports":411397470,"walletBalanceAfterLamports":420078217,"actualTradeSolLamports":null}
{"at":"2026-10-04T06:47:07.622Z","event":"sell_result","signature":"2aoEcbWb5DPUwgi5KwXznSbJkNrQe7icRo2LpWheheQrUyfFkpCuUTZ259etakKjE1SBGuJSYNtUGzgqtnHYjqJj","remainingTokenRaw":"0","walletSol":0.420078217}
{"at":"2026-10-04T06:47:07.657Z","event":"complete","buySignature":"3qJY5mM4nWPXhq22uCqK6EhnZeSN1L272TXcXa3uEMFMmHAQ5fS3WX9DbqefUYTeQEp6kXBQiNxjLJ3H22s9KwK7","exitReason":"net_profit_target","finalWalletLamports":420078217}
