bigint: Failed to load bindings, pure JS will be used (try npm run rebuild?)
{"at":"2026-10-03T18:41:41.064Z","event":"preflight","mint":"FshDDX7vg1dftPkf37ypiEUE8vTH4S7qLAa6SQhE1gYJ","wallet":"2LvenbX1TdhX8EbxGBmcZYiXuZFN4utA8QZY1UgGXwmZ","initialWalletLamports":451306222,"krakenSolUsdt":119.91,"maxBuyLamports":8339588,"targetTokenRaw":"241663589103","expectedBuyLamports":"8089399","immediateSellQuoteLamports":"7885796","curveRealQuoteLamports":"2618372283","extensions":[18,19]}
{"at":"2026-10-03T18:41:41.069Z","event":"building_buy_instructions"}
{"at":"2026-10-03T18:41:41.075Z","event":"buy_instructions_built","count":2}
{"at":"2026-10-03T18:41:41.168Z","event":"buy_simulation","err":null,"unitsConsumed":112359}
{"at":"2026-10-03T18:41:41.219Z","event":"buy_submitted","signature":"2aewfdM4TioqnuHmY7WCfZtqrYihJje386U6SiTZpymowmcv49DQiEKaZd9W3k4LnxoLYiheFPYo8KnwiP5BbLua"}
{"at":"2026-10-03T18:41:45.513Z","event":"buy_confirmed","signature":"2aewfdM4TioqnuHmY7WCfZtqrYihJje386U6SiTZpymowmcv49DQiEKaZd9W3k4LnxoLYiheFPYo8KnwiP5BbLua","slot":453017192,"feeLamports":45000,"walletBalanceBeforeLamports":451306222,"walletBalanceAfterLamports":441657983}
{"at":"2026-10-03T18:41:45.606Z","event":"position_open","signature":"2aewfdM4TioqnuHmY7WCfZtqrYihJje386U6SiTZpymowmcv49DQiEKaZd9W3k4LnxoLYiheFPYo8KnwiP5BbLua","slot":453017192,"tokenRaw":"241663589103","walletSol":0.441657983}
{"at":"2026-10-03T18:41:45.668Z","event":"hold_progress","elapsedSeconds":0,"distinctFinalizedBuyers":0,"pendingSignals":0}
{"at":"2026-10-03T18:42:01.619Z","event":"hold_progress","elapsedSeconds":16,"distinctFinalizedBuyers":0,"pendingSignals":0}
{"at":"2026-10-03T18:42:16.328Z","event":"hold_progress","elapsedSeconds":31,"distinctFinalizedBuyers":0,"pendingSignals":0}
{"at":"2026-10-03T18:42:30.892Z","event":"hold_progress","elapsedSeconds":45,"distinctFinalizedBuyers":0,"pendingSignals":0}
{"at":"2026-10-03T18:42:46.726Z","event":"hold_progress","elapsedSeconds":61,"distinctFinalizedBuyers":0,"pendingSignals":0}
{"at":"2026-10-03T18:43:01.287Z","event":"hold_progress","elapsedSeconds":76,"distinctFinalizedBuyers":0,"pendingSignals":0}
{"at":"2026-10-03T18:43:15.902Z","event":"hold_progress","elapsedSeconds":90,"distinctFinalizedBuyers":0,"pendingSignals":0}
{"at":"2026-10-03T18:43:31.653Z","event":"hold_progress","elapsedSeconds":106,"distinctFinalizedBuyers":0,"pendingSignals":0}
{"at":"2026-10-03T18:43:46.273Z","event":"hold_progress","elapsedSeconds":121,"distinctFinalizedBuyers":0,"pendingSignals":0}
{"at":"2026-10-03T18:44:00.833Z","event":"hold_progress","elapsedSeconds":135,"distinctFinalizedBuyers":0,"pendingSignals":0}
{"at":"2026-10-03T18:44:16.729Z","event":"hold_progress","elapsedSeconds":151,"distinctFinalizedBuyers":0,"pendingSignals":0}
{"at":"2026-10-03T18:44:31.295Z","event":"hold_progress","elapsedSeconds":166,"distinctFinalizedBuyers":0,"pendingSignals":0}
{"at":"2026-10-03T18:44:45.869Z","event":"hold_progress","elapsedSeconds":180,"distinctFinalizedBuyers":0,"pendingSignals":0}
{"at":"2026-10-03T18:45:01.688Z","event":"hold_progress","elapsedSeconds":196,"distinctFinalizedBuyers":0,"pendingSignals":0}
{"at":"2026-10-03T18:45:16.257Z","event":"hold_progress","elapsedSeconds":211,"distinctFinalizedBuyers":0,"pendingSignals":0}
{"at":"2026-10-03T18:45:30.889Z","event":"hold_progress","elapsedSeconds":225,"distinctFinalizedBuyers":0,"pendingSignals":0}
{"at":"2026-10-03T18:45:46.652Z","event":"hold_progress","elapsedSeconds":241,"distinctFinalizedBuyers":0,"pendingSignals":0}
{"at":"2026-10-03T18:46:01.316Z","event":"hold_progress","elapsedSeconds":256,"distinctFinalizedBuyers":0,"pendingSignals":0}
{"at":"2026-10-03T18:46:16.151Z","event":"hold_progress","elapsedSeconds":271,"distinctFinalizedBuyers":0,"pendingSignals":1}
{"at":"2026-10-03T18:46:18.705Z","event":"external_buyer_finalized","ordinal":1,"buyer":"qezd3ajGQK6sZhyENW6Nd3h1mNp6h1ZBbukAEfjjZMS","signature":"3K5R1CHehZcPPdEhC1hUo5WDPNpCcDLwJW16doyqAHC4Ly7LKN7YmdDohYeJbevEDYCTpZxPc9eyPwc5BwJSQiJX","slot":453018177,"suffixBytes":24}
{"at":"2026-10-03T18:46:30.868Z","event":"hold_progress","elapsedSeconds":285,"distinctFinalizedBuyers":1,"pendingSignals":0}
{"at":"2026-10-03T18:46:46.622Z","event":"hold_progress","elapsedSeconds":301,"distinctFinalizedBuyers":1,"pendingSignals":0}
{"at":"2026-10-03T18:47:01.257Z","event":"hold_progress","elapsedSeconds":316,"distinctFinalizedBuyers":1,"pendingSignals":0}
{"at":"2026-10-03T18:47:15.924Z","event":"hold_progress","elapsedSeconds":330,"distinctFinalizedBuyers":1,"pendingSignals":0}
{"at":"2026-10-03T18:47:30.714Z","event":"hold_progress","elapsedSeconds":345,"distinctFinalizedBuyers":1,"pendingSignals":0}
{"at":"2026-10-03T18:47:46.493Z","event":"hold_progress","elapsedSeconds":361,"distinctFinalizedBuyers":1,"pendingSignals":0}
{"at":"2026-10-03T18:48:01.127Z","event":"hold_progress","elapsedSeconds":376,"distinctFinalizedBuyers":1,"pendingSignals":0}
{"at":"2026-10-03T18:48:15.687Z","event":"hold_progress","elapsedSeconds":390,"distinctFinalizedBuyers":1,"pendingSignals":0}
{"at":"2026-10-03T18:48:31.580Z","event":"hold_progress","elapsedSeconds":406,"distinctFinalizedBuyers":1,"pendingSignals":0}
{"at":"2026-10-03T18:48:46.136Z","event":"hold_progress","elapsedSeconds":421,"distinctFinalizedBuyers":1,"pendingSignals":0}
{"at":"2026-10-03T18:49:00.684Z","event":"hold_progress","elapsedSeconds":435,"distinctFinalizedBuyers":1,"pendingSignals":0}
{"at":"2026-10-03T18:49:16.512Z","event":"hold_progress","elapsedSeconds":451,"distinctFinalizedBuyers":1,"pendingSignals":0}
{"at":"2026-10-03T18:49:31.058Z","event":"hold_progress","elapsedSeconds":465,"distinctFinalizedBuyers":1,"pendingSignals":0}
{"at":"2026-10-03T18:49:45.664Z","event":"hold_progress","elapsedSeconds":480,"distinctFinalizedBuyers":1,"pendingSignals":0}
{"at":"2026-10-03T18:50:01.510Z","event":"hold_progress","elapsedSeconds":496,"distinctFinalizedBuyers":1,"pendingSignals":0}
{"at":"2026-10-03T18:50:16.154Z","event":"hold_progress","elapsedSeconds":511,"distinctFinalizedBuyers":1,"pendingSignals":0}
{"at":"2026-10-03T18:50:30.707Z","event":"hold_progress","elapsedSeconds":525,"distinctFinalizedBuyers":1,"pendingSignals":0}
{"at":"2026-10-03T18:50:46.524Z","event":"hold_progress","elapsedSeconds":541,"distinctFinalizedBuyers":1,"pendingSignals":0}
{"at":"2026-10-03T18:51:01.056Z","event":"hold_progress","elapsedSeconds":555,"distinctFinalizedBuyers":1,"pendingSignals":0}
{"at":"2026-10-03T18:51:15.692Z","event":"hold_progress","elapsedSeconds":570,"distinctFinalizedBuyers":1,"pendingSignals":0}
{"at":"2026-10-03T18:51:31.456Z","event":"hold_progress","elapsedSeconds":586,"distinctFinalizedBuyers":1,"pendingSignals":0}
{"at":"2026-10-03T18:51:46.073Z","event":"hold_progress","elapsedSeconds":600,"distinctFinalizedBuyers":1,"pendingSignals":0}
{"at":"2026-10-03T18:52:00.623Z","event":"hold_progress","elapsedSeconds":615,"distinctFinalizedBuyers":1,"pendingSignals":0}
{"at":"2026-10-03T18:52:16.495Z","event":"hold_progress","elapsedSeconds":631,"distinctFinalizedBuyers":1,"pendingSignals":0}
{"at":"2026-10-03T18:52:31.054Z","event":"hold_progress","elapsedSeconds":645,"distinctFinalizedBuyers":1,"pendingSignals":0}
{"at":"2026-10-03T18:52:45.612Z","event":"hold_progress","elapsedSeconds":660,"distinctFinalizedBuyers":1,"pendingSignals":0}
{"at":"2026-10-03T18:53:01.440Z","event":"hold_progress","elapsedSeconds":676,"distinctFinalizedBuyers":1,"pendingSignals":0}
{"at":"2026-10-03T18:53:15.991Z","event":"hold_progress","elapsedSeconds":690,"distinctFinalizedBuyers":1,"pendingSignals":0}
{"at":"2026-10-03T18:53:30.611Z","event":"hold_progress","elapsedSeconds":705,"distinctFinalizedBuyers":1,"pendingSignals":0}
{"at":"2026-10-03T18:53:46.365Z","event":"hold_progress","elapsedSeconds":721,"distinctFinalizedBuyers":1,"pendingSignals":0}
{"at":"2026-10-03T18:54:01.037Z","event":"hold_progress","elapsedSeconds":735,"distinctFinalizedBuyers":1,"pendingSignals":0}
{"at":"2026-10-03T18:54:16.800Z","event":"hold_progress","elapsedSeconds":751,"distinctFinalizedBuyers":1,"pendingSignals":0}
{"at":"2026-10-03T18:54:31.423Z","event":"hold_progress","elapsedSeconds":766,"distinctFinalizedBuyers":1,"pendingSignals":0}
{"at":"2026-10-03T18:54:45.991Z","event":"hold_progress","elapsedSeconds":780,"distinctFinalizedBuyers":1,"pendingSignals":0}
{"at":"2026-10-03T18:55:00.609Z","event":"hold_progress","elapsedSeconds":795,"distinctFinalizedBuyers":1,"pendingSignals":0}
{"at":"2026-10-03T18:55:16.365Z","event":"hold_progress","elapsedSeconds":811,"distinctFinalizedBuyers":1,"pendingSignals":0}
{"at":"2026-10-03T18:55:31.013Z","event":"hold_progress","elapsedSeconds":825,"distinctFinalizedBuyers":1,"pendingSignals":0}
{"at":"2026-10-03T18:55:45.664Z","event":"hold_progress","elapsedSeconds":840,"distinctFinalizedBuyers":1,"pendingSignals":0}
{"at":"2026-10-03T18:56:01.575Z","event":"hold_progress","elapsedSeconds":856,"distinctFinalizedBuyers":1,"pendingSignals":0}
{"at":"2026-10-03T18:56:16.136Z","event":"hold_progress","elapsedSeconds":871,"distinctFinalizedBuyers":1,"pendingSignals":0}
{"at":"2026-10-03T18:56:30.690Z","event":"hold_progress","elapsedSeconds":885,"distinctFinalizedBuyers":1,"pendingSignals":0}
{"at":"2026-10-03T18:56:46.540Z","event":"sell_started","reason":"max_hold_15_minutes","buyers":1}
{"at":"2026-10-03T18:56:46.719Z","event":"sell_quote","attempt":1,"tokenRaw":"241663589103","expectedLamports":"6685372","minimumLamports":"6016834","curveRealQuoteLamports":"32957529"}
{"at":"2026-10-03T18:56:46.811Z","event":"sell_simulation","err":null,"unitsConsumed":81509}
{"at":"2026-10-03T18:56:46.863Z","event":"sell_submitted","signature":"2EEe5FzkMvvtwtSd3gXP4cWcVBP2HmGFFySfAZU93nJEqocgJMzP1FPJDT4P6dmMNYZmCxmL92ryTGrQigaYGHtQ"}
{"at":"2026-10-03T18:56:49.057Z","event":"sell_confirmed","signature":"2EEe5FzkMvvtwtSd3gXP4cWcVBP2HmGFFySfAZU93nJEqocgJMzP1FPJDT4P6dmMNYZmCxmL92ryTGrQigaYGHtQ","slot":453020552,"feeLamports":45000,"walletBalanceBeforeLamports":441657983,"walletBalanceAfterLamports":448298355}
{"at":"2026-10-03T18:56:49.138Z","event":"sell_result","signature":"2EEe5FzkMvvtwtSd3gXP4cWcVBP2HmGFFySfAZU93nJEqocgJMzP1FPJDT4P6dmMNYZmCxmL92ryTGrQigaYGHtQ","remainingTokenRaw":"0","walletSol":0.448298355}
{"at":"2026-10-03T18:56:49.175Z","event":"complete","buySignature":"2aewfdM4TioqnuHmY7WCfZtqrYihJje386U6SiTZpymowmcv49DQiEKaZd9W3k4LnxoLYiheFPYo8KnwiP5BbLua","distinctFinalizedBuyers":1,"finalWalletLamports":448298355}
