bigint: Failed to load bindings, pure JS will be used (try npm run rebuild?)
{"at":"2026-10-03T21:17:50.913Z","event":"preflight","mint":"2jJYw8hvJvBBGEC7Y1nrUtJTi36tNd9qkNdmjwVapump","wallet":"2LvenbX1TdhX8EbxGBmcZYiXuZFN4utA8QZY1UgGXwmZ","initialWalletLamports":454722104,"krakenSolUsdt":119.62,"maxBuyLamports":8359806,"targetTokenRaw":"250831623170","expectedBuyLamports":"8109010","immediateSellQuoteLamports":"7904836","curveRealQuoteLamports":"2055420555","extensions":[18,19]}
{"at":"2026-10-03T21:17:50.918Z","event":"building_buy_instructions"}
{"at":"2026-10-03T21:17:50.924Z","event":"buy_instructions_built","count":2}
{"at":"2026-10-03T21:17:51.013Z","event":"buy_simulation","err":null,"unitsConsumed":110307}
{"at":"2026-10-03T21:17:51.072Z","event":"buy_submitted","signature":"5oTsHv5bjvLuHQPUiFGBcZvAskyTt1YUQZVQXGv8b22usJjyk88vox6qjH8JExTu6RovDJWhvCD4NLcpzrdx19Yw"}
{"at":"2026-10-03T21:17:53.311Z","event":"buy_confirmed","signature":"5oTsHv5bjvLuHQPUiFGBcZvAskyTt1YUQZVQXGv8b22usJjyk88vox6qjH8JExTu6RovDJWhvCD4NLcpzrdx19Yw","slot":453052102,"feeLamports":45000,"walletBalanceBeforeLamports":454722104,"walletBalanceAfterLamports":445054254,"actualTradeSolLamports":"8008898"}
{"at":"2026-10-03T21:17:53.404Z","event":"position_open","signature":"5oTsHv5bjvLuHQPUiFGBcZvAskyTt1YUQZVQXGv8b22usJjyk88vox6qjH8JExTu6RovDJWhvCD4NLcpzrdx19Yw","slot":453052102,"tokenRaw":"250831623170","buySolLamports":"8008898","walletSol":0.445054254}
{"at":"2026-10-03T21:17:53.465Z","event":"hold_progress","elapsedSeconds":0,"qualifyingFinalizedBuys":0,"pendingSignals":0}
{"at":"2026-10-03T21:18:09.221Z","event":"hold_progress","elapsedSeconds":16,"qualifyingFinalizedBuys":0,"pendingSignals":0}
{"at":"2026-10-03T21:18:23.838Z","event":"hold_progress","elapsedSeconds":30,"qualifyingFinalizedBuys":0,"pendingSignals":0}
{"at":"2026-10-03T21:18:38.521Z","event":"hold_progress","elapsedSeconds":45,"qualifyingFinalizedBuys":0,"pendingSignals":1}
{"at":"2026-10-03T21:18:47.401Z","event":"external_buy_finalized","ordinal":1,"buyer":"G1MysJjV2eN6RjoSga5EmaDZ8YibCXKPX5E4fZoeNaWe","signature":"62jFfJ912VBkVrP439zPa6GWXLyTcyy444BfFLMEgThJsXvkAjzP2CxJsotphJrDNcZ7hqTerneKTS1SKCuMLmV6","slot":453052271,"solAmountLamports":"195555555","ownBuySolLamports":"8008898","suffixBytes":24}
{"at":"2026-10-03T21:18:53.472Z","event":"hold_progress","elapsedSeconds":60,"qualifyingFinalizedBuys":1,"pendingSignals":0}
{"at":"2026-10-03T21:19:09.636Z","event":"external_buy_finalized","ordinal":2,"buyer":"BEcDByDJKsdQtHsKsHvzuNwSMaDrmepuNYp1pPGCJ5nE","signature":"44XrWtyebnwpkM4fXF2AahstDjVn91WsCDTCsJjYR3Ng4P7zfSPgfYNLBDmkg9f43B6dyRBtYhqWPRmmNfMBHFBn","slot":453052356,"solAmountLamports":"82454532","ownBuySolLamports":"8008898","suffixBytes":24}
{"at":"2026-10-03T21:19:24.293Z","event":"hold_progress","elapsedSeconds":91,"qualifyingFinalizedBuys":2,"pendingSignals":1}
{"at":"2026-10-03T21:19:30.674Z","event":"external_buy_finalized","ordinal":3,"buyer":"G1MysJjV2eN6RjoSga5EmaDZ8YibCXKPX5E4fZoeNaWe","signature":"39HtpX5Nr2qU1FcLeacx1RKrJUEaPK8NGoavpBPKxhokc3sWvPTx3ST1UwTuggtTiuQA1u3nFUTZZAfNGnLmeGtq","slot":453052434,"solAmountLamports":"195555555","ownBuySolLamports":"8008898","suffixBytes":24}
{"at":"2026-10-03T21:19:30.732Z","event":"sell_started","reason":"three_external_buys_each_above_our_buy","qualifyingBuys":3}
{"at":"2026-10-03T21:19:30.885Z","event":"sell_quote","attempt":1,"tokenRaw":"250831623170","expectedLamports":"8133296","minimumLamports":"7319966","curveRealQuoteLamports":"2515401985"}
{"at":"2026-10-03T21:19:31.006Z","event":"sell_simulation","err":null,"unitsConsumed":74887}
{"at":"2026-10-03T21:19:31.060Z","event":"sell_submitted","signature":"4fDdibNk1w7FAX78C39yMrBw84CY4R3fRqL8zGrJsYLsksdojfkwYrL3qGSk5iX7FGuo7N9iPds7SbkRczbUk3wb"}
{"at":"2026-10-03T21:19:33.231Z","event":"sell_confirmed","signature":"4fDdibNk1w7FAX78C39yMrBw84CY4R3fRqL8zGrJsYLsksdojfkwYrL3qGSk5iX7FGuo7N9iPds7SbkRczbUk3wb","slot":453052472,"feeLamports":45000,"walletBalanceBeforeLamports":445054254,"walletBalanceAfterLamports":453142550,"actualTradeSolLamports":null}
{"at":"2026-10-03T21:19:33.324Z","event":"sell_result","signature":"4fDdibNk1w7FAX78C39yMrBw84CY4R3fRqL8zGrJsYLsksdojfkwYrL3qGSk5iX7FGuo7N9iPds7SbkRczbUk3wb","remainingTokenRaw":"0","walletSol":0.45314255}
{"at":"2026-10-03T21:19:33.361Z","event":"complete","buySignature":"5oTsHv5bjvLuHQPUiFGBcZvAskyTt1YUQZVQXGv8b22usJjyk88vox6qjH8JExTu6RovDJWhvCD4NLcpzrdx19Yw","qualifyingFinalizedBuys":3,"finalWalletLamports":453142550}
