bigint: Failed to load bindings, pure JS will be used (try npm run rebuild?)
{"at":"2026-10-03T21:19:39.577Z","event":"sniff_started","maxTokens":15,"timeoutSeconds":120}
{"at":"2026-10-03T21:19:54.249Z","event":"pumpfun_create","index":1,"mint":"GvgzAV3Tghi7w7DDw94yvJsX62E4NMbcc3yJZb5hpump","signature":"3HVbrisdv2XZcRrhVbFLEhq5ShWnzpRVr2vR2ffQFDbGnv23cpm9SFvSVZztyFVNgCaLNmXGi77wVQk3A2xBUg84","slot":453052557,"suffixBytes":9}
{"at":"2026-10-03T21:19:54.770Z","event":"pumpfun_create","index":2,"mint":"A2rUhxEvGRp4bFsGDm8pnydn6WsyEnirsWbubktfpump","signature":"5G2MLfggfka5de8wLQTB3hD1bum7ezduM7TdhDnUdvBTdkk1LscV3Mp4Dv8eT2mwSoWTyoV4ihD8xekKo7Bnh6j3","slot":453052559,"suffixBytes":9}
{"at":"2026-10-03T21:19:55.388Z","event":"pumpfun_create","index":3,"mint":"5ki9TU5zag9eNeZn16xrxBrqukb4zsCjzRh3xzDRpump","signature":"4rnjcAKZ4Xr1gq77sEofHb9Y4GemjVdvzLkLcNCqcDKjfk3qrdwkiF6tr2rmiBfLeLZogYHLp464X8nwTme7hfT5","slot":453052560,"suffixBytes":9}
{"at":"2026-10-03T21:19:57.407Z","event":"pumpfun_create","index":4,"mint":"8zZdmM82u7Bx2A4VFKVUfT5Ky9dPbQw6Raageb7Qhfy4","signature":"26PLfJRh2dix9UGf81LxHEUS2n2fEFH2KCHhpE7KDRrjMnqGLqDMQsdgFadz2XahXw4pMVrfVAKNoVtiPo4R838p","slot":453052568,"suffixBytes":9}
{"at":"2026-10-03T21:19:58.205Z","event":"pumpfun_create","index":5,"mint":"G26ZG9y62J9Y5YJjRKnESYK4WpxHrTKtfisnYvMpump","signature":"27RV3qrBim1jyv1N9vAZq7NP9kt9DTKXsqnPT1obKavbLXmcBHz9JNDKK2zqCiEccCJDzwrtc3qjF4eLDqLSqpLv","slot":453052571,"suffixBytes":9}
{"at":"2026-10-03T21:19:58.426Z","event":"pumpfun_create","index":6,"mint":"AF3yf6byBLHVUjBhvUZw8kqZJ9yh5pihwsTZkARUpump","signature":"5MDaRQTT1EvFyzpLAeyLbWYnfvTzvkUCTrHLnh1g15gGwESBcfe38ViWMitGdJ6CMwtZgAk487sopRVJCRRLb3HS","slot":453052572,"suffixBytes":9}
{"at":"2026-10-03T21:20:00.675Z","event":"pumpfun_create","index":7,"mint":"2Kx3Zsq7fovujh1Yf4NWxGSq9Ygn8yCvJrYDt6tqDfgS","signature":"3t6P4i7rLgeEBKuSAgTTRDQcZi9qbJtCaNmVzfnw6audmAKUMnNaDV2Gpq3UTjxgZDwLFEuPM3e54WSxZWEXLAVw","slot":453052580,"suffixBytes":9}
{"at":"2026-10-03T21:20:04.053Z","event":"pumpfun_create","index":8,"mint":"5MRie2wX1gEQynz1szxBsPYeL8iD9vfvM77gVhfLzrpf","signature":"58khTWWASCiXFRKzCy9sVkyHwQ9QyFEaEdmZBo7eqTr8uj8ojaCby8yQx8Rt61GYH82UuMu1J7TPLZyq2b3XK9zC","slot":453052592,"suffixBytes":9}
{"at":"2026-10-03T21:20:04.835Z","event":"pumpfun_create","index":9,"mint":"9DpMHRwjgpFJfWxBgz6RUXn3dLUYLMeyRUYuTp1b4sEn","signature":"4xnBZ2gETcLe3FkLkEQf2meqAofwTdc7LyYozuekTVDqh11GCzSWjM4CH62D4pk4edYD1dnnkv2aNbz9oQQ6VUVD","slot":453052595,"suffixBytes":9}
{"at":"2026-10-03T21:20:05.631Z","event":"pumpfun_create","index":10,"mint":"Aj8sXXbFYf5uoDHDVUu3N5xaPtnM9UhmwBodm81dpump","signature":"4F2TcThyHGwpZrYUcL6WL3Tp32cMmK2UwacaYLeHc8FXHH3DskXQfZEDieXWtf5mGJimbxM7UC143Dat6FjE7zqa","slot":453052599,"suffixBytes":9}
{"at":"2026-10-03T21:20:08.766Z","event":"pumpfun_create","index":11,"mint":"BqVcTZhMDWgEpaqnGCTwUY7Cn8QMnE9yr2HPsoo2pump","signature":"4m6RsNFDUVDsKhUpbjggq1EX6AQMGdtkCrpx4eCuT3k8e2RNqHTLRxti44A9X4Udd7XQhkjdHjXb8dfSVBrFLQ8w","slot":453052611,"suffixBytes":9}
{"at":"2026-10-03T21:20:11.333Z","event":"pumpfun_create","index":12,"mint":"DQZaUVzCSddxZb6769993R2zZnz8r3cXBM6mdSAkpump","signature":"FPxMmjqCida4f6qQpwPzZ627Xw5BtBiL7BUVqFzHPkucwh26Q1XcaEe4aWA74Gbaiu6rMtJy9wpfNp65gmvSdLt","slot":453052620,"suffixBytes":9}
{"at":"2026-10-03T21:20:12.648Z","event":"pumpfun_create","index":13,"mint":"AMnjENjVqd7EMxmMKrsWq688fDvhZ182K1JC2tignyai","signature":"3UGgdDp2GRXQ1VnzKL8mg5HSKcWkPTTaGZiK2RhpJceFDhoevNa21aksHSkYtA6FZf9qrzRm4MWP3BHgCatdXNsj","slot":453052625,"suffixBytes":9}
{"at":"2026-10-03T21:20:14.607Z","event":"pumpfun_create","index":14,"mint":"2rWJB1hemNBvJe1pR6mGbK71umDREydEf8x1KxSJemgh","signature":"xpH369bvdoVT1FkAXJCYjo8W19fmoCa2rur6bmRyau6vEX7RueaVQVeLiKe3fzS3hWVJmztyF6xwkGYoFk7VBVp","slot":453052633,"suffixBytes":9}
{"at":"2026-10-03T21:20:15.887Z","event":"pumpfun_create","index":15,"mint":"xEEBaE1V7HjNXdi3V1AXpcxDqxXrtp4Fhr4e8PEQvyX","signature":"4wY48ZmwM1RhGmyHNC5bEX3aG8h549c3cP7zY3CizdzPqA4mLXzQ6XTgELcxzSjE97bBE5fNa6WNCYWk3RPUT9Fx","slot":453052638,"suffixBytes":9}
{"at":"2026-10-03T21:20:16.194Z","event":"sniff_stopped","count":15,"reason":"limit_15"}
{"at":"2026-10-03T21:20:16.407Z","event":"candidate","index":1,"mint":"GvgzAV3Tghi7w7DDw94yvJsX62E4NMbcc3yJZb5hpump","creationFinalized":true,"mintOwner":"TokenzQdBNbLqP5VEhdkAS6EPFLC1PHnBqCXEpPxuEb","quoteMint":"11111111111111111111111111111111","mayhem":true,"complete":false,"realQuoteLamports":"476937707","realTokenRaw":"778109082750686","error":null}
{"at":"2026-10-03T21:20:16.499Z","event":"candidate","index":2,"mint":"A2rUhxEvGRp4bFsGDm8pnydn6WsyEnirsWbubktfpump","creationFinalized":true,"mintOwner":"TokenzQdBNbLqP5VEhdkAS6EPFLC1PHnBqCXEpPxuEb","quoteMint":"11111111111111111111111111111111","mayhem":false,"complete":false,"realQuoteLamports":"142663970","realTokenRaw":"788021535966471","error":null}
{"at":"2026-10-03T21:20:16.587Z","event":"candidate","index":3,"mint":"5ki9TU5zag9eNeZn16xrxBrqukb4zsCjzRh3xzDRpump","creationFinalized":true,"mintOwner":"TokenzQdBNbLqP5VEhdkAS6EPFLC1PHnBqCXEpPxuEb","quoteMint":"11111111111111111111111111111111","mayhem":false,"complete":false,"realQuoteLamports":"10041184340","realTokenRaw":"524022275580222","error":null}
{"at":"2026-10-03T21:20:16.674Z","event":"candidate","index":4,"mint":"8zZdmM82u7Bx2A4VFKVUfT5Ky9dPbQw6Raageb7Qhfy4","creationFinalized":true,"mintOwner":"TokenzQdBNbLqP5VEhdkAS6EPFLC1PHnBqCXEpPxuEb","quoteMint":"11111111111111111111111111111111","mayhem":false,"complete":false,"realQuoteLamports":"1","realTokenRaw":"793100000000000","error":null}
{"at":"2026-10-03T21:20:16.778Z","event":"candidate","index":5,"mint":"G26ZG9y62J9Y5YJjRKnESYK4WpxHrTKtfisnYvMpump","creationFinalized":true,"mintOwner":"TokenzQdBNbLqP5VEhdkAS6EPFLC1PHnBqCXEpPxuEb","quoteMint":"11111111111111111111111111111111","mayhem":false,"complete":false,"realQuoteLamports":"4729809795","realTokenRaw":"646969458721399","error":null}
{"at":"2026-10-03T21:20:16.879Z","event":"candidate","index":6,"mint":"AF3yf6byBLHVUjBhvUZw8kqZJ9yh5pihwsTZkARUpump","creationFinalized":true,"mintOwner":"TokenzQdBNbLqP5VEhdkAS6EPFLC1PHnBqCXEpPxuEb","quoteMint":"11111111111111111111111111111111","mayhem":false,"complete":false,"realQuoteLamports":"0","realTokenRaw":"793100000000000","error":null}
{"at":"2026-10-03T21:20:16.971Z","event":"candidate","index":7,"mint":"2Kx3Zsq7fovujh1Yf4NWxGSq9Ygn8yCvJrYDt6tqDfgS","creationFinalized":true,"mintOwner":"TokenzQdBNbLqP5VEhdkAS6EPFLC1PHnBqCXEpPxuEb","quoteMint":"11111111111111111111111111111111","mayhem":false,"complete":false,"realQuoteLamports":"1","realTokenRaw":"793100000000000","error":null}
{"at":"2026-10-03T21:20:17.123Z","event":"candidate","index":8,"mint":"5MRie2wX1gEQynz1szxBsPYeL8iD9vfvM77gVhfLzrpf","creationFinalized":true,"mintOwner":"TokenzQdBNbLqP5VEhdkAS6EPFLC1PHnBqCXEpPxuEb","quoteMint":"11111111111111111111111111111111","mayhem":false,"complete":false,"realQuoteLamports":"3522699895","realTokenRaw":"680344852342887","error":null}
{"at":"2026-10-03T21:20:17.211Z","event":"candidate","index":9,"mint":"9DpMHRwjgpFJfWxBgz6RUXn3dLUYLMeyRUYuTp1b4sEn","creationFinalized":true,"mintOwner":"TokenzQdBNbLqP5VEhdkAS6EPFLC1PHnBqCXEpPxuEb","quoteMint":"XsoCS1TfEyfFhfvj8EtZ528L3CaKBDBRqRapnBbDF2W","mayhem":false,"complete":false,"realQuoteLamports":"0","realTokenRaw":"793100000000000","error":null}
{"at":"2026-10-03T21:20:17.287Z","event":"candidate","index":10,"mint":"Aj8sXXbFYf5uoDHDVUu3N5xaPtnM9UhmwBodm81dpump","creationFinalized":true,"mintOwner":"TokenzQdBNbLqP5VEhdkAS6EPFLC1PHnBqCXEpPxuEb","quoteMint":"11111111111111111111111111111111","mayhem":false,"complete":false,"realQuoteLamports":"1043150198","realTokenRaw":"757043731410057","error":null}
{"at":"2026-10-03T21:20:17.378Z","event":"candidate","index":11,"mint":"BqVcTZhMDWgEpaqnGCTwUY7Cn8QMnE9yr2HPsoo2pump","creationFinalized":true,"mintOwner":"TokenzQdBNbLqP5VEhdkAS6EPFLC1PHnBqCXEpPxuEb","quoteMint":"11111111111111111111111111111111","mayhem":false,"complete":false,"realQuoteLamports":"38512673","realTokenRaw":"791724296143858","error":null}
{"at":"2026-10-03T21:20:19.631Z","event":"candidate","index":12,"mint":"DQZaUVzCSddxZb6769993R2zZnz8r3cXBM6mdSAkpump","creationFinalized":true,"mintOwner":"TokenzQdBNbLqP5VEhdkAS6EPFLC1PHnBqCXEpPxuEb","quoteMint":"11111111111111111111111111111111","mayhem":false,"complete":false,"realQuoteLamports":"391059612","realTokenRaw":"779293078880343","error":null}
{"at":"2026-10-03T21:20:20.768Z","event":"candidate","index":13,"mint":"AMnjENjVqd7EMxmMKrsWq688fDvhZ182K1JC2tignyai","creationFinalized":true,"mintOwner":"TokenzQdBNbLqP5VEhdkAS6EPFLC1PHnBqCXEpPxuEb","quoteMint":"11111111111111111111111111111111","mayhem":false,"complete":false,"realQuoteLamports":"310861288","realTokenRaw":"782095556554176","error":null}
{"at":"2026-10-03T21:20:22.946Z","event":"candidate","index":14,"mint":"2rWJB1hemNBvJe1pR6mGbK71umDREydEf8x1KxSJemgh","creationFinalized":true,"mintOwner":"TokenzQdBNbLqP5VEhdkAS6EPFLC1PHnBqCXEpPxuEb","quoteMint":"J8PSdNP3QewKq2Z1JJJFDMaqF7KcaiJhR7gbr5KZpump","mayhem":false,"complete":false,"realQuoteLamports":"124945042615","realTokenRaw":"599482820879381","error":null}
{"at":"2026-10-03T21:20:25.142Z","event":"candidate","index":15,"mint":"xEEBaE1V7HjNXdi3V1AXpcxDqxXrtp4Fhr4e8PEQvyX","creationFinalized":true,"mintOwner":"TokenzQdBNbLqP5VEhdkAS6EPFLC1PHnBqCXEpPxuEb","quoteMint":"11111111111111111111111111111111","mayhem":false,"complete":false,"realQuoteLamports":"4964288163","realTokenRaw":"640753664016642","error":null}
{"at":"2026-10-03T21:20:25.143Z","event":"activity_started","seconds":45}
