bigint: Failed to load bindings, pure JS will be used (try npm run rebuild?)
{"at":"2026-10-04T06:17:06.633Z","event":"preflight","mint":"CGN5pk1m6Xg6geGtNjUvV7VWJTU81bYheEr1YxDSpump","wallet":"2LvenbX1TdhX8EbxGBmcZYiXuZFN4utA8QZY1UgGXwmZ","initialWalletLamports":432010121,"krakenSolUsdt":120.9,"maxBuyLamports":8271298,"targetTokenRaw":"217623543433","expectedBuyLamports":"8023159","immediateSellQuoteLamports":"7821432","targetProfitUsdt":"0.01","targetProfitLamports":"82713","sellNetworkFeeReserveLamports":"50000","curveRealQuoteLamports":"4232012213","extensions":[18,19]}
{"at":"2026-10-04T06:17:06.636Z","event":"building_buy_instructions"}
{"at":"2026-10-04T06:17:06.644Z","event":"buy_instructions_built","count":2}
{"at":"2026-10-04T06:17:06.731Z","event":"buy_simulation","err":null,"unitsConsumed":104358}
{"at":"2026-10-04T06:17:06.777Z","event":"buy_submitted","signature":"4kYfsS2TdLqU7uXKsET4unWSJ7t8f1vL4B5bSWPPLt1JweGR7QpNWoVYyDfXKa5ZfMrvBjUCwaz2zKzCTN5JGycR"}
{"at":"2026-10-04T06:17:08.972Z","event":"buy_confirmed","signature":"4kYfsS2TdLqU7uXKsET4unWSJ7t8f1vL4B5bSWPPLt1JweGR7QpNWoVYyDfXKa5ZfMrvBjUCwaz2zKzCTN5JGycR","slot":453173168,"feeLamports":45000,"walletBalanceBeforeLamports":432010121,"walletBalanceAfterLamports":422531814,"actualTradeSolLamports":"7821694"}
{"at":"2026-10-04T06:17:09.050Z","event":"position_open","signature":"4kYfsS2TdLqU7uXKsET4unWSJ7t8f1vL4B5bSWPPLt1JweGR7QpNWoVYyDfXKa5ZfMrvBjUCwaz2zKzCTN5JGycR","slot":453173168,"tokenRaw":"217623543433","buySolLamports":"7821694","buyEconomicCostLamports":"7964467","tokenAccountRentLamports":1513840,"requiredSellQuoteLamports":"8097180","walletSol":0.422531814}
{"at":"2026-10-04T06:17:09.167Z","event":"price_progress","elapsedSeconds":0,"expectedSellQuoteLamports":"7703418","expectedNetProfitLamports":"-311049","targetProfitLamports":"82713","requiredSellQuoteLamports":"8097180"}
{"at":"2026-10-04T06:17:14.299Z","event":"price_progress","elapsedSeconds":5,"expectedSellQuoteLamports":"7432642","expectedNetProfitLamports":"-581825","targetProfitLamports":"82713","requiredSellQuoteLamports":"8097180"}
{"at":"2026-10-04T06:17:19.459Z","event":"price_progress","elapsedSeconds":10,"expectedSellQuoteLamports":"7432642","expectedNetProfitLamports":"-581825","targetProfitLamports":"82713","requiredSellQuoteLamports":"8097180"}
{"at":"2026-10-04T06:17:24.653Z","event":"price_progress","elapsedSeconds":16,"expectedSellQuoteLamports":"6671117","expectedNetProfitLamports":"-1343350","targetProfitLamports":"82713","requiredSellQuoteLamports":"8097180"}
{"at":"2026-10-04T06:17:29.775Z","event":"price_progress","elapsedSeconds":21,"expectedSellQuoteLamports":"6639198","expectedNetProfitLamports":"-1375269","targetProfitLamports":"82713","requiredSellQuoteLamports":"8097180"}
{"at":"2026-10-04T06:17:34.914Z","event":"price_progress","elapsedSeconds":26,"expectedSellQuoteLamports":"6984968","expectedNetProfitLamports":"-1029499","targetProfitLamports":"82713","requiredSellQuoteLamports":"8097180"}
{"at":"2026-10-04T06:17:40.107Z","event":"price_progress","elapsedSeconds":31,"expectedSellQuoteLamports":"6876730","expectedNetProfitLamports":"-1137737","targetProfitLamports":"82713","requiredSellQuoteLamports":"8097180"}
{"at":"2026-10-04T06:17:45.261Z","event":"price_progress","elapsedSeconds":36,"expectedSellQuoteLamports":"6876730","expectedNetProfitLamports":"-1137737","targetProfitLamports":"82713","requiredSellQuoteLamports":"8097180"}
{"at":"2026-10-04T06:17:50.440Z","event":"price_progress","elapsedSeconds":41,"expectedSellQuoteLamports":"6876730","expectedNetProfitLamports":"-1137737","targetProfitLamports":"82713","requiredSellQuoteLamports":"8097180"}
{"at":"2026-10-04T06:17:55.568Z","event":"price_progress","elapsedSeconds":47,"expectedSellQuoteLamports":"6876730","expectedNetProfitLamports":"-1137737","targetProfitLamports":"82713","requiredSellQuoteLamports":"8097180"}
{"at":"2026-10-04T06:18:00.704Z","event":"price_progress","elapsedSeconds":52,"expectedSellQuoteLamports":"6011346","expectedNetProfitLamports":"-2003121","targetProfitLamports":"82713","requiredSellQuoteLamports":"8097180"}
{"at":"2026-10-04T06:18:05.887Z","event":"price_progress","elapsedSeconds":57,"expectedSellQuoteLamports":"6011346","expectedNetProfitLamports":"-2003121","targetProfitLamports":"82713","requiredSellQuoteLamports":"8097180"}
{"at":"2026-10-04T06:18:11.020Z","event":"price_progress","elapsedSeconds":62,"expectedSellQuoteLamports":"6011346","expectedNetProfitLamports":"-2003121","targetProfitLamports":"82713","requiredSellQuoteLamports":"8097180"}
{"at":"2026-10-04T06:18:16.210Z","event":"price_progress","elapsedSeconds":67,"expectedSellQuoteLamports":"6011346","expectedNetProfitLamports":"-2003121","targetProfitLamports":"82713","requiredSellQuoteLamports":"8097180"}
{"at":"2026-10-04T06:18:21.470Z","event":"price_progress","elapsedSeconds":72,"expectedSellQuoteLamports":"6011346","expectedNetProfitLamports":"-2003121","targetProfitLamports":"82713","requiredSellQuoteLamports":"8097180"}
{"at":"2026-10-04T06:18:26.604Z","event":"price_progress","elapsedSeconds":78,"expectedSellQuoteLamports":"6011346","expectedNetProfitLamports":"-2003121","targetProfitLamports":"82713","requiredSellQuoteLamports":"8097180"}
{"at":"2026-10-04T06:18:31.785Z","event":"price_progress","elapsedSeconds":83,"expectedSellQuoteLamports":"6011346","expectedNetProfitLamports":"-2003121","targetProfitLamports":"82713","requiredSellQuoteLamports":"8097180"}
{"at":"2026-10-04T06:18:36.990Z","event":"price_progress","elapsedSeconds":88,"expectedSellQuoteLamports":"6011346","expectedNetProfitLamports":"-2003121","targetProfitLamports":"82713","requiredSellQuoteLamports":"8097180"}
{"at":"2026-10-04T06:18:42.163Z","event":"price_progress","elapsedSeconds":93,"expectedSellQuoteLamports":"6011346","expectedNetProfitLamports":"-2003121","targetProfitLamports":"82713","requiredSellQuoteLamports":"8097180"}
{"at":"2026-10-04T06:18:47.341Z","event":"price_progress","elapsedSeconds":98,"expectedSellQuoteLamports":"6011346","expectedNetProfitLamports":"-2003121","targetProfitLamports":"82713","requiredSellQuoteLamports":"8097180"}
{"at":"2026-10-04T06:18:52.478Z","event":"price_progress","elapsedSeconds":103,"expectedSellQuoteLamports":"6011346","expectedNetProfitLamports":"-2003121","targetProfitLamports":"82713","requiredSellQuoteLamports":"8097180"}
{"at":"2026-10-04T06:18:57.616Z","event":"price_progress","elapsedSeconds":109,"expectedSellQuoteLamports":"6011346","expectedNetProfitLamports":"-2003121","targetProfitLamports":"82713","requiredSellQuoteLamports":"8097180"}
{"at":"2026-10-04T06:19:02.753Z","event":"price_progress","elapsedSeconds":114,"expectedSellQuoteLamports":"6011346","expectedNetProfitLamports":"-2003121","targetProfitLamports":"82713","requiredSellQuoteLamports":"8097180"}
{"at":"2026-10-04T06:19:07.882Z","event":"price_progress","elapsedSeconds":119,"expectedSellQuoteLamports":"6011346","expectedNetProfitLamports":"-2003121","targetProfitLamports":"82713","requiredSellQuoteLamports":"8097180"}
{"at":"2026-10-04T06:19:13.047Z","event":"price_progress","elapsedSeconds":124,"expectedSellQuoteLamports":"6011346","expectedNetProfitLamports":"-2003121","targetProfitLamports":"82713","requiredSellQuoteLamports":"8097180"}
{"at":"2026-10-04T06:19:18.201Z","event":"price_progress","elapsedSeconds":129,"expectedSellQuoteLamports":"6011346","expectedNetProfitLamports":"-2003121","targetProfitLamports":"82713","requiredSellQuoteLamports":"8097180"}
{"at":"2026-10-04T06:19:23.387Z","event":"price_progress","elapsedSeconds":134,"expectedSellQuoteLamports":"6011346","expectedNetProfitLamports":"-2003121","targetProfitLamports":"82713","requiredSellQuoteLamports":"8097180"}
{"at":"2026-10-04T06:19:28.522Z","event":"price_progress","elapsedSeconds":139,"expectedSellQuoteLamports":"6011346","expectedNetProfitLamports":"-2003121","targetProfitLamports":"82713","requiredSellQuoteLamports":"8097180"}
{"at":"2026-10-04T06:19:33.697Z","event":"price_progress","elapsedSeconds":145,"expectedSellQuoteLamports":"6011346","expectedNetProfitLamports":"-2003121","targetProfitLamports":"82713","requiredSellQuoteLamports":"8097180"}
{"at":"2026-10-04T06:19:38.886Z","event":"price_progress","elapsedSeconds":150,"expectedSellQuoteLamports":"6011346","expectedNetProfitLamports":"-2003121","targetProfitLamports":"82713","requiredSellQuoteLamports":"8097180"}
{"at":"2026-10-04T06:19:44.047Z","event":"price_progress","elapsedSeconds":155,"expectedSellQuoteLamports":"6011346","expectedNetProfitLamports":"-2003121","targetProfitLamports":"82713","requiredSellQuoteLamports":"8097180"}
{"at":"2026-10-04T06:19:49.261Z","event":"price_progress","elapsedSeconds":160,"expectedSellQuoteLamports":"6011346","expectedNetProfitLamports":"-2003121","targetProfitLamports":"82713","requiredSellQuoteLamports":"8097180"}
{"at":"2026-10-04T06:19:54.415Z","event":"price_progress","elapsedSeconds":165,"expectedSellQuoteLamports":"6011346","expectedNetProfitLamports":"-2003121","targetProfitLamports":"82713","requiredSellQuoteLamports":"8097180"}
{"at":"2026-10-04T06:19:59.547Z","event":"price_progress","elapsedSeconds":170,"expectedSellQuoteLamports":"6011346","expectedNetProfitLamports":"-2003121","targetProfitLamports":"82713","requiredSellQuoteLamports":"8097180"}
{"at":"2026-10-04T06:20:04.700Z","event":"price_progress","elapsedSeconds":176,"expectedSellQuoteLamports":"6011346","expectedNetProfitLamports":"-2003121","targetProfitLamports":"82713","requiredSellQuoteLamports":"8097180"}
{"at":"2026-10-04T06:20:09.902Z","event":"price_progress","elapsedSeconds":181,"expectedSellQuoteLamports":"6011346","expectedNetProfitLamports":"-2003121","targetProfitLamports":"82713","requiredSellQuoteLamports":"8097180"}
{"at":"2026-10-04T06:20:15.100Z","event":"price_progress","elapsedSeconds":186,"expectedSellQuoteLamports":"6011346","expectedNetProfitLamports":"-2003121","targetProfitLamports":"82713","requiredSellQuoteLamports":"8097180"}
{"at":"2026-10-04T06:20:20.231Z","event":"price_progress","elapsedSeconds":191,"expectedSellQuoteLamports":"6011346","expectedNetProfitLamports":"-2003121","targetProfitLamports":"82713","requiredSellQuoteLamports":"8097180"}
{"at":"2026-10-04T06:20:25.408Z","event":"price_progress","elapsedSeconds":196,"expectedSellQuoteLamports":"6011346","expectedNetProfitLamports":"-2003121","targetProfitLamports":"82713","requiredSellQuoteLamports":"8097180"}
{"at":"2026-10-04T06:20:30.589Z","event":"price_progress","elapsedSeconds":202,"expectedSellQuoteLamports":"6011346","expectedNetProfitLamports":"-2003121","targetProfitLamports":"82713","requiredSellQuoteLamports":"8097180"}
{"at":"2026-10-04T06:20:35.762Z","event":"price_progress","elapsedSeconds":207,"expectedSellQuoteLamports":"6011346","expectedNetProfitLamports":"-2003121","targetProfitLamports":"82713","requiredSellQuoteLamports":"8097180"}
{"at":"2026-10-04T06:20:40.965Z","event":"price_progress","elapsedSeconds":212,"expectedSellQuoteLamports":"6011346","expectedNetProfitLamports":"-2003121","targetProfitLamports":"82713","requiredSellQuoteLamports":"8097180"}
{"at":"2026-10-04T06:20:46.164Z","event":"price_progress","elapsedSeconds":217,"expectedSellQuoteLamports":"6011346","expectedNetProfitLamports":"-2003121","targetProfitLamports":"82713","requiredSellQuoteLamports":"8097180"}
{"at":"2026-10-04T06:20:51.314Z","event":"price_progress","elapsedSeconds":222,"expectedSellQuoteLamports":"6011346","expectedNetProfitLamports":"-2003121","targetProfitLamports":"82713","requiredSellQuoteLamports":"8097180"}
{"at":"2026-10-04T06:20:56.462Z","event":"price_progress","elapsedSeconds":227,"expectedSellQuoteLamports":"6011346","expectedNetProfitLamports":"-2003121","targetProfitLamports":"82713","requiredSellQuoteLamports":"8097180"}
{"at":"2026-10-04T06:21:01.603Z","event":"price_progress","elapsedSeconds":233,"expectedSellQuoteLamports":"6011346","expectedNetProfitLamports":"-2003121","targetProfitLamports":"82713","requiredSellQuoteLamports":"8097180"}
{"at":"2026-10-04T06:21:06.741Z","event":"price_progress","elapsedSeconds":238,"expectedSellQuoteLamports":"6011346","expectedNetProfitLamports":"-2003121","targetProfitLamports":"82713","requiredSellQuoteLamports":"8097180"}
{"at":"2026-10-04T06:21:11.877Z","event":"price_progress","elapsedSeconds":243,"expectedSellQuoteLamports":"6011346","expectedNetProfitLamports":"-2003121","targetProfitLamports":"82713","requiredSellQuoteLamports":"8097180"}
{"at":"2026-10-04T06:21:17.054Z","event":"price_progress","elapsedSeconds":248,"expectedSellQuoteLamports":"6011346","expectedNetProfitLamports":"-2003121","targetProfitLamports":"82713","requiredSellQuoteLamports":"8097180"}
{"at":"2026-10-04T06:21:22.237Z","event":"price_progress","elapsedSeconds":253,"expectedSellQuoteLamports":"6011934","expectedNetProfitLamports":"-2002533","targetProfitLamports":"82713","requiredSellQuoteLamports":"8097180"}
{"at":"2026-10-04T06:21:27.419Z","event":"price_progress","elapsedSeconds":258,"expectedSellQuoteLamports":"6011934","expectedNetProfitLamports":"-2002533","targetProfitLamports":"82713","requiredSellQuoteLamports":"8097180"}
{"at":"2026-10-04T06:21:32.609Z","event":"price_progress","elapsedSeconds":264,"expectedSellQuoteLamports":"6011934","expectedNetProfitLamports":"-2002533","targetProfitLamports":"82713","requiredSellQuoteLamports":"8097180"}
{"at":"2026-10-04T06:21:37.738Z","event":"price_progress","elapsedSeconds":269,"expectedSellQuoteLamports":"6011934","expectedNetProfitLamports":"-2002533","targetProfitLamports":"82713","requiredSellQuoteLamports":"8097180"}
{"at":"2026-10-04T06:21:42.883Z","event":"price_progress","elapsedSeconds":274,"expectedSellQuoteLamports":"6011934","expectedNetProfitLamports":"-2002533","targetProfitLamports":"82713","requiredSellQuoteLamports":"8097180"}
{"at":"2026-10-04T06:21:48.077Z","event":"price_progress","elapsedSeconds":279,"expectedSellQuoteLamports":"6011934","expectedNetProfitLamports":"-2002533","targetProfitLamports":"82713","requiredSellQuoteLamports":"8097180"}
{"at":"2026-10-04T06:21:53.261Z","event":"price_progress","elapsedSeconds":284,"expectedSellQuoteLamports":"6011934","expectedNetProfitLamports":"-2002533","targetProfitLamports":"82713","requiredSellQuoteLamports":"8097180"}
{"at":"2026-10-04T06:21:58.404Z","event":"price_progress","elapsedSeconds":289,"expectedSellQuoteLamports":"6011934","expectedNetProfitLamports":"-2002533","targetProfitLamports":"82713","requiredSellQuoteLamports":"8097180"}
{"at":"2026-10-04T06:22:03.534Z","event":"price_progress","elapsedSeconds":294,"expectedSellQuoteLamports":"6011934","expectedNetProfitLamports":"-2002533","targetProfitLamports":"82713","requiredSellQuoteLamports":"8097180"}
{"at":"2026-10-04T06:22:08.676Z","event":"price_progress","elapsedSeconds":300,"expectedSellQuoteLamports":"6011934","expectedNetProfitLamports":"-2002533","targetProfitLamports":"82713","requiredSellQuoteLamports":"8097180"}
{"at":"2026-10-04T06:22:13.679Z","event":"sell_started","reason":"max_hold_5_minutes","requiredMinimumLamports":null}
{"at":"2026-10-04T06:22:13.850Z","event":"sell_quote","attempt":1,"tokenRaw":"217623543433","expectedLamports":"6011934","minimumLamports":"5410740","curveRealQuoteLamports":"11673912"}
{"at":"2026-10-04T06:22:13.923Z","event":"sell_simulation","err":null,"unitsConsumed":74849}
{"at":"2026-10-04T06:22:13.965Z","event":"sell_submitted","signature":"2C5Mn6vLuPhqQpRhkScjwqmxXk3n48KbrNSe5bQW1LFuo4dVPxvvxkqRaYtiowsABnUUaw411WLoPM68xtKCs1cU"}
{"at":"2026-10-04T06:22:16.135Z","event":"sell_confirmed","signature":"2C5Mn6vLuPhqQpRhkScjwqmxXk3n48KbrNSe5bQW1LFuo4dVPxvvxkqRaYtiowsABnUUaw411WLoPM68xtKCs1cU","slot":453174321,"feeLamports":45000,"walletBalanceBeforeLamports":422531814,"walletBalanceAfterLamports":428498748,"actualTradeSolLamports":null}
{"at":"2026-10-04T06:22:16.221Z","event":"sell_result","signature":"2C5Mn6vLuPhqQpRhkScjwqmxXk3n48KbrNSe5bQW1LFuo4dVPxvvxkqRaYtiowsABnUUaw411WLoPM68xtKCs1cU","remainingTokenRaw":"0","walletSol":0.428498748}
{"at":"2026-10-04T06:22:16.266Z","event":"complete","buySignature":"4kYfsS2TdLqU7uXKsET4unWSJ7t8f1vL4B5bSWPPLt1JweGR7QpNWoVYyDfXKa5ZfMrvBjUCwaz2zKzCTN5JGycR","exitReason":"max_hold_5_minutes","finalWalletLamports":428498748}
